vbe: Initialising...
vbe: Version: 3.0
vbe: OEM: SeaBIOS VBE(C) 2011
vbe: Graphics vendor: SeaBIOS Developers
vbe: Product name: SeaBIOS VBE Adapter
vbe: Product revision: Rev. 1
edid: Success.
vbe: EDID detected screen resolution of 1280x800
vbe: Found matching mode 0x17a, attempting to set...
vbe: Framebuffer address: 0xfd000000
edid: Success.
limine: Loading executable `boot():/boot/kernel`...
limine: Physical base:   0x5e3d8000
limine: Virtual base:    0xffffffff80000000
limine: Slide:           0x0
limine: ELF entry point: 0xffffffff8005fca0
limine: Base revision:   6
limine: Requests count:  7
limine: Top of HHDM:     0x80000000
acpi: Found RSDP at 0xf52c0
limine: Loading module `boot():/boot/libflutter_engine.so`...
vbe: Initialising...
vbe: Version: 3.0
vbe: OEM: SeaBIOS VBE(C) 2011
vbe: Graphics vendor: SeaBIOS Developers
vbe: Product name: SeaBIOS VBE Adapter
vbe: Product revision: Rev. 1
edid: Success.
vbe: EDID detected screen resolution of 1280x800
vbe: Found matching mode 0x17a, attempting to set...
vbe: Mode was already set, perfect!
vbe: Framebuffer address: 0xfd000000
edid: Success.
acpi: Found RSDP at 0xf52c0
acpi: Found RSDP at 0xf52c0
acpi: Found "FACP" at 0x7ffe216f
acpi: Found SMBIOS 32-bit entry point at 0xf52e0
paging: 1GiB pages are not supported!
acpi: Found RSDP at 0xf52c0
acpi: Found "APIC" at 0x7ffe2263
acpi: Found RSDP at 0xf52c0
acpi: "DMAR" not found
acpi: Found RSDP at 0xf52c0
acpi: "DMAR" not found
acpi: Found RSDP at 0xf52c0
acpi: "DMAR" not found
acpi: Found RSDP at 0xf52c0
acpi: "IVRS" not found
acpi: Found RSDP at 0xf52c0
acpi: Found "APIC" at 0x7ffe2263

[OSCORTEX] kernel_main reached
[OSCORTEX] HHDM offset: 0xffff800000000000
[ARCH] assert_required_features
[ARCH] gdt::init
[ARCH] idt::init
[ARCH] disable_pic
[ARCH] apic::init_bsp
[APIC] x2APIC online — timer armed (vec 0x30)
[ARCH] cpu::enable_fpu_simd
[ARCH] syscall::init
[ARCH] early_init complete
[OSCORTEX] arch::early_init done
[MM::Paging] Virtual memory manager online (CR3=0x000000007ff67000)
[MM::Heap] init base=0xffff800000100000 phys=0x0000000000100000
[INFO] kernel: Framebuffer: 1280x800 bpp=32 pitch=5120 addr=0xffff8000fd000000
[INFO] kernel: OSCortex kernel 0.1.0 booting...
[INFO] kernel: AI Cortex: ENABLED
[INFO] kernel: [BOOT] Limine module: libflutter_engine.so (95866952 bytes)
[INFO] kernel::drivers::registry: [Drivers] Driver registry initialised
[INFO] kernel::drivers::ps2: [PS/2] controller ready — devices: kbd=true mouse=true
[INFO] kernel::drivers::platform: [Input] PS/2 enabled (QEMU/KVM profile)
[INFO] kernel::mm::paging::x86_64_impl: [MM::Paging] MMIO mapped: phys=0xfebd4000 → virt=0xffff8000febd4000, 16 page(s)
[WARN] kernel::drivers::usb: [USB] XHCI 00:05.0 not halted after reset (USBSTS=0x1) — continuing
[INFO] kernel::drivers::usb: [USB] XHCI ready: 00:05.0 vendor=0x1B36 device=0x000D BAR=0xfebd4000 HCI=0x0100 slots=0 ports=0
[INFO] kernel::drivers::xhci_runtime: [USB] XHCI runtime started
[WARN] kernel::drivers::xhci_runtime: [USB-HID] keyboard enumeration pending (poll on vsync)
[INFO] kernel::drivers::usb: [USB] 1 XHCI controller(s) mapped and reset
[INFO] kernel::cortex::driver_gen: [Cortex::DriverGen] Native driver 'ps2' registered (id=0)
[INFO] kernel::cortex::driver_gen: [Cortex::DriverGen] Native driver 'xhci' registered (id=1)
[INFO] kernel::compositor: [Compositor] online (max_surfaces=32)
[INFO] kernel::sched: [Sched] Scheduler initialised (max_tasks=64, stack=32KiB, slice=5 ticks)
[INFO] kernel::security: [Security] Capability-based security model active
[INFO] kernel::ipc: [IPC] Message-passing subsystem online (cap=16 msgs/proc)
[INFO] kernel::wm: [WM] Event queue online (cap=256)
[INFO] kernel::fs: [VFS] Mounted 'initramfs' at '/'
[INFO] kernel::fs: [VFS] Virtual filesystem initialised
[INFO] kernel::drivers::uart: [UART] COM1 initialised at 115200 8-N-1
[INFO] kernel::cortex::driver_gen: [Cortex::DriverGen] Native driver 'uart' registered (id=2)
[INFO] kernel::drivers::virtio_net: [virtio-net] found at PCI 0:2 io_base=0xc0c0
[INFO] kernel::drivers::virtio_net: [virtio-net] ready — MAC 52:54:00:12:34:56 rx_q=256 tx_q=256 slots=8
[INFO] kernel::drivers::virtio_net: [virtio-net] self-test TX completion OK
[INFO] kernel::drivers::virtio_blk: [virtio-blk] found PCI 00.3 I/O base=0xc000
[INFO] kernel::drivers::virtio_blk: [virtio-blk] ready — 16384 sectors (8 MiB) qsize=256 vring_phys=0x4118000 pages=3
[INFO] kernel::drivers::virtio_blk: [virtio-blk] self-test read/write OK
[INFO] kernel::drivers::nvme: [NVMe] controller BAR0 phys=0xfebd0000
[INFO] kernel::mm::paging::x86_64_impl: [MM::Paging] MMIO mapped: phys=0xfebd0000 → virt=0xffff8000febd0000, 4 page(s)
[ERROR] kernel::drivers::nvme: [NVMe] controller fatal status
[INFO] kernel::cortex::driver_gen: [Cortex::DriverGen] Native driver 'virtio-net' registered (id=3)
[INFO] kernel::cortex::driver_gen: [Cortex::DriverGen] Native driver 'virtio-blk' registered (id=4)
[INFO] kernel::drivers::usb_hid: [USB-HID] WM route OK scancode=0x1e
[INFO] kernel::app_store: [app_store] ready — 0 apps loaded from disk
[INFO] kernel::net: [net] UDP stack online (virtio-net backend)
[INFO] kernel::net::tcp: [smoltcp] TCP/IP stack initialised IP=10.0.2.15
[DEBUG] smoltcp::socket::dhcpv4: DHCP send DISCOVER to 255.255.255.255: Repr { message_type: Discover, transaction_id: 4260165794, secs: 0, client_hardware_address: Address([82, 84, 0, 18, 52, 86]), client_ip: 0.0.0.0, your_ip: 0.0.0.0, server_ip: 0.0.0.0, router: None, subnet_mask: None, relay_agent_ip: 0.0.0.0, broadcast: false, requested_ip: None, client_identifier: Some(Address([82, 84, 0, 18, 52, 86])), server_identifier: None, parameter_request_list: Some([1, 3, 6]), dns_servers: None, max_size: Some([INFO] kernel::net::tcp: [dhcp] deconfigured
[DEBUG] smoltcp::socket::dhcpv4: DHCP recv Offer from 10.0.2.2: Repr { message_type: Offer, transaction_id: 4260165794, secs: 0, client_hardware_address: Address([82, 84, 0, 18, 52, 86]), client_ip: 0.0.0.0, your_ip: 10.0.2.15, server_ip: 10.0.2.2, router: Some(10.0.2.2), subnet_mask: Some(255.255.255.0), relay_agent_ip: 0.0.0.0, broadcast: false, requested_ip: None, client_identifier: None, server_identifier: Some(10.0.2.2), parameter_request_list: None, dns_servers: Some([10.0.2.3]), max_size: None, lease[DEBUG] smoltcp::socket::dhcpv4: DHCP send request to 255.255.255.255: Repr { message_type: Request, transaction_id: 1630584515, secs: 0, client_hardware_address: Address([82, 84, 0, 18, 52, 86]), client_ip: 0.0.0.0, your_ip: 0.0.0.0, server_ip: 0.0.0.0, router: None, subnet_mask: None, relay_agent_ip: 0.0.0.0, broadcast: false, requested_ip: Some(10.0.2.15), client_identifier: Some(Address([82, 84, 0, 18, 52, 86])), server_identifier: Some(10.0.2.2), parameter_request_list: Some([1, 3, 6]), dns_servers: No[DEBUG] smoltcp::socket::dhcpv4: DHCP recv Ack from 10.0.2.2: Repr { message_type: Ack, transaction_id: 1630584515, secs: 0, client_hardware_address: Address([82, 84, 0, 18, 52, 86]), client_ip: 0.0.0.0, your_ip: 10.0.2.15, server_ip: 10.0.2.2, router: Some(10.0.2.2), subnet_mask: Some(255.255.255.0), relay_agent_ip: 0.0.0.0, broadcast: false, requested_ip: None, client_identifier: None, server_identifier: Some(10.0.2.2), parameter_request_list: None, dns_servers: Some([10.0.2.3]), max_size: None, lease_dur[INFO] kernel::net::tcp: [dhcp] ACK ip=10.0.2.15
[INFO] kernel::net: [net] DHCP self-test OK ip=10.0.2.15
[DEBUG] smoltcp::iface::interface: address 10.0.2.2 not in neighbor cache, sending ARP request
[INFO] kernel::net: [net] TCP self-test connect OK (QEMU gateway 10.0.2.2:80)
[INFO] kernel::cortex: [Cortex] Initialising AI runtime...
[INFO] kernel::cortex: [Cortex] Starting inference engine...
[INFO] kernel::cortex::inference: [Cortex::Inference] Model capsule loaded (version=1 kind=0x01 inputs=4 hidden=8 outputs=1)
[INFO] kernel::cortex::inference: [Cortex::Inference] Built-in model capsule loaded — NN inference ACTIVE (4→8→1 i8-quantised)
[INFO] kernel::cortex: [Cortex] Inference OK
[INFO] kernel::cortex: [Cortex] Starting context graph...
[INFO] kernel::cortex::context: [Cortex::Context] Graph initialised (capacity: 4096 nodes, 16384 edges)
[INFO] kernel::cortex: [Cortex] Context OK
[INFO] kernel::cortex: [Cortex] Starting healing...
[INFO] kernel::cortex::healing: [Cortex::Healing] Self-healing watchdog armed
[INFO] kernel::cortex: [Cortex] Healing OK
[INFO] kernel::cortex: [Cortex] Starting driver generation...
[INFO] kernel::cortex::driver_gen: [Cortex::DriverGen] CDP driver registry ready (capacity: 256)
[INFO] kernel::cortex::driver_gen: [Cortex::DriverGen] Driver 'null-driver' loaded via WASM sandbox (id=5)
[INFO] kernel::cortex::driver_gen: [Cortex::DriverGen] Built-in null driver loaded (id=5) — WASM sandbox OK
[INFO] kernel::cortex: [Cortex] Driver gen OK
[INFO] kernel::cortex: [Cortex] Starting PID-0 channel...
[INFO] kernel::cortex::pid0: [Cortex::PID0] PID-0 Cortex API registered on syscall 0x1000-0x100F
[INFO] kernel::cortex: [Cortex] PID-0 OK
[INFO] kernel::cortex::ipc: [Cortex::IPC] Per-core mailbox online (cap=32)
[INFO] kernel::cortex: [Cortex] AI runtime online — self-healing ACTIVE, driver-gen ACTIVE
[INFO] kernel::arch::x86_64::smp: [SMP] No APs — single-core
[DEBUG] kernel::process::elf: [ELF] PT_LOAD vaddr=0x400000 memsz=18682 filesz=18682 ro exec
[DEBUG] kernel::process::elf: [ELF] PT_LOAD vaddr=0x404900 memsz=2880 filesz=2880 ro 
[DEBUG] kernel::process::elf: [ELF] PT_LOAD vaddr=0x406000 memsz=48 filesz=48 rw 
[DEBUG] kernel::process::elf: [ELF] PT_LOAD vaddr=0x406030 memsz=12628 filesz=0 rw 
[INFO] kernel::process::elf: [ELF] Loaded: entry=0x400000
[INFO] kernel::process: [Process] Spawned 'init' pid=1 entry=0x400000 rdi=0x1 rsi=0x0 rdx=0x0 parent=0
[INFO] kernel::sched: [Sched] spawned 'user-init' pid=0 stack=0xffff8000004f0d30
[INFO] kernel::process: [Process] user-init kernel task registered for pid=1
[INFO] kernel: [INIT] Spawned shell host as PID 1
[INFO] kernel: OSCortex kernel init complete — entering Cortex-managed loop
[INFO] kernel::sched: [Sched] registered 'cortex-idle' as task-1 (pid=1)
[INFO] kernel::sched: [Sched] spawned 'cortex-bg' pid=2 stack=0xffff8000004f8d30
[INFO] kernel::arch::x86_64::idt: [APIC TIMER] tick count=0
[INFO] kernel::wm: [push-vsync] #0 frame=1 baton=0x0
[INFO] kernel::cortex: [Cortex::BG] background worker started — scheduler ALIVE
[INFO] kernel::arch::x86_64::idt: [APIC TIMER] tick count=1
[INFO] kernel::arch::x86_64::idt: [APIC TIMER] tick count=2
[INFO] kernel::arch::x86_64::idt: [APIC TIMER] tick count=3
[INFO] kernel::wm: [push-vsync] #1 frame=2 baton=0x0
[INFO] kernel::arch::x86_64::idt: [APIC TIMER] tick count=4
[INFO] kernel::process: [Process] launching userspace pid=1 via SYSRET
[WARN] kernel::syscall::dispatch: [syscall] bootstrapped FS base pid=1 fs=0x7ffffffefdf0 rsp=0x7ffffffefff0
![host] starting
[INFO] kernel::syscall::handlers::engine: [dlopen] Serving libflutter_engine.so from Limine module (95866952 bytes)
[INFO] kernel::process::dl: [dl] rela table sz=1288344 count=53681 applied: REL=53608 _64=1 GLOB=71 JMP=0 other=1 oob=0
[INFO] kernel::process::dl: [dl] rela table sz=7944 count=331 applied: REL=0 _64=0 GLOB=0 JMP=331 other=0 oob=0
[INFO] kernel::process::dl: [DL] Patch2 ~promise<RTB>        @ 0x31a81b0 → ret
[INFO] kernel::process::dl: [DL] Patch6 ~promise<impeller::Context> @ 0x31a8230 → ret
[INFO] kernel::process::dl: [DL] pid=1 dlopen base=0x1000000 handle=1 exports=98
[INFO] kernel::arch::x86_64::idt: [APIC TIMER] tick count=5
[INFO] kernel::wm: [push-vsync] #2 frame=3 baton=0x0
[WARN] kernel::syscall::posix: [cond-broadcast-zero-wake] #0 pid=1 cond=0x36f8050 skip_bridge=false
[WARN] kernel::syscall::posix: [cond-broadcast] #0 pid=1 cond=0x36f8050 woke=0
[WARN] kernel::syscall::posix: [cond-broadcast-zero-wake] #1 pid=1 cond=0x36f8050 skip_bridge=false
[WARN] kernel::syscall::posix: [cond-broadcast] #1 pid=1 cond=0x36f8050 woke=0
[WARN] kernel::syscall::posix: [cond-broadcast-zero-wake] #2 pid=1 cond=0x36f8050 skip_bridge=false
[WARN] kernel::syscall::posix: [cond-broadcast] #2 pid=1 cond=0x36f8050 woke=0
[WARN] kernel::syscall::posix: [cond-broadcast-zero-wake] #3 pid=1 cond=0x36f8050 skip_bridge=false
[WARN] kernel::syscall::posix: [cond-broadcast] #3 pid=1 cond=0x36f8050 woke=0
[INFO] kernel::arch::x86_64::idt: [APIC TIMER] tick count=6
[WARN] kernel::syscall::posix: [cond-broadcast-zero-wake] #4 pid=1 cond=0x36f8050 skip_bridge=false
[WARN] kernel::syscall::posix: [cond-broadcast] #4 pid=1 cond=0x36f8050 woke=0
[WARN] kernel::syscall::posix: [cond-broadcast-zero-wake] #5 pid=1 cond=0x36f8050 skip_bridge=false
[WARN] kernel::syscall::posix: [cond-broadcast] #5 pid=1 cond=0x36f8050 woke=0
[WARN] kernel::syscall::posix: [cond-broadcast-zero-wake] #6 pid=1 cond=0x36f8050 skip_bridge=false
[WARN] kernel::syscall::posix: [cond-broadcast] #6 pid=1 cond=0x36f8050 woke=0
[WARN] kernel::syscall::posix: [cond-broadcast-zero-wake] #7 pid=1 cond=0x36f8050 skip_bridge=false
[WARN] kernel::syscall::posix: [cond-broadcast] #7 pid=1 cond=0x36f8050 woke=0
[WARN] kernel::syscall::posix: [cond-broadcast-zero-wake] #8 pid=1 cond=0x36f8050 skip_bridge=false
[WARN] kernel::syscall::posix: [cond-broadcast] #8 pid=1 cond=0x36f8050 woke=0
[WARN] kernel::syscall::posix: [cond-broadcast-zero-wake] #9 pid=1 cond=0x36f8050 skip_bridge=false
[WARN] kernel::syscall::posix: [cond-broadcast] #9 pid=1 cond=0x36f8050 woke=0
[WARN] kernel::syscall::posix: [cond-broadcast-zero-wake] #10 pid=1 cond=0x36f8050 skip_bridge=false
[WARN] kernel::syscall::posix: [cond-broadcast] #10 pid=1 cond=0x36f8050 woke=0
[WARN] kernel::syscall::posix: [cond-broadcast-zero-wake] #11 pid=1 cond=0x36f8050 skip_bridge=false
[WARN] kernel::syscall::posix: [cond-broadcast] #11 pid=1 cond=0x36f8050 woke=0
[WARN] kernel::syscall::posix: [cond-broadcast-zero-wake] #12 pid=1 cond=0x36f8050 skip_bridge=false
[WARN] kernel::syscall::posix: [cond-broadcast] #12 pid=1 cond=0x36f8050 woke=0
[WARN] kernel::syscall::posix: [cond-broadcast-zero-wake] #13 pid=1 cond=0x36f8050 skip_bridge=false
[WARN] kernel::syscall::posix: [cond-broadcast] #13 pid=1 cond=0x36f8050 woke=0
[WARN] kernel::syscall::posix: [cond-broadcast-zero-wake] #14 pid=1 cond=0x36f8050 skip_bridge=false
[WARN] kernel::syscall::posix: [cond-broadcast] #14 pid=1 cond=0x36f8050 woke=0
[WARN] kernel::syscall::posix: [cond-broadcast-zero-wake] #15 pid=1 cond=0x36f8050 skip_bridge=false
[WARN] kernel::syscall::posix: [cond-broadcast] #15 pid=1 cond=0x36f8050 woke=0
[WARN] kernel::syscall::posix: [cond-broadcast] #16 pid=1 cond=0x36f8050 woke=0
[WARN] kernel::syscall::posix: [cond-broadcast] #17 pid=1 cond=0x36f8050 woke=0
[WARN] kernel::syscall::posix: [cond-broadcast] #18 pid=1 cond=0x36f8050 woke=0
[WARN] kernel::syscall::posix: [cond-broadcast] #19 pid=1 cond=0x36f8050 woke=0
[WARN] kernel::syscall::posix: [cond-broadcast] #20 pid=1 cond=0x36f8050 woke=0
[WARN] kernel::syscall::posix: [cond-broadcast] #21 pid=1 cond=0x36f8050 woke=0
[WARN] kernel::syscall::posix: [cond-broadcast] #22 pid=1 cond=0x36f8050 woke=0
[WARN] kernel::syscall::posix: [cond-broadcast] #23 pid=1 cond=0x36f8050 woke=0
[WARN] kernel::syscall::posix: [cond-broadcast] #24 pid=1 cond=0x36f8050 woke=0
[WARN] kernel::syscall::posix: [cond-broadcast] #25 pid=1 cond=0x36f8050 woke=0
[WARN] kernel::syscall::posix: [cond-broadcast] #26 pid=1 cond=0x36f8050 woke=0
[WARN] kernel::syscall::posix: [cond-broadcast] #27 pid=1 cond=0x36f8050 woke=0
[WARN] kernel::syscall::posix: [cond-broadcast] #28 pid=1 cond=0x36f8050 woke=0
[WARN] kernel::syscall::posix: [cond-broadcast] #29 pid=1 cond=0x36f8050 woke=0
[INFO] kernel::arch::x86_64::idt: [APIC TIMER] tick count=7
[INFO] kernel::wm: [push-vsync] #3 frame=4 baton=0x0
[INFO] kernel::arch::x86_64::idt: [APIC TIMER] tick count=8
[INFO] kernel::wm: [push-vsync] #4 frame=5 baton=0x0
[host] SHELL mode
[embedder] JIT snapshots: /system/flutter/flutter_assets/vm_snapshot_data
[embedder] initializing main thread message loop...
[INFO] kernel::arch::x86_64::idt: [APIC TIMER] tick count=9
[WARN] kernel::syscall::poll: [epoll_create] pid=1 → fd=64
[WARN] kernel::syscall::poll: [timerfd_create] pid=1 → fd=65
[WARN] kernel::syscall::poll: [epoll_ctl] pid=1 epfd=64 op=1 fd=65 events=0x1
[WARN] kernel::syscall::poll: [epoll_ctl_raw] raw_bytes=[1, 0, 0, 0, 65, 0, 0, 0, 0, 0, 0, 0, 0, 0, 0, 0]
[embedder] message loop initialized!
[embedder] calling FlutterEngineInitialize...
[WARN] kernel::syscall::dispatch: [stat-trace] nr=0x45d path='/system/flutter/flutter_assets/kernel_blob.bin'
[DEBUG] kernel::syscall::handlers::fd: [sys_open] '/system/flutter/flutter_assets/kernel_blob.bin' → fd=3 (41605680 bytes)
[WARN] kernel::process: [spawn_thread] alloc stack_va=0x2d7000000 pages=512
[WARN] kernel::process: [spawn_thread] tid=2 tls_va=0x2d8000000 arg=0x2d6000010
[INFO] kernel::process: [Process] Thread tid=2 spawned in pid=1 entry=0x29c23e0 tls=0x2d8000000
[WARN] kernel::syscall::handlers::futex: [thread-create] spawned child=2 entry=0x29c23e0
[WARN] kernel::syscall::poll: [epoll_create] pid=2 → fd=66
[WARN] kernel::syscall::poll: [timerfd_create] pid=2 → fd=67
[WARN] kernel::syscall::poll: [epoll_ctl] pid=2 epfd=66 op=1 fd=67 events=0x1
[WARN] kernel::syscall::poll: [epoll_ctl_raw] raw_bytes=[1, 0, 0, 0, 67, 0, 0, 0, 0, 0, 0, 0, 0, 0, 0, 0]
[WARN] kernel::syscall::posix: [cond-signal] #0 pid=2 cond=0x7ffffffee850 woke=0
[WARN] kernel::syscall::poll: [epoll_wait] #0 pid=2 epfd=66 max=1 to=4294967295
[WARN] kernel::syscall::poll: [epoll-block] #0 pid=2 epfd=66 next=1 rip=0x7fffeefa
[INFO] kernel::wm: [push-vsync] #5 frame=6 baton=0x0
[WARN] kernel::syscall::dispatch: [stat-trace] nr=0x101 path='/system/flutter/flutter_assets'
[DEBUG] kernel::syscall::handlers::fd: [sys_open] '/system/flutter/flutter_assets' → fd=3 (dir)
[WARN] kernel::syscall::dispatch: [stat-trace] nr=0x101 path='kernel_blob.bin'
[DEBUG] kernel::syscall::dispatch: [openat] dirfd=3 rel='kernel_blob.bin' → '/system/flutter/flutter_assets/kernel_blob.bin'
[DEBUG] kernel::syscall::handlers::fd: [sys_open] '/system/flutter/flutter_assets/kernel_blob.bin' → fd=4 (41605680 bytes)
[DEBUG] kernel::syscall::dispatch: [mmap] file-backed fd=4 off=0x0 len=0x27ada30 → va=0x2ea000000 (41605680 copied)
[INFO] kernel::wm: [push-vsync] #6 frame=7 baton=0x0
[embedder] FlutterEngineInitialize OK
[embedder] calling FlutterEngineRunInitialized...
[WARN] kernel::syscall::dispatch: [stat-trace] nr=0x101 path='/system/flutter/icudtl.dat'
[DEBUG] kernel::syscall::handlers::fd: [sys_open] '/system/flutter/icudtl.dat' → fd=4 (862304 bytes)
[DEBUG] kernel::syscall::dispatch: [mmap] file-backed fd=4 off=0x0 len=0xd2860 → va=0x300000000 (862304 copied)
[WARN] kernel::syscall::posix: [cond-broadcast] #30 pid=1 cond=0x36f8050 woke=0
[WARN] kernel::syscall::posix: [cond-broadcast] #31 pid=1 cond=0x36f8050 woke=0
[WARN] kernel::syscall::posix: [cond-broadcast] #32 pid=1 cond=0x36f8050 woke=0
[WARN] kernel::syscall::dispatch: [stat-trace] nr=0x101 path='/system/flutter/flutter_assets/vm_snapshot_data'
[DEBUG] kernel::syscall::handlers::fd: [sys_open] '/system/flutter/flutter_assets/vm_snapshot_data' → fd=4 (15011 bytes)
[DEBUG] kernel::syscall::dispatch: [mmap] file-backed fd=4 off=0x0 len=0x3aa3 → va=0x304000000 (15011 copied)
[WARN] kernel::syscall::dispatch: [stat-trace] nr=0x101 path='/system/flutter/flutter_assets/isolate_snapshot_data'
[DEBUG] kernel::syscall::handlers::fd: [sys_open] '/system/flutter/flutter_assets/isolate_snapshot_data' → fd=4 (11028680 bytes)
[DEBUG] kernel::syscall::dispatch: [mmap] file-backed fd=4 off=0x0 len=0xa848c8 → va=0x30d000000 (11028680 copied)
[WARN] kernel::syscall::posix: [startup-mutex] acquire #0 pid=1 mutex=0x371ef70 rip=0x7fffe2fa
[WARN] kernel::process: [spawn_thread] alloc stack_va=0x323000000 pages=16
[WARN] kernel::process: [spawn_thread] tid=3 tls_va=0x324000000 arg=0x322000010
[INFO] kernel::process: [Process] Thread tid=3 spawned in pid=1 entry=0x29b9080 tls=0x324000000
[WARN] kernel::syscall::handlers::futex: [thread-create] spawned child=3 entry=0x29b9080
[INFO] kernel::wm: [push-vsync] #7 frame=8 baton=0x0
[WARN] kernel::syscall::poll: [epoll_wait] #1 pid=2 epfd=66 max=1 to=4294967295
[WARN] kernel::syscall::poll: [epoll-ready-tfd] #0 epfd=66 tfd=67 pending=3 deadline=0 period=0
[WARN] kernel::syscall::poll: [epoll_fire] #0 pid=2 epfd=66 ready=1
[WARN] kernel::syscall::poll: [yield-gate] #0 cur=2 focus=1 init_ready=false pend=1 coop_ready=true
[WARN] kernel::syscall::handlers::fd: [tfd-read] pid=2 tfd=67 count=3
[WARN] kernel::syscall::poll: [epoll_wait] #2 pid=2 epfd=66 max=1 to=4294967295
[WARN] kernel::syscall::poll: [epoll-block] #1 pid=2 epfd=66 next=1 rip=0x7fffeefa
[WARN] kernel::process: [spawn_thread] alloc stack_va=0x329000000 pages=16
[WARN] kernel::process: [spawn_thread] tid=4 tls_va=0x32a000000 arg=0x328000010
[INFO] kernel::process: [Process] Thread tid=4 spawned in pid=1 entry=0x29b9080 tls=0x32a000000
[WARN] kernel::syscall::handlers::futex: [thread-create] spawned child=4 entry=0x29b9080
[DEBUG] kernel::syscall::handlers::fd: [pipe2] read_fd=4 write_fd=5 pipe_id=0 flags=0x80000
[WARN] kernel::syscall::poll: [epoll_create] pid=1 → fd=68
[WARN] kernel::syscall::poll: [epoll_ctl] pid=1 epfd=68 op=1 fd=4 events=0x1
[WARN] kernel::syscall::poll: [epoll_ctl_raw] raw_bytes=[1, 0, 0, 0, 0, 0, 0, 0, 0, 0, 0, 0, 16, 0, 0, 68]
[WARN] kernel::syscall::poll: [timerfd_create] pid=1 → fd=69
[WARN] kernel::syscall::poll: [epoll_ctl] pid=1 epfd=68 op=1 fd=69 events=0x1
[WARN] kernel::syscall::poll: [epoll_ctl_raw] raw_bytes=[1, 0, 0, 0, 69, 0, 0, 0, 0, 0, 0, 0, 16, 0, 0, 68]
[WARN] kernel::process: [spawn_thread] alloc stack_va=0x349000000 pages=256
[WARN] kernel::process: [spawn_thread] tid=5 tls_va=0x34a000000 arg=0x348000010
[INFO] kernel::process: [Process] Thread tid=5 spawned in pid=1 entry=0x323bb20 tls=0x34a000000
[WARN] kernel::syscall::handlers::futex: [thread-create] spawned child=5 entry=0x323bb20
[WARN] kernel::syscall::poll: [epoll_wait] #3 pid=5 epfd=68 max=16 to=4294967295
[INFO] kernel::wm: [push-vsync] #8 frame=9 baton=0x0
[DEBUG] kernel::syscall::dispatch: [pthread_getattr_np] tid=1 base=0x7ffffffe0000 size=0x10000
[DEBUG] kernel::syscall::posix: [pthread_attr_getstack] tid=1 base=0x7ffffffe0000 size=0x10000
[WARN] kernel::syscall::posix: [cond-broadcast] #33 pid=1 cond=0x36a000040 woke=0
[WARN] kernel::syscall::posix: [cond-broadcast] #34 pid=1 cond=0x36a000040 woke=0
[INFO] kernel::wm: [push-vsync] #9 frame=10 baton=0x0
[WARN] kernel::syscall::posix: [cond-broadcast] #35 pid=1 cond=0x388000048 woke=0
[WARN] kernel::syscall::posix: [cond-broadcast] #36 pid=1 cond=0x39f000048 woke=0
[WARN] kernel::syscall::posix: [cond-broadcast] #37 pid=1 cond=0x39f000048 woke=0
[WARN] kernel::syscall::posix: [cond-broadcast] #38 pid=1 cond=0x39f000048 woke=0
[WARN] kernel::syscall::posix: [cond-broadcast] #39 pid=1 cond=0x39f000048 woke=0
[WARN] kernel::syscall::posix: [cond-broadcast] #40 pid=1 cond=0x39f000048 woke=0
[WARN] kernel::syscall::posix: [cond-broadcast] #41 pid=1 cond=0x39f000048 woke=0
[WARN] kernel::syscall::posix: [cond-broadcast] #42 pid=1 cond=0x39f000048 woke=0
[WARN] kernel::syscall::posix: [cond-broadcast] #43 pid=1 cond=0x39f000048 woke=0
[WARN] kernel::syscall::posix: [cond-broadcast] #44 pid=1 cond=0x39f000048 woke=0
[WARN] kernel::syscall::posix: [cond-broadcast] #45 pid=1 cond=0x39f000048 woke=0
[WARN] kernel::syscall::posix: [cond-broadcast] #46 pid=1 cond=0x39f000048 woke=0
[WARN] kernel::syscall::posix: [cond-broadcast] #47 pid=1 cond=0x39f000048 woke=0
[WARN] kernel::syscall::posix: [cond-broadcast] #48 pid=1 cond=0x39f000048 woke=0
[WARN] kernel::syscall::posix: [cond-broadcast] #49 pid=1 cond=0x39f000048 woke=0
[WARN] kernel::syscall::posix: [cond-broadcast] #50 pid=1 cond=0x39f000048 woke=0
[WARN] kernel::syscall::posix: [cond-broadcast] #51 pid=1 cond=0x39f000048 woke=0
[WARN] kernel::syscall::posix: [cond-broadcast] #52 pid=1 cond=0x39f000048 woke=0
[WARN] kernel::syscall::posix: [cond-broadcast] #53 pid=1 cond=0x39f000048 woke=0
[WARN] kernel::syscall::posix: [cond-broadcast] #54 pid=1 cond=0x39f000048 woke=0
[WARN] kernel::syscall::posix: [cond-broadcast] #55 pid=1 cond=0x39f000048 woke=0
[WARN] kernel::syscall::posix: [cond-broadcast] #56 pid=1 cond=0x39f000048 woke=0
[WARN] kernel::syscall::posix: [cond-broadcast] #57 pid=1 cond=0x39f000048 woke=0
[WARN] kernel::syscall::posix: [cond-broadcast] #58 pid=1 cond=0x39f000048 woke=0
[WARN] kernel::syscall::posix: [cond-broadcast] #59 pid=1 cond=0x39f000048 woke=0
[WARN] kernel::syscall::posix: [cond-broadcast] #60 pid=1 cond=0x39f000048 woke=0
[WARN] kernel::syscall::posix: [cond-broadcast] #61 pid=1 cond=0x39f000048 woke=0
[WARN] kernel::syscall::posix: [cond-broadcast] #62 pid=1 cond=0x39f000048 woke=0
[WARN] kernel::syscall::posix: [cond-broadcast] #63 pid=1 cond=0x39f000048 woke=0
[INFO] kernel::wm: [push-vsync] #10 frame=11 baton=0x0
[INFO] kernel::wm: [push-vsync] #11 frame=12 baton=0x0
[WARN] kernel::process: [spawn_thread] alloc stack_va=0x43b000000 pages=256
[WARN] kernel::process: [spawn_thread] tid=6 tls_va=0x43c000000 arg=0x43a000010
[INFO] kernel::process: [Process] Thread tid=6 spawned in pid=1 entry=0x338ed10 tls=0x43c000000
[WARN] kernel::syscall::handlers::futex: [thread-create] spawned child=6 entry=0x338ed10
[DEBUG] kernel::syscall::dispatch: [pthread_getattr_np] tid=6 base=0x43b000000 size=0x100000
[DEBUG] kernel::syscall::posix: [pthread_attr_getstack] tid=6 base=0x43b000000 size=0x100000
[WARN] kernel::syscall::posix: [startup-mutex] contend #0 pid=6 mutex=0x371ef70 val=1 rip=0x7fffe2fa
[WARN] kernel::syscall::posix: [startup-mutex] before-waiter-add pid=6 mutex=0x371ef70
[WARN] kernel::syscall::posix: [startup-mutex] after-waiter-add pid=6 mutex=0x371ef70
[WARN] kernel::syscall::posix: [startup-mutex] before-force-wake pid=6 mutex=0x371ef70
[WARN] kernel::syscall::posix: [startup-mutex] after-force-wake pid=6 mutex=0x371ef70
[WARN] kernel::syscall::posix: [startup-mutex] pid1-handoff #0 pid=6 mutex=0x371ef70
[WARN] kernel::syscall::poll: [epoll_wait] #4 pid=2 epfd=66 max=1 to=4294967295
[WARN] kernel::syscall::poll: [epoll-ready-tfd] #1 epfd=66 tfd=67 pending=42 deadline=0 period=0
[WARN] kernel::syscall::poll: [epoll_fire] #1 pid=2 epfd=66 ready=1
[WARN] kernel::syscall::poll: [yield-gate] #1 cur=2 focus=1 init_ready=false pend=1 coop_ready=true
[WARN] kernel::syscall::handlers::fd: [tfd-read] pid=2 tfd=67 count=42
[WARN] kernel::syscall::poll: [epoll_wait] #5 pid=2 epfd=66 max=1 to=4294967295
[WARN] kernel::syscall::poll: [epoll-block] #2 pid=2 epfd=66 next=3 rip=0x7fffeefa
[INFO] kernel::wm: [push-vsync] #12 frame=13 baton=0x0
