vbe: Initialising...
vbe: Version: 3.0
vbe: OEM: SeaBIOS VBE(C) 2011
vbe: Graphics vendor: SeaBIOS Developers
vbe: Product name: SeaBIOS VBE Adapter
vbe: Product revision: Rev. 1
edid: Success.
vbe: EDID detected screen resolution of 1280x800
vbe: Found matching mode 0x17a, attempting to set...
vbe: Framebuffer address: 0xfd000000
edid: Success.
limine: Loading executable `boot():/boot/kernel`...
limine: Physical base:   0x5e3d9000
limine: Virtual base:    0xffffffff80000000
limine: Slide:           0x0
limine: ELF entry point: 0xffffffff80063f00
limine: Base revision:   6
limine: Requests count:  7
limine: Top of HHDM:     0x80000000
acpi: Found RSDP at 0xf52c0
limine: Loading module `boot():/boot/libflutter_engine.so`...
vbe: Initialising...
vbe: Version: 3.0
vbe: OEM: SeaBIOS VBE(C) 2011
vbe: Graphics vendor: SeaBIOS Developers
vbe: Product name: SeaBIOS VBE Adapter
vbe: Product revision: Rev. 1
edid: Success.
vbe: EDID detected screen resolution of 1280x800
vbe: Found matching mode 0x17a, attempting to set...
vbe: Mode was already set, perfect!
vbe: Framebuffer address: 0xfd000000
edid: Success.
acpi: Found RSDP at 0xf52c0
acpi: Found RSDP at 0xf52c0
acpi: Found "FACP" at 0x7ffe216f
acpi: Found SMBIOS 32-bit entry point at 0xf52e0
paging: 1GiB pages are not supported!
acpi: Found RSDP at 0xf52c0
acpi: Found "APIC" at 0x7ffe2263
acpi: Found RSDP at 0xf52c0
acpi: "DMAR" not found
acpi: Found RSDP at 0xf52c0
acpi: "DMAR" not found
acpi: Found RSDP at 0xf52c0
acpi: "DMAR" not found
acpi: Found RSDP at 0xf52c0
acpi: "IVRS" not found
acpi: Found RSDP at 0xf52c0
acpi: Found "APIC" at 0x7ffe2263

[OSCORTEX] kernel_main reached
[OSCORTEX] HHDM offset: 0xffff800000000000
[ARCH] assert_required_features
[ARCH] gdt::init
[ARCH] idt::init
[ARCH] disable_pic
[ARCH] apic::init_bsp
[APIC] x2APIC online — timer armed (vec 0x30)
[ARCH] cpu::enable_fpu_simd
[ARCH] syscall::init
[ARCH] early_init complete
[OSCORTEX] arch::early_init done
[MM::Paging] Virtual memory manager online (CR3=0x000000007ff67000)
[MM::Heap] init base=0xffff800000100000 phys=0x0000000000100000
[INFO] kernel: Framebuffer: 1280x800 bpp=32 pitch=5120 addr=0xffff8000fd000000
[INFO] kernel: OSCortex kernel 0.1.0 booting...
[INFO] kernel: AI Cortex: ENABLED
[INFO] kernel: [BOOT] Limine module: libflutter_engine.so (95866952 bytes)
[INFO] kernel::drivers::registry: [Drivers] Driver registry initialised
[INFO] kernel::drivers::ps2: [PS/2] controller ready — devices: kbd=true mouse=true
[INFO] kernel::drivers::platform: [Input] PS/2 enabled (QEMU/KVM profile)
[INFO] kernel::mm::paging::x86_64_impl: [MM::Paging] MMIO mapped: phys=0xfebd4000 → virt=0xffff8000febd4000, 16 page(s)
[WARN] kernel::drivers::usb: [USB] XHCI 00:05.0 not halted after reset (USBSTS=0x1) — continuing
[INFO] kernel::drivers::usb: [USB] XHCI ready: 00:05.0 vendor=0x1B36 device=0x000D BAR=0xfebd4000 HCI=0x0100 slots=0 ports=0
[INFO] kernel::drivers::xhci_runtime: [USB] XHCI runtime started
[WARN] kernel::drivers::xhci_runtime: [USB-HID] keyboard enumeration pending (poll on vsync)
[INFO] kernel::drivers::usb: [USB] 1 XHCI controller(s) mapped and reset
[INFO] kernel::cortex::driver_gen: [Cortex::DriverGen] Native driver 'ps2' registered (id=0)
[INFO] kernel::cortex::driver_gen: [Cortex::DriverGen] Native driver 'xhci' registered (id=1)
[INFO] kernel::compositor: [Compositor] online (max_surfaces=32)
[INFO] kernel::sched: [Sched] Scheduler initialised (max_tasks=64, stack=32KiB, slice=5 ticks)
[INFO] kernel::security: [Security] Capability-based security model active
[INFO] kernel::ipc: [IPC] Message-passing subsystem online (cap=16 msgs/proc)
[INFO] kernel::wm: [WM] Event queue online (cap=256)
[INFO] kernel::fs: [VFS] Mounted 'initramfs' at '/'
[INFO] kernel::fs: [VFS] Virtual filesystem initialised
[INFO] kernel::drivers::uart: [UART] COM1 initialised at 115200 8-N-1
[INFO] kernel::cortex::driver_gen: [Cortex::DriverGen] Native driver 'uart' registered (id=2)
[INFO] kernel::drivers::virtio_net: [virtio-net] found at PCI 0:2 io_base=0xc0c0
[INFO] kernel::drivers::virtio_net: [virtio-net] ready — MAC 52:54:00:12:34:56 rx_q=256 tx_q=256 slots=8
[INFO] kernel::drivers::virtio_net: [virtio-net] self-test TX completion OK
[INFO] kernel::drivers::virtio_blk: [virtio-blk] found PCI 00.3 I/O base=0xc000
[INFO] kernel::drivers::virtio_blk: [virtio-blk] ready — 16384 sectors (8 MiB) qsize=256 vring_phys=0x4118000 pages=3
[INFO] kernel::drivers::virtio_blk: [virtio-blk] self-test read/write OK
[INFO] kernel::drivers::nvme: [NVMe] controller BAR0 phys=0xfebd0000
[INFO] kernel::mm::paging::x86_64_impl: [MM::Paging] MMIO mapped: phys=0xfebd0000 → virt=0xffff8000febd0000, 4 page(s)
[ERROR] kernel::drivers::nvme: [NVMe] controller fatal status
[INFO] kernel::cortex::driver_gen: [Cortex::DriverGen] Native driver 'virtio-net' registered (id=3)
[INFO] kernel::cortex::driver_gen: [Cortex::DriverGen] Native driver 'virtio-blk' registered (id=4)
[INFO] kernel::drivers::usb_hid: [USB-HID] WM route OK scancode=0x1e
[INFO] kernel::app_store: [app_store] ready — 0 apps loaded from disk
[INFO] kernel::net: [net] UDP stack online (virtio-net backend)
[INFO] kernel::net::tcp: [smoltcp] TCP/IP stack initialised IP=10.0.2.15
[DEBUG] smoltcp::socket::dhcpv4: DHCP send DISCOVER to 255.255.255.255: Repr { message_type: Discover, transaction_id: 4260165794, secs: 0, client_hardware_address: Address([82, 84, 0, 18, 52, 86]), client_ip: 0.0.0.0, your_ip: 0.0.0.0, server_ip: 0.0.0.0, router: None, subnet_mask: None, relay_agent_ip: 0.0.0.0, broadcast: false, requested_ip: None, client_identifier: Some(Address([82, 84, 0, 18, 52, 86])), server_identifier: None, parameter_request_list: Some([1, 3, 6]), dns_servers: None, max_size: Some([INFO] kernel::net::tcp: [dhcp] deconfigured
[DEBUG] smoltcp::socket::dhcpv4: DHCP recv Offer from 10.0.2.2: Repr { message_type: Offer, transaction_id: 4260165794, secs: 0, client_hardware_address: Address([82, 84, 0, 18, 52, 86]), client_ip: 0.0.0.0, your_ip: 10.0.2.15, server_ip: 10.0.2.2, router: Some(10.0.2.2), subnet_mask: Some(255.255.255.0), relay_agent_ip: 0.0.0.0, broadcast: false, requested_ip: None, client_identifier: None, server_identifier: Some(10.0.2.2), parameter_request_list: None, dns_servers: Some([10.0.2.3]), max_size: None, lease[DEBUG] smoltcp::socket::dhcpv4: DHCP send request to 255.255.255.255: Repr { message_type: Request, transaction_id: 1630584515, secs: 0, client_hardware_address: Address([82, 84, 0, 18, 52, 86]), client_ip: 0.0.0.0, your_ip: 0.0.0.0, server_ip: 0.0.0.0, router: None, subnet_mask: None, relay_agent_ip: 0.0.0.0, broadcast: false, requested_ip: Some(10.0.2.15), client_identifier: Some(Address([82, 84, 0, 18, 52, 86])), server_identifier: Some(10.0.2.2), parameter_request_list: Some([1, 3, 6]), dns_servers: No[DEBUG] smoltcp::socket::dhcpv4: DHCP recv Ack from 10.0.2.2: Repr { message_type: Ack, transaction_id: 1630584515, secs: 0, client_hardware_address: Address([82, 84, 0, 18, 52, 86]), client_ip: 0.0.0.0, your_ip: 10.0.2.15, server_ip: 10.0.2.2, router: Some(10.0.2.2), subnet_mask: Some(255.255.255.0), relay_agent_ip: 0.0.0.0, broadcast: false, requested_ip: None, client_identifier: None, server_identifier: Some(10.0.2.2), parameter_request_list: None, dns_servers: Some([10.0.2.3]), max_size: None, lease_dur[INFO] kernel::net::tcp: [dhcp] ACK ip=10.0.2.15
[INFO] kernel::net: [net] DHCP self-test OK ip=10.0.2.15
[DEBUG] smoltcp::iface::interface: address 10.0.2.2 not in neighbor cache, sending ARP request
[INFO] kernel::net: [net] TCP self-test connect OK (QEMU gateway 10.0.2.2:80)
[INFO] kernel::cortex: [Cortex] Initialising AI runtime...
[INFO] kernel::cortex: [Cortex] Starting inference engine...
[INFO] kernel::cortex::inference: [Cortex::Inference] Model capsule loaded (version=1 kind=0x01 inputs=4 hidden=8 outputs=1)
[INFO] kernel::cortex::inference: [Cortex::Inference] Built-in model capsule loaded — NN inference ACTIVE (4→8→1 i8-quantised)
[INFO] kernel::cortex: [Cortex] Inference OK
[INFO] kernel::cortex: [Cortex] Starting context graph...
[INFO] kernel::cortex::context: [Cortex::Context] Graph initialised (capacity: 4096 nodes, 16384 edges)
[INFO] kernel::cortex: [Cortex] Context OK
[INFO] kernel::cortex: [Cortex] Starting healing...
[INFO] kernel::cortex::healing: [Cortex::Healing] Self-healing watchdog armed
[INFO] kernel::cortex: [Cortex] Healing OK
[INFO] kernel::cortex: [Cortex] Starting driver generation...
[INFO] kernel::cortex::driver_gen: [Cortex::DriverGen] CDP driver registry ready (capacity: 256)
[INFO] kernel::cortex::driver_gen: [Cortex::DriverGen] Driver 'null-driver' loaded via WASM sandbox (id=5)
[INFO] kernel::cortex::driver_gen: [Cortex::DriverGen] Built-in null driver loaded (id=5) — WASM sandbox OK
[INFO] kernel::cortex: [Cortex] Driver gen OK
[INFO] kernel::cortex: [Cortex] Starting PID-0 channel...
[INFO] kernel::cortex::pid0: [Cortex::PID0] PID-0 Cortex API registered on syscall 0x1000-0x100F
[INFO] kernel::cortex: [Cortex] PID-0 OK
[INFO] kernel::cortex::ipc: [Cortex::IPC] Per-core mailbox online (cap=32)
[INFO] kernel::cortex: [Cortex] AI runtime online — self-healing ACTIVE, driver-gen ACTIVE
[INFO] kernel::arch::x86_64::smp: [SMP] No APs — single-core
[DEBUG] kernel::process::elf: [ELF] PT_LOAD vaddr=0x400000 memsz=18682 filesz=18682 ro exec
[DEBUG] kernel::process::elf: [ELF] PT_LOAD vaddr=0x404900 memsz=2880 filesz=2880 ro 
[DEBUG] kernel::process::elf: [ELF] PT_LOAD vaddr=0x406000 memsz=48 filesz=48 rw 
[DEBUG] kernel::process::elf: [ELF] PT_LOAD vaddr=0x406030 memsz=12628 filesz=0 rw 
[INFO] kernel::process::elf: [ELF] Loaded: entry=0x400000
[INFO] kernel::process: [Process] Spawned 'init' pid=1 entry=0x400000 rdi=0x1 rsi=0x0 rdx=0x0 parent=0
[INFO] kernel::sched: [Sched] spawned 'user-init' pid=0 stack=0xffff8000004f0d30
[INFO] kernel::process: [Process] user-init kernel task registered for pid=1
[INFO] kernel: [INIT] Spawned shell host as PID 1
[INFO] kernel: OSCortex kernel init complete — entering Cortex-managed loop
[INFO] kernel::sched: [Sched] registered 'cortex-idle' as task-1 (pid=1)
[INFO] kernel::sched: [Sched] spawned 'cortex-bg' pid=2 stack=0xffff8000004f8d30
[INFO] kernel::arch::x86_64::idt: [APIC TIMER] tick count=0
[INFO] kernel::wm: [push-vsync] #0 frame=1 baton=0x0
[INFO] kernel::cortex: [Cortex::BG] background worker started — scheduler ALIVE
[INFO] kernel::arch::x86_64::idt: [APIC TIMER] tick count=1
[INFO] kernel::arch::x86_64::idt: [APIC TIMER] tick count=2
[INFO] kernel::arch::x86_64::idt: [APIC TIMER] tick count=3
[INFO] kernel::wm: [push-vsync] #1 frame=2 baton=0x0
[INFO] kernel::arch::x86_64::idt: [APIC TIMER] tick count=4
[INFO] kernel::process: [Process] launching userspace pid=1 via SYSRET
[WARN] kernel::syscall::dispatch: [syscall] bootstrapped FS base pid=1 fs=0x7ffffffefdf0 rsp=0x7ffffffefff0
![host] starting
[INFO] kernel::syscall::handlers::engine: [dlopen] Serving libflutter_engine.so from Limine module (95866952 bytes)
[INFO] kernel::process::dl: [dl] rela table sz=1288344 count=53681 applied: REL=53608 _64=1 GLOB=71 JMP=0 other=1 oob=0
[INFO] kernel::process::dl: [dl] rela table sz=7944 count=331 applied: REL=0 _64=0 GLOB=0 JMP=331 other=0 oob=0
[INFO] kernel::process::dl: [DL] Patch2 ~promise<RTB>        @ 0x31a81b0 → ret
[INFO] kernel::process::dl: [DL] Patch6 ~promise<impeller::Context> @ 0x31a8230 → ret
[INFO] kernel::process::dl: [DL] pid=1 dlopen base=0x1000000 handle=1 exports=98
[INFO] kernel::arch::x86_64::idt: [APIC TIMER] tick count=5
[INFO] kernel::wm: [push-vsync] #2 frame=3 baton=0x0
[INFO] kernel::arch::x86_64::idt: [APIC TIMER] tick count=6
[WARN] kernel::syscall::posix: [cond-broadcast-zero-wake] #0 pid=1 cond=0x36f8050 skip_bridge=false
[WARN] kernel::syscall::posix: [cond-broadcast] #0 pid=1 cond=0x36f8050 woke=0
[WARN] kernel::syscall::posix: [cond-broadcast-zero-wake] #1 pid=1 cond=0x36f8050 skip_bridge=false
[WARN] kernel::syscall::posix: [cond-broadcast] #1 pid=1 cond=0x36f8050 woke=0
[WARN] kernel::syscall::posix: [cond-broadcast-zero-wake] #2 pid=1 cond=0x36f8050 skip_bridge=false
[WARN] kernel::syscall::posix: [cond-broadcast] #2 pid=1 cond=0x36f8050 woke=0
[WARN] kernel::syscall::posix: [cond-broadcast-zero-wake] #3 pid=1 cond=0x36f8050 skip_bridge=false
[WARN] kernel::syscall::posix: [cond-broadcast] #3 pid=1 cond=0x36f8050 woke=0
[WARN] kernel::syscall::posix: [cond-broadcast-zero-wake] #4 pid=1 cond=0x36f8050 skip_bridge=false
[WARN] kernel::syscall::posix: [cond-broadcast] #4 pid=1 cond=0x36f8050 woke=0
[WARN] kernel::syscall::posix: [cond-broadcast-zero-wake] #5 pid=1 cond=0x36f8050 skip_bridge=false
[WARN] kernel::syscall::posix: [cond-broadcast] #5 pid=1 cond=0x36f8050 woke=0
[WARN] kernel::syscall::posix: [cond-broadcast-zero-wake] #6 pid=1 cond=0x36f8050 skip_bridge=false
[WARN] kernel::syscall::posix: [cond-broadcast] #6 pid=1 cond=0x36f8050 woke=0
[WARN] kernel::syscall::posix: [cond-broadcast-zero-wake] #7 pid=1 cond=0x36f8050 skip_bridge=false
[WARN] kernel::syscall::posix: [cond-broadcast] #7 pid=1 cond=0x36f8050 woke=0
[WARN] kernel::syscall::posix: [cond-broadcast-zero-wake] #8 pid=1 cond=0x36f8050 skip_bridge=false
[WARN] kernel::syscall::posix: [cond-broadcast] #8 pid=1 cond=0x36f8050 woke=0
[WARN] kernel::syscall::posix: [cond-broadcast-zero-wake] #9 pid=1 cond=0x36f8050 skip_bridge=false
[WARN] kernel::syscall::posix: [cond-broadcast] #9 pid=1 cond=0x36f8050 woke=0
[WARN] kernel::syscall::posix: [cond-broadcast-zero-wake] #10 pid=1 cond=0x36f8050 skip_bridge=false
[WARN] kernel::syscall::posix: [cond-broadcast] #10 pid=1 cond=0x36f8050 woke=0
[INFO] kernel::arch::x86_64::idt: [APIC TIMER] tick count=7
[WARN] kernel::syscall::posix: [cond-broadcast-zero-wake] #11 pid=1 cond=0x36f8050 skip_bridge=false
[WARN] kernel::syscall::posix: [cond-broadcast] #11 pid=1 cond=0x36f8050 woke=0
[WARN] kernel::syscall::posix: [cond-broadcast-zero-wake] #12 pid=1 cond=0x36f8050 skip_bridge=false
[WARN] kernel::syscall::posix: [cond-broadcast] #12 pid=1 cond=0x36f8050 woke=0
[WARN] kernel::syscall::posix: [cond-broadcast-zero-wake] #13 pid=1 cond=0x36f8050 skip_bridge=false
[WARN] kernel::syscall::posix: [cond-broadcast] #13 pid=1 cond=0x36f8050 woke=0
[WARN] kernel::syscall::posix: [cond-broadcast-zero-wake] #14 pid=1 cond=0x36f8050 skip_bridge=false
[WARN] kernel::syscall::posix: [cond-broadcast] #14 pid=1 cond=0x36f8050 woke=0
[INFO] kernel::arch::x86_64::idt: [APIC TIMER] tick count=8
[INFO] kernel::wm: [push-vsync] #3 frame=4 baton=0x0
[WARN] kernel::syscall::posix: [cond-broadcast-zero-wake] #15 pid=1 cond=0x36f8050 skip_bridge=false
[WARN] kernel::syscall::posix: [cond-broadcast] #15 pid=1 cond=0x36f8050 woke=0
[WARN] kernel::syscall::posix: [cond-broadcast] #16 pid=1 cond=0x36f8050 woke=0
[WARN] kernel::syscall::posix: [cond-broadcast] #17 pid=1 cond=0x36f8050 woke=0
[WARN] kernel::syscall::posix: [cond-broadcast] #18 pid=1 cond=0x36f8050 woke=0
[WARN] kernel::syscall::posix: [cond-broadcast] #19 pid=1 cond=0x36f8050 woke=0
[WARN] kernel::syscall::posix: [cond-broadcast] #20 pid=1 cond=0x36f8050 woke=0
[INFO] kernel::arch::x86_64::idt: [APIC TIMER] tick count=9
[WARN] kernel::syscall::posix: [cond-broadcast] #21 pid=1 cond=0x36f8050 woke=0
[WARN] kernel::syscall::posix: [cond-broadcast] #22 pid=1 cond=0x36f8050 woke=0
[WARN] kernel::syscall::posix: [cond-broadcast] #23 pid=1 cond=0x36f8050 woke=0
[WARN] kernel::syscall::posix: [cond-broadcast] #24 pid=1 cond=0x36f8050 woke=0
[WARN] kernel::syscall::posix: [cond-broadcast] #25 pid=1 cond=0x36f8050 woke=0
[WARN] kernel::syscall::posix: [cond-broadcast] #26 pid=1 cond=0x36f8050 woke=0
[WARN] kernel::syscall::posix: [cond-broadcast] #27 pid=1 cond=0x36f8050 woke=0
[WARN] kernel::syscall::posix: [cond-broadcast] #28 pid=1 cond=0x36f8050 woke=0
[WARN] kernel::syscall::posix: [cond-broadcast] #29 pid=1 cond=0x36f8050 woke=0
[INFO] kernel::wm: [push-vsync] #4 frame=5 baton=0x0
[INFO] kernel::wm: [push-vsync] #5 frame=6 baton=0x0
[host] SHELL mode
[embedder] JIT snapshots: /system/flutter/flutter_assets/vm_snapshot_data
[embedder] initializing main thread message loop...
[WARN] kernel::syscall::poll: [epoll_create] pid=1 → fd=64
[WARN] kernel::syscall::poll: [timerfd_create] pid=1 → fd=65
[WARN] kernel::syscall::poll: [epoll_ctl] pid=1 epfd=64 op=1 fd=65 events=0x1
[WARN] kernel::syscall::poll: [epoll_ctl_raw] raw_bytes=[1, 0, 0, 0, 65, 0, 0, 0, 0, 0, 0, 0, 0, 0, 0, 0]
[embedder] message loop initialized!
[embedder] calling FlutterEngineInitialize...
[WARN] kernel::syscall::dispatch: [stat-trace] nr=0x45d path='/system/flutter/flutter_assets/kernel_blob.bin'
[DEBUG] kernel::syscall::handlers::fd: [sys_open] '/system/flutter/flutter_assets/kernel_blob.bin' → fd=3 (41605680 bytes)
[WARN] kernel::process: [spawn_thread] alloc stack_va=0x2d5000000 pages=512
[WARN] kernel::process: [spawn_thread] tid=2 tls_va=0x2d6000000 arg=0x2d4000010
[INFO] kernel::process: [Process] Thread tid=2 spawned in pid=1 entry=0x29c23e0 tls=0x2d6000000
[WARN] kernel::syscall::handlers::futex: [thread-create] spawned child=2 entry=0x29c23e0
[WARN] kernel::syscall::poll: [epoll_create] pid=2 → fd=66
[WARN] kernel::syscall::poll: [timerfd_create] pid=2 → fd=67
[WARN] kernel::syscall::poll: [epoll_ctl] pid=2 epfd=66 op=1 fd=67 events=0x1
[WARN] kernel::syscall::poll: [epoll_ctl_raw] raw_bytes=[1, 0, 0, 0, 67, 0, 0, 0, 0, 0, 0, 0, 0, 0, 0, 0]
[WARN] kernel::syscall::posix: [cond-signal] #0 pid=2 cond=0x7ffffffee850 woke=0
[WARN] kernel::syscall::poll: [epoll_wait] #0 pid=2 epfd=66 max=1 to=4294967295
[WARN] kernel::syscall::poll: [epoll-block] #0 pid=2 epfd=66 next=1 rip=0x7fffeefa
[INFO] kernel::wm: [push-vsync] #6 frame=7 baton=0x0
[WARN] kernel::process: [spawn_thread] alloc stack_va=0x2e3000000 pages=512
[WARN] kernel::process: [spawn_thread] tid=3 tls_va=0x2e4000000 arg=0x2e2000010
[INFO] kernel::process: [Process] Thread tid=3 spawned in pid=1 entry=0x29c23e0 tls=0x2e4000000
[WARN] kernel::syscall::handlers::futex: [thread-create] spawned child=3 entry=0x29c23e0
[WARN] kernel::syscall::poll: [epoll_create] pid=3 → fd=68
[WARN] kernel::syscall::poll: [timerfd_create] pid=3 → fd=69
[WARN] kernel::syscall::poll: [epoll_ctl] pid=3 epfd=68 op=1 fd=69 events=0x1
[WARN] kernel::syscall::poll: [epoll_ctl_raw] raw_bytes=[1, 0, 0, 0, 69, 0, 0, 0, 0, 0, 0, 0, 0, 0, 0, 0]
[WARN] kernel::syscall::posix: [cond-signal] #1 pid=3 cond=0x7ffffffee850 woke=0
[WARN] kernel::syscall::poll: [epoll_wait] #1 pid=3 epfd=68 max=1 to=4294967295
[WARN] kernel::syscall::poll: [epoll-block] #1 pid=3 epfd=68 next=1 rip=0x7fffeefa
[WARN] kernel::process: [spawn_thread] alloc stack_va=0x2f1000000 pages=512
[WARN] kernel::process: [spawn_thread] tid=4 tls_va=0x2f2000000 arg=0x2f0000010
[INFO] kernel::process: [Process] Thread tid=4 spawned in pid=1 entry=0x29c23e0 tls=0x2f2000000
[WARN] kernel::syscall::handlers::futex: [thread-create] spawned child=4 entry=0x29c23e0
[WARN] kernel::syscall::poll: [epoll_create] pid=4 → fd=70
[WARN] kernel::syscall::poll: [timerfd_create] pid=4 → fd=71
[WARN] kernel::syscall::poll: [epoll_ctl] pid=4 epfd=70 op=1 fd=71 events=0x1
[WARN] kernel::syscall::poll: [epoll_ctl_raw] raw_bytes=[1, 0, 0, 0, 71, 0, 0, 0, 0, 0, 0, 0, 0, 0, 0, 0]
[WARN] kernel::syscall::posix: [cond-signal] #2 pid=4 cond=0x7ffffffee850 woke=0
[WARN] kernel::syscall::poll: [epoll_wait] #2 pid=4 epfd=70 max=1 to=4294967295
[WARN] kernel::syscall::poll: [epoll70-enter] #0 pid=4 to=4294967295 rip=0x7fffeefa
[WARN] kernel::syscall::poll: [epoll70-scan] #0 now=1700000006112396666 deadline=0 pending=0 period=0
[WARN] kernel::syscall::poll: [epoll70-empty] #0 pid=4 no-ready
[WARN] kernel::syscall::poll: [epoll70-scan] #1 now=1700000006112569666 deadline=0 pending=0 period=0
[WARN] kernel::syscall::poll: [epoll70-scan] #2 now=1700000006112651666 deadline=0 pending=0 period=0
[WARN] kernel::syscall::poll: [epoll70-scan] #3 now=1700000006112735333 deadline=0 pending=0 period=0
[WARN] kernel::syscall::poll: [epoll70-scan] #4 now=1700000006112818666 deadline=0 pending=0 period=0
[WARN] kernel::syscall::poll: [epoll70-scan] #5 now=1700000006113194000 deadline=0 pending=0 period=0
[WARN] kernel::syscall::poll: [epoll70-scan] #6 now=1700000006113275333 deadline=0 pending=0 period=0
[WARN] kernel::syscall::poll: [epoll70-scan] #7 now=1700000006113387666 deadline=0 pending=0 period=0
[WARN] kernel::syscall::poll: [epoll70-scan] #8 now=1700000006113473333 deadline=0 pending=0 period=0
[WARN] kernel::syscall::poll: [epoll70-scan] #9 now=1700000006113556000 deadline=0 pending=0 period=0
[WARN] kernel::syscall::poll: [epoll70-scan] #10 now=1700000006113630333 deadline=0 pending=0 period=0
[WARN] kernel::syscall::poll: [epoll70-scan] #11 now=1700000006113703000 deadline=0 pending=0 period=0
[WARN] kernel::syscall::poll: [epoll70-scan] #12 now=1700000006113778666 deadline=0 pending=0 period=0
[WARN] kernel::syscall::poll: [epoll70-scan] #13 now=1700000006113866000 deadline=0 pending=0 period=0
[WARN] kernel::syscall::poll: [epoll70-scan] #14 now=1700000006113952666 deadline=0 pending=0 period=0
[WARN] kernel::syscall::poll: [epoll70-scan] #15 now=1700000006114041333 deadline=0 pending=0 period=0
[WARN] kernel::syscall::poll: [epoll70-scan] #16 now=1700000006114119000 deadline=0 pending=0 period=0
[WARN] kernel::syscall::poll: [epoll70-scan] #17 now=1700000006114232666 deadline=0 pending=0 period=0
[WARN] kernel::syscall::poll: [epoll70-scan] #18 now=1700000006114318333 deadline=0 pending=0 period=0
[WARN] kernel::syscall::poll: [epoll70-scan] #19 now=1700000006114394333 deadline=0 pending=0 period=0
[WARN] kernel::syscall::poll: [epoll70-scan] #20 now=1700000006114471666 deadline=0 pending=0 period=0
[WARN] kernel::syscall::poll: [epoll70-scan] #21 now=1700000006114578666 deadline=0 pending=0 period=0
[WARN] kernel::syscall::poll: [epoll-block] #2 pid=4 epfd=70 next=1 rip=0x7fffeefa
[INFO] kernel::wm: [push-vsync] #7 frame=8 baton=0x0
[WARN] kernel::syscall::dispatch: [stat-trace] nr=0x101 path='/system/flutter/flutter_assets'
[DEBUG] kernel::syscall::handlers::fd: [sys_open] '/system/flutter/flutter_assets' → fd=3 (dir)
[WARN] kernel::syscall::dispatch: [stat-trace] nr=0x101 path='kernel_blob.bin'
[DEBUG] kernel::syscall::dispatch: [openat] dirfd=3 rel='kernel_blob.bin' → '/system/flutter/flutter_assets/kernel_blob.bin'
[DEBUG] kernel::syscall::handlers::fd: [sys_open] '/system/flutter/flutter_assets/kernel_blob.bin' → fd=4 (41605680 bytes)
[DEBUG] kernel::syscall::dispatch: [mmap] file-backed fd=4 off=0x0 len=0x27ada30 → va=0x304000000 (41605680 copied)
[INFO] kernel::wm: [push-vsync] #8 frame=9 baton=0x0
[embedder] FlutterEngineInitialize OK
[embedder] calling FlutterEngineRunInitialized...
[WARN] kernel::syscall::dispatch: [stat-trace] nr=0x101 path='/system/flutter/icudtl.dat'
[DEBUG] kernel::syscall::handlers::fd: [sys_open] '/system/flutter/icudtl.dat' → fd=4 (862304 bytes)
[DEBUG] kernel::syscall::dispatch: [mmap] file-backed fd=4 off=0x0 len=0xd2860 → va=0x31a000000 (862304 copied)
[WARN] kernel::syscall::posix: [cond-broadcast] #30 pid=1 cond=0x36f8050 woke=0
[WARN] kernel::syscall::posix: [cond-broadcast] #31 pid=1 cond=0x36f8050 woke=0
[WARN] kernel::syscall::posix: [cond-broadcast] #32 pid=1 cond=0x36f8050 woke=0
[WARN] kernel::syscall::dispatch: [stat-trace] nr=0x101 path='/system/flutter/flutter_assets/vm_snapshot_data'
[DEBUG] kernel::syscall::handlers::fd: [sys_open] '/system/flutter/flutter_assets/vm_snapshot_data' → fd=4 (15011 bytes)
[DEBUG] kernel::syscall::dispatch: [mmap] file-backed fd=4 off=0x0 len=0x3aa3 → va=0x31e000000 (15011 copied)
[WARN] kernel::syscall::dispatch: [stat-trace] nr=0x101 path='/system/flutter/flutter_assets/isolate_snapshot_data'
[DEBUG] kernel::syscall::handlers::fd: [sys_open] '/system/flutter/flutter_assets/isolate_snapshot_data' → fd=4 (11028680 bytes)
[DEBUG] kernel::syscall::dispatch: [mmap] file-backed fd=4 off=0x0 len=0xa848c8 → va=0x327000000 (11028680 copied)
[INFO] kernel::wm: [push-vsync] #9 frame=10 baton=0x0
[WARN] kernel::syscall::posix: [startup-mutex] acquire #0 pid=1 mutex=0x371ef70 rip=0x7fffe2fa
[WARN] kernel::process: [spawn_thread] alloc stack_va=0x33d000000 pages=16
[WARN] kernel::process: [spawn_thread] tid=5 tls_va=0x33e000000 arg=0x33c000010
[INFO] kernel::process: [Process] Thread tid=5 spawned in pid=1 entry=0x29b9080 tls=0x33e000000
[WARN] kernel::syscall::handlers::futex: [thread-create] spawned child=5 entry=0x29b9080
[WARN] kernel::syscall::poll: [epoll_wait] #3 pid=2 epfd=66 max=1 to=4294967295
[WARN] kernel::syscall::poll: [epoll-ready-tfd] #0 epfd=66 tfd=67 pending=3 deadline=0 period=0
[WARN] kernel::syscall::poll: [epoll_fire] #0 pid=2 epfd=66 ready=1
[WARN] kernel::syscall::poll: [yield-gate] #0 cur=2 focus=1 init_ready=false pend=1 coop_ready=true
[WARN] kernel::syscall::handlers::fd: [tfd-read] pid=2 tfd=67 count=3
[WARN] kernel::syscall::poll: [epoll_wait] #4 pid=2 epfd=66 max=1 to=4294967295
[WARN] kernel::syscall::poll: [epoll-block] #3 pid=2 epfd=66 next=3 rip=0x7fffeefa
[WARN] kernel::syscall::poll: [epoll_wait] #5 pid=3 epfd=68 max=1 to=4294967295
[WARN] kernel::syscall::poll: [epoll-ready-tfd] #1 epfd=68 tfd=69 pending=3 deadline=0 period=0
[WARN] kernel::syscall::poll: [epoll_fire] #1 pid=3 epfd=68 ready=1
[WARN] kernel::syscall::poll: [yield-gate] #1 cur=3 focus=1 init_ready=false pend=1 coop_ready=true
[WARN] kernel::syscall::handlers::fd: [tfd-read] pid=3 tfd=69 count=3
[WARN] kernel::syscall::poll: [epoll_wait] #6 pid=3 epfd=68 max=1 to=4294967295
[WARN] kernel::syscall::poll: [epoll-block] #4 pid=3 epfd=68 next=4 rip=0x7fffeefa
[WARN] kernel::syscall::poll: [epoll_wait] #7 pid=4 epfd=70 max=1 to=4294967295
[WARN] kernel::syscall::poll: [epoll70-enter] #1 pid=4 to=4294967295 rip=0x7fffeefa
[WARN] kernel::syscall::poll: [epoll70-scan] #22 now=1700000006158265333 deadline=0 pending=3 period=0
[WARN] kernel::syscall::poll: [epoll-ready-tfd] #2 epfd=70 tfd=71 pending=3 deadline=0 period=0
[WARN] kernel::syscall::poll: [epoll_fire] #2 pid=4 epfd=70 ready=1
[WARN] kernel::syscall::poll: [yield-gate] #2 cur=4 focus=1 init_ready=false pend=1 coop_ready=true
[WARN] kernel::syscall::handlers::fd: [tfd-read] pid=4 tfd=71 count=3
[WARN] kernel::syscall::poll: [epoll70-enter] #2 pid=4 to=4294967295 rip=0x7fffeefa
[WARN] kernel::syscall::poll: [epoll70-scan] #23 now=1700000006158755333 deadline=0 pending=0 period=0
[WARN] kernel::syscall::poll: [epoll70-empty] #1 pid=4 no-ready
[WARN] kernel::syscall::poll: [epoll70-scan] #24 now=1700000006158869333 deadline=0 pending=0 period=0
[WARN] kernel::syscall::poll: [epoll70-scan] #25 now=1700000006158941666 deadline=0 pending=0 period=0
[WARN] kernel::syscall::poll: [epoll70-scan] #26 now=1700000006159011666 deadline=0 pending=0 period=0
[WARN] kernel::syscall::poll: [epoll70-scan] #27 now=1700000006159082000 deadline=0 pending=0 period=0
[WARN] kernel::syscall::poll: [epoll70-scan] #28 now=1700000006159151333 deadline=0 pending=0 period=0
[WARN] kernel::syscall::poll: [epoll70-scan] #29 now=1700000006159219333 deadline=0 pending=0 period=0
[WARN] kernel::syscall::poll: [epoll70-scan] #30 now=1700000006159288666 deadline=0 pending=0 period=0
[WARN] kernel::syscall::poll: [epoll70-scan] #31 now=1700000006159358666 deadline=0 pending=0 period=0
[WARN] kernel::syscall::poll: [epoll70-scan] #32 now=1700000006159432666 deadline=0 pending=0 period=0
[WARN] kernel::syscall::poll: [epoll70-scan] #33 now=1700000006159501333 deadline=0 pending=0 period=0
[WARN] kernel::syscall::poll: [epoll70-scan] #34 now=1700000006160233666 deadline=0 pending=0 period=0
[WARN] kernel::syscall::poll: [epoll70-scan] #35 now=1700000006160549333 deadline=0 pending=0 period=0
[WARN] kernel::syscall::poll: [epoll-block] #5 pid=4 epfd=70 next=1 rip=0x7fffeefa
[INFO] kernel::wm: [push-vsync] #10 frame=11 baton=0x0
[WARN] kernel::process: [spawn_thread] alloc stack_va=0x343000000 pages=16
[WARN] kernel::process: [spawn_thread] tid=6 tls_va=0x344000000 arg=0x342000010
[INFO] kernel::process: [Process] Thread tid=6 spawned in pid=1 entry=0x29b9080 tls=0x344000000
[WARN] kernel::syscall::handlers::futex: [thread-create] spawned child=6 entry=0x29b9080
[DEBUG] kernel::syscall::handlers::fd: [pipe2] read_fd=4 write_fd=5 pipe_id=0 flags=0x80000
[WARN] kernel::syscall::poll: [epoll_create] pid=1 → fd=72
[WARN] kernel::syscall::poll: [epoll_ctl] pid=1 epfd=72 op=1 fd=4 events=0x1
[WARN] kernel::syscall::poll: [epoll_ctl_raw] raw_bytes=[1, 0, 0, 0, 0, 0, 0, 0, 0, 0, 0, 0, 16, 0, 0, 94]
[WARN] kernel::syscall::poll: [timerfd_create] pid=1 → fd=73
[WARN] kernel::syscall::poll: [epoll_ctl] pid=1 epfd=72 op=1 fd=73 events=0x1
[WARN] kernel::syscall::poll: [epoll_ctl_raw] raw_bytes=[1, 0, 0, 0, 73, 0, 0, 0, 0, 0, 0, 0, 16, 0, 0, 94]
[WARN] kernel::process: [spawn_thread] alloc stack_va=0x363000000 pages=256
[WARN] kernel::process: [spawn_thread] tid=7 tls_va=0x364000000 arg=0x362000010
[INFO] kernel::process: [Process] Thread tid=7 spawned in pid=1 entry=0x323bb20 tls=0x364000000
[WARN] kernel::syscall::handlers::futex: [thread-create] spawned child=7 entry=0x323bb20
[INFO] kernel::wm: [push-vsync] #11 frame=12 baton=0x0
[WARN] kernel::syscall::poll: [epoll72-enter] #0 pid=7 epfd=72 max=16 to=4294967295 watched=[(4, 1, 0), (73, 1, 73)]
[WARN] kernel::syscall::poll: [epoll72-bootstrap] injected pending tick on tfd=73
[WARN] kernel::syscall::poll: [epoll-ready-tfd] #3 epfd=72 tfd=73 pending=1 deadline=0 period=0
[WARN] kernel::syscall::poll: [epoll72-ready-fast] #0 pid=7 epfd=72 ready=1 ev=0x1 data=0x49
[WARN] kernel::syscall::poll: [epoll_fire] #3 pid=7 epfd=72 ready=1
[WARN] kernel::syscall::poll: [yield-gate] #3 cur=7 focus=1 init_ready=false pend=1 coop_ready=true
[WARN] kernel::syscall::handlers::fd: [tfd-read] pid=7 tfd=73 count=1
[WARN] kernel::syscall::poll: [tfd-settime] #0 pid=7 fd=73 flags=1 deadline=0ns now=1700000006185677333ns delta=0ns period=0ns
[WARN] kernel::syscall::poll: [epoll72-enter] #1 pid=7 epfd=72 max=16 to=4294967295 watched=[(4, 1, 0), (73, 1, 73)]
[WARN] kernel::syscall::poll: [epoll-block] #6 pid=7 epfd=72 next=1 rip=0x7fffeefa
[INFO] kernel::wm: [push-vsync] #12 frame=13 baton=0x0
[INFO] kernel::wm: [push-vsync] #13 frame=14 baton=0x0
[DEBUG] kernel::syscall::dispatch: [pthread_getattr_np] tid=1 base=0x7ffffffe0000 size=0x10000
[DEBUG] kernel::syscall::posix: [pthread_attr_getstack] tid=1 base=0x7ffffffe0000 size=0x10000
[INFO] kernel::wm: [push-vsync] #14 frame=15 baton=0x0
[WARN] kernel::syscall::posix: [cond-broadcast] #33 pid=1 cond=0x384000040 woke=0
[INFO] kernel::wm: [push-vsync] #15 frame=16 baton=0x0
[WARN] kernel::syscall::posix: [cond-broadcast] #34 pid=1 cond=0x384000040 woke=0
[WARN] kernel::syscall::posix: [cond-broadcast] #35 pid=1 cond=0x3a2000048 woke=0
[INFO] kernel::wm: [push-vsync] #16 frame=17 baton=0x0
[WARN] kernel::syscall::posix: [cond-broadcast] #36 pid=1 cond=0x3b9000048 woke=0
[WARN] kernel::syscall::posix: [cond-broadcast] #37 pid=1 cond=0x3b9000048 woke=0
[WARN] kernel::syscall::posix: [cond-broadcast] #38 pid=1 cond=0x3b9000048 woke=0
[WARN] kernel::syscall::posix: [cond-broadcast] #39 pid=1 cond=0x3b9000048 woke=0
[WARN] kernel::syscall::posix: [cond-broadcast] #40 pid=1 cond=0x3b9000048 woke=0
[INFO] kernel::wm: [push-vsync] #17 frame=18 baton=0x0
[WARN] kernel::syscall::posix: [cond-broadcast] #41 pid=1 cond=0x3b9000048 woke=0
[WARN] kernel::syscall::posix: [cond-broadcast] #42 pid=1 cond=0x3b9000048 woke=0
[WARN] kernel::syscall::posix: [cond-broadcast] #43 pid=1 cond=0x3b9000048 woke=0
[WARN] kernel::syscall::posix: [cond-broadcast] #44 pid=1 cond=0x3b9000048 woke=0
[INFO] kernel::wm: [push-vsync] #18 frame=19 baton=0x0
[WARN] kernel::syscall::posix: [cond-broadcast] #45 pid=1 cond=0x3b9000048 woke=0
[INFO] kernel::wm: [push-vsync] #19 frame=20 baton=0x0
[WARN] kernel::syscall::posix: [cond-broadcast] #46 pid=1 cond=0x3b9000048 woke=0
[WARN] kernel::syscall::posix: [cond-broadcast] #47 pid=1 cond=0x3b9000048 woke=0
[WARN] kernel::syscall::posix: [cond-broadcast] #48 pid=1 cond=0x3b9000048 woke=0
[WARN] kernel::syscall::posix: [cond-broadcast] #49 pid=1 cond=0x3b9000048 woke=0
[WARN] kernel::syscall::posix: [cond-broadcast] #50 pid=1 cond=0x3b9000048 woke=0
[WARN] kernel::syscall::posix: [cond-broadcast] #51 pid=1 cond=0x3b9000048 woke=0
[WARN] kernel::syscall::posix: [cond-broadcast] #52 pid=1 cond=0x3b9000048 woke=0
[WARN] kernel::syscall::posix: [cond-broadcast] #53 pid=1 cond=0x3b9000048 woke=0
[WARN] kernel::syscall::posix: [cond-broadcast] #54 pid=1 cond=0x3b9000048 woke=0
[WARN] kernel::syscall::posix: [cond-broadcast] #55 pid=1 cond=0x3b9000048 woke=0
[INFO] kernel::wm: [push-vsync] #20 frame=21 baton=0x0
[WARN] kernel::syscall::posix: [cond-broadcast] #56 pid=1 cond=0x3b9000048 woke=0
[WARN] kernel::syscall::posix: [cond-broadcast] #57 pid=1 cond=0x3b9000048 woke=0
[WARN] kernel::syscall::posix: [cond-broadcast] #58 pid=1 cond=0x3b9000048 woke=0
[WARN] kernel::syscall::posix: [cond-broadcast] #59 pid=1 cond=0x3b9000048 woke=0
[WARN] kernel::syscall::posix: [cond-broadcast] #60 pid=1 cond=0x3b9000048 woke=0
[WARN] kernel::syscall::posix: [cond-broadcast] #61 pid=1 cond=0x3b9000048 woke=0
[WARN] kernel::syscall::posix: [cond-broadcast] #62 pid=1 cond=0x3b9000048 woke=0
[WARN] kernel::syscall::posix: [cond-broadcast] #63 pid=1 cond=0x3b9000048 woke=0
[INFO] kernel::wm: [push-vsync] #21 frame=22 baton=0x0
[INFO] kernel::wm: [push-vsync] #22 frame=23 baton=0x0
[INFO] kernel::wm: [push-vsync] #23 frame=24 baton=0x0
[INFO] kernel::wm: [push-vsync] #24 frame=25 baton=0x0
[INFO] kernel::wm: [push-vsync] #25 frame=26 baton=0x0
[INFO] kernel::wm: [push-vsync] #26 frame=27 baton=0x0
[INFO] kernel::wm: [push-vsync] #27 frame=28 baton=0x0
[INFO] kernel::wm: [push-vsync] #28 frame=29 baton=0x0
[INFO] kernel::wm: [push-vsync] #29 frame=30 baton=0x0
[WARN] kernel::syscall::posix: [startup-mutex] acquire #1 pid=1 mutex=0x39b000018 rip=0x7fffe2fa
[WARN] kernel::syscall::posix: [startup-mutex] unlock #0 pid=1 mutex=0x39b000018 waiter=None rip=0x7fffe30a
[WARN] kernel::process: [spawn_thread] alloc stack_va=0x455000000 pages=256
[WARN] kernel::process: [spawn_thread] tid=8 tls_va=0x456000000 arg=0x454000010
[INFO] kernel::process: [Process] Thread tid=8 spawned in pid=1 entry=0x338ed10 tls=0x456000000
[WARN] kernel::syscall::handlers::futex: [thread-create] spawned child=8 entry=0x338ed10
[WARN] kernel::process: [enter-user-89] #0 pid=8 rip=0x338ed10 rsp=0x4550ffff8 fs=0x456000000 preempted=false errno=0
[WARN] kernel::syscall::dispatch: [pid89-sys] #0 pid=8 nr=0x3a1 a0=0x454000010 a1=0x18 a2=0x0 a3=0x338ed10 rip=0x7fffe01a
[WARN] kernel::syscall::dispatch: [pid89-sys] #1 pid=8 nr=0x434 a0=0x4550fffc0 a1=0x10 a2=0x115ef6d a3=0x1161ee3 rip=0x7fffea4a
[WARN] kernel::syscall::dispatch: [pid89-sys] #2 pid=8 nr=0x3d1 a0=0x4550fffc0 a1=0x10 a2=0x115ef6d a3=0x7fffea4a rip=0x7fffe2da
[WARN] kernel::syscall::dispatch: [pid89-sys] #3 pid=8 nr=0x3f4 a0=0x456000000 a1=0x4550fffc0 a2=0x115ef6d a3=0x7fffe2da rip=0x7fffe50a
[WARN] kernel::syscall::dispatch: [pid89-sys] #4 pid=8 nr=0x3d3 a0=0x374000010 a1=0x4550fffc0 a2=0x115ef6d a3=0x7fffe50a rip=0x7fffe2fa
[WARN] kernel::syscall::dispatch: [pid89-sys] #5 pid=8 nr=0x3a0 a0=0xb0 a1=0x4550fffc0 a2=0x115ef6d a3=0x7fffe2fa rip=0x7fffe00a
[WARN] kernel::syscall::dispatch: [pid89-sys] #6 pid=8 nr=0x3d1 a0=0x457000010 a1=0x4550fffc0 a2=0x115ef6d a3=0x7fffe00a rip=0x7fffe2da
[WARN] kernel::syscall::dispatch: [pid89-sys] #7 pid=8 nr=0x411 a0=0xba a1=0x4550fffc0 a2=0x115ef6d a3=0x7fffe2da rip=0x7fffe71a
[WARN] kernel::syscall::dispatch: [pid89-sys] #8 pid=8 nr=0xba a0=0x4550fffc0 a1=0x115ef6d a2=0x7fffe2da a3=0x0 rip=0x7fffe71a
[WARN] kernel::syscall::dispatch: [pid89-sys] #9 pid=8 nr=0x3a0 a0=0x10 a1=0x4550fffc0 a2=0x115ef6d a3=0x7fffe71a rip=0x7fffe00a
[WARN] kernel::syscall::dispatch: [pid89-sys] #10 pid=8 nr=0x3d1 a0=0x10 a1=0x4550fffc0 a2=0x115ef6d a3=0x7fffe00a rip=0x7fffe2da
[WARN] kernel::syscall::dispatch: [pid89-sys] #11 pid=8 nr=0x3f5 a0=0x456000000 a1=0x458000010 a2=0x10 a3=0x7fffe2da rip=0x7fffe51a
[WARN] kernel::syscall::dispatch: [pid89-sys] #12 pid=8 nr=0x3ec a0=0x4550ffabc a1=0x458000010 a2=0x10 a3=0x7fffe51a rip=0x7fffe48a
[WARN] kernel::syscall::dispatch: [pid89-sys] #13 pid=8 nr=0x3d2 a0=0x457000038 a1=0x4550ffabc a2=0x10 a3=0x7fffe48a rip=0x7fffe2ea
[WARN] kernel::syscall::dispatch: [pid89-sys] #14 pid=8 nr=0x3ed a0=0x4550ffabc a1=0x4550ffabc a2=0x10 a3=0x7fffe2ea rip=0x7fffe49a
[WARN] kernel::syscall::dispatch: [pid89-sys] #15 pid=8 nr=0x3a0 a0=0x30 a1=0x4550ffabc a2=0x10 a3=0x7fffe49a rip=0x7fffe00a
[WARN] kernel::syscall::dispatch: [pid89-sys] #16 pid=8 nr=0x3d1 a0=0x4570000a0 a1=0x457000098 a2=0x10 a3=0x32fb050 rip=0x7fffe2da
[WARN] kernel::syscall::dispatch: [pid89-sys] #17 pid=8 nr=0x3f6 a0=0x456000000 a1=0x4550ffe88 a2=0x10 a3=0x7fffe2da rip=0x7fffe52a
[DEBUG] kernel::syscall::dispatch: [pthread_getattr_np] tid=8 base=0x455000000 size=0x100000
[WARN] kernel::syscall::dispatch: [pid89-sys] #18 pid=8 nr=0x3eb a0=0x4550ffe88 a1=0x4550ffe80 a2=0x4550ffe78 a3=0x7fffe52a rip=0x7fffe47a
[DEBUG] kernel::syscall::posix: [pthread_attr_getstack] tid=8 base=0x455000000 size=0x100000
[WARN] kernel::syscall::dispatch: [pid89-sys] #19 pid=8 nr=0x3e8 a0=0x4550ffe88 a1=0x4550ffe80 a2=0x4550ffe78 a3=0x7fffe47a rip=0x7fffe44a
[WARN] kernel::syscall::dispatch: [pid89-sys] #20 pid=8 nr=0x3d4 a0=0x374000010 a1=0x4550ffe80 a2=0x80000 a3=0x0 rip=0x7fffe30a
[WARN] kernel::syscall::dispatch: [pid89-sys] #21 pid=8 nr=0x3da a0=0x3 a1=0x457000010 a2=0x80000 a3=0x7fffe30a rip=0x7fffe36a
[WARN] kernel::syscall::dispatch: [pid89-sys] #22 pid=8 nr=0x3fd a0=0x36f1c88 a1=0x457000010 a2=0x80000 a3=0x7fffe36a rip=0x7fffe59a
[WARN] kernel::syscall::dispatch: [pid89-sys] #23 pid=8 nr=0x3d3 a0=0x374000010 a1=0x1161ee3 a2=0x80000 a3=0x7fffe59a rip=0x7fffe2fa
[WARN] kernel::syscall::dispatch: [pid89-sys] #24 pid=8 nr=0x3a1 a0=0x458000010 a1=0x1161ee3 a2=0x80000 a3=0x7fffe2fa rip=0x7fffe01a
[WARN] kernel::syscall::dispatch: [pid89-sys] #25 pid=8 nr=0x3a7 a0=0x1161ee3 a1=0x1161ee3 a2=0x80000 a3=0x7fffe01a rip=0x7fffe07a
[WARN] kernel::syscall::dispatch: [pid89-sys] #26 pid=8 nr=0x27 a0=0x1161ee3 a1=0x1161ee3 a2=0x80000 a3=0x7fffe07a rip=0x7fffe5ea
[WARN] kernel::syscall::dispatch: [pid89-sys] #27 pid=8 nr=0x3b7 a0=0x117538f a1=0x1170c61 a2=0x8 a3=0x45b000010 rip=0x7fffe11a
[WARN] kernel::syscall::dispatch: [pid89-sys] #28 pid=8 nr=0x3b7 a0=0x116d8b1 a1=0x1170c61 a2=0x8 a3=0x7fffe11a rip=0x7fffe11a
[WARN] kernel::syscall::dispatch: [pid89-sys] #29 pid=8 nr=0x3b7 a0=0x1179d4d a1=0x1170c61 a2=0x8 a3=0x7fffe11a rip=0x7fffe11a
[WARN] kernel::syscall::dispatch: [pid89-sys] #30 pid=8 nr=0x3d3 a0=0x37a000058 a1=0x1170c61 a2=0x8 a3=0x7fffe11a rip=0x7fffe2fa
[WARN] kernel::syscall::dispatch: [pid89-sys] #31 pid=8 nr=0x3a0 a0=0x20 a1=0x0 a2=0x10 a3=0x0 rip=0x7fffe00a
[WARN] kernel::syscall::dispatch: [pid89-sys] #32 pid=8 nr=0x3a7 a0=0x45b000010 a1=0x0 a2=0x10 a3=0x7fffe00a rip=0x7fffe07a
[WARN] kernel::syscall::dispatch: [pid89-sys] #33 pid=8 nr=0x3d4 a0=0x37a000058 a1=0x0 a2=0x10 a3=0x7fffe07a rip=0x7fffe30a
[WARN] kernel::syscall::dispatch: [pid89-sys] #34 pid=8 nr=0x3d4 a0=0x374000010 a1=0x0 a2=0x10 a3=0x7fffe30a rip=0x7fffe30a
[WARN] kernel::syscall::dispatch: [pid89-sys] #35 pid=8 nr=0x483 a0=0x4550fff40 a1=0x0 a2=0x10 a3=0x7fffe30a rip=0x7fffef9a
[WARN] kernel::syscall::dispatch: [pid89-sys] #36 pid=8 nr=0x484 a0=0x4550fff40 a1=0x1b a2=0x10 a3=0x7fffef9a rip=0x7fffefaa
[WARN] kernel::syscall::dispatch: [pid89-sys] #37 pid=8 nr=0x3f2 a0=0x1 a1=0x4550fff40 a2=0x0 a3=0x7fffefaa rip=0x7fffe4ea
[WARN] kernel::syscall::dispatch: [pid89-sys] #38 pid=8 nr=0x3db a0=0x3 a1=0x4550fff40 a2=0x0 a3=0x7fffe4ea rip=0x7fffe37a
[WARN] kernel::syscall::dispatch: [pid89-sys] #39 pid=8 nr=0x3d1 a0=0x457000010 a1=0x4550fff40 a2=0x0 a3=0x7fffe37a rip=0x7fffe2da
[WARN] kernel::syscall::dispatch: [pid89-sys] #40 pid=8 nr=0x3d3 a0=0x39b000018 a1=0x453000010 a2=0x0 a3=0x7fffe2da rip=0x7fffe2fa
[WARN] kernel::syscall::posix: [startup-mutex] acquire #2 pid=8 mutex=0x39b000018 rip=0x7fffe2fa
[WARN] kernel::syscall::dispatch: [pid89-sys] #41 pid=8 nr=0x3d4 a0=0x39b000018 a1=0x453000010 a2=0x0 a3=0x39b000098 rip=0x7fffe30a
[WARN] kernel::syscall::posix: [startup-mutex] unlock #1 pid=8 mutex=0x39b000018 waiter=None rip=0x7fffe30a
[WARN] kernel::syscall::dispatch: [pid89-sys] #42 pid=8 nr=0x3b7 a0=0x1179bde a1=0x1179bde a2=0x0 a3=0x0 rip=0x7fffe11a
[WARN] kernel::syscall::dispatch: [pid89-sys] #43 pid=8 nr=0x3d3 a0=0x371ef70 a1=0x1179bde a2=0x4550ffe38 a3=0x4550ffe30 rip=0x7fffe2fa
[WARN] kernel::syscall::posix: [startup-mutex] contend #0 pid=8 mutex=0x371ef70 val=1 rip=0x7fffe2fa
[WARN] kernel::syscall::posix: [startup-mutex] before-waiter-add pid=8 mutex=0x371ef70
[WARN] kernel::syscall::posix: [startup-mutex] after-waiter-add pid=8 mutex=0x371ef70
[WARN] kernel::syscall::posix: [startup-mutex] before-force-wake pid=8 mutex=0x371ef70
[WARN] kernel::syscall::posix: [startup-mutex] after-force-wake pid=8 mutex=0x371ef70
[WARN] kernel::syscall::posix: [startup-mutex] pid1-handoff #0 pid=8 mutex=0x371ef70
[WARN] kernel::syscall::handlers::futex: [futex-target-wake] #0 caller=1 addr=0x338000070 waking_pid=5
[WARN] kernel::syscall::handlers::futex: [futex-target-wake] #0 caller=1 addr=0x338000070 waking_pid=6
[WARN] kernel::syscall::poll: [epoll-ready-tfd] #4 epfd=66 tfd=67 pending=43 deadline=0 period=0
[WARN] kernel::syscall::poll: [epoll_fire] #4 pid=2 epfd=66 ready=1
[WARN] kernel::syscall::poll: [yield-gate] #4 cur=2 focus=1 init_ready=false pend=1 coop_ready=true
[WARN] kernel::syscall::handlers::fd: [tfd-read] pid=2 tfd=67 count=43
[WARN] kernel::syscall::poll: [epoll-block] #7 pid=2 epfd=66 next=3 rip=0x7fffeefa
[WARN] kernel::syscall::poll: [epoll-ready-tfd] #5 epfd=68 tfd=69 pending=43 deadline=0 period=0
[WARN] kernel::syscall::poll: [epoll_fire] #5 pid=3 epfd=68 ready=1
[WARN] kernel::syscall::poll: [yield-gate] #5 cur=3 focus=1 init_ready=false pend=1 coop_ready=true
[WARN] kernel::syscall::handlers::fd: [tfd-read] pid=3 tfd=69 count=43
[WARN] kernel::syscall::poll: [epoll-block] #8 pid=3 epfd=68 next=4 rip=0x7fffeefa
[WARN] kernel::syscall::poll: [epoll70-enter] #3 pid=4 to=4294967295 rip=0x7fffeefa
[WARN] kernel::syscall::poll: [epoll70-scan] #36 now=1700000006404796666 deadline=0 pending=43 period=0
[WARN] kernel::syscall::poll: [epoll-ready-tfd] #6 epfd=70 tfd=71 pending=43 deadline=0 period=0
[WARN] kernel::syscall::poll: [epoll_fire] #6 pid=4 epfd=70 ready=1
[WARN] kernel::syscall::poll: [yield-gate] #6 cur=4 focus=1 init_ready=false pend=1 coop_ready=true
[WARN] kernel::syscall::handlers::fd: [tfd-read] pid=4 tfd=71 count=43
[WARN] kernel::syscall::poll: [epoll70-enter] #4 pid=4 to=4294967295 rip=0x7fffeefa
[WARN] kernel::syscall::poll: [epoll70-scan] #37 now=1700000006407244333 deadline=0 pending=0 period=0
[WARN] kernel::syscall::poll: [epoll70-empty] #2 pid=4 no-ready
[WARN] kernel::syscall::poll: [epoll70-scan] #38 now=1700000006407668666 deadline=0 pending=0 period=0
[WARN] kernel::syscall::poll: [epoll70-scan] #39 now=1700000006408758666 deadline=0 pending=0 period=0
[WARN] kernel::syscall::poll: [epoll70-scan] #40 now=1700000006409724333 deadline=0 pending=0 period=0
[WARN] kernel::syscall::poll: [epoll70-scan] #41 now=1700000006409799000 deadline=0 pending=0 period=0
[WARN] kernel::syscall::poll: [epoll70-scan] #42 now=1700000006409867666 deadline=0 pending=0 period=0
[WARN] kernel::syscall::poll: [epoll70-scan] #43 now=1700000006409937333 deadline=0 pending=0 period=0
[WARN] kernel::syscall::poll: [epoll70-scan] #44 now=1700000006410006000 deadline=0 pending=0 period=0
[WARN] kernel::syscall::poll: [epoll70-scan] #45 now=1700000006410117666 deadline=0 pending=0 period=0
[WARN] kernel::syscall::poll: [epoll-block] #9 pid=4 epfd=70 next=7 rip=0x7fffeefa
[WARN] kernel::syscall::poll: [epoll72-enter] #2 pid=7 epfd=72 max=16 to=4294967295 watched=[(4, 1, 0), (73, 1, 73)]
[WARN] kernel::syscall::poll: [epoll-ready-tfd] #7 epfd=72 tfd=73 pending=43 deadline=0 period=0
[WARN] kernel::syscall::poll: [epoll72-ready-fast] #1 pid=7 epfd=72 ready=1 ev=0x1 data=0x49
[WARN] kernel::syscall::poll: [epoll_fire] #7 pid=7 epfd=72 ready=1
[WARN] kernel::syscall::poll: [yield-gate] #7 cur=7 focus=1 init_ready=false pend=1 coop_ready=true
[WARN] kernel::syscall::handlers::fd: [tfd-read] pid=7 tfd=73 count=43
[WARN] kernel::syscall::poll: [tfd-settime] #1 pid=7 fd=73 flags=1 deadline=0ns now=1700000006412167000ns delta=0ns period=0ns
[WARN] kernel::syscall::poll: [epoll72-enter] #3 pid=7 epfd=72 max=16 to=4294967295 watched=[(4, 1, 0), (73, 1, 73)]
[WARN] kernel::syscall::poll: [epoll-block] #10 pid=7 epfd=72 next=1 rip=0x7fffeefa
[WARN] kernel::syscall::posix: [startup-mutex] unlock #2 pid=1 mutex=0x371ef70 waiter=Some(8) rip=0x7fffe30a
[WARN] kernel::process: [enter-user-89] #1 pid=8 rip=0x7fffe2f8 rsp=0x4550ff868 fs=0x456000000 preempted=false errno=0
[WARN] kernel::syscall::dispatch: [pid89-sys] #44 pid=8 nr=0x3d3 a0=0x371ef70 a1=0x1179bde a2=0x4550ffe38 a3=0x4550ffe30 rip=0x7fffe2fa
[WARN] kernel::syscall::posix: [startup-mutex] acquire #3 pid=8 mutex=0x371ef70 rip=0x7fffe2fa
[WARN] kernel::syscall::dispatch: [pid89-sys] #45 pid=8 nr=0x3d4 a0=0x371ef70 a1=0x1179bde a2=0x4550ffe38 a3=0x1 rip=0x7fffe30a
[WARN] kernel::syscall::posix: [startup-mutex] unlock #3 pid=8 mutex=0x371ef70 waiter=None rip=0x7fffe30a
[WARN] kernel::syscall::dispatch: [pid89-sys] #46 pid=8 nr=0x405 a0=0x1 a1=0x4550ffa78 a2=0x4550ffe38 a3=0x7fffe30a rip=0x7fffe63a
[WARN] kernel::syscall::dispatch: [pid89-sys] #47 pid=8 nr=0x435 a0=0x0 a1=0x0 a2=0x11ad1c7 a3=0x4550ffd00 rip=0x7fffea5a
[WARN] kernel::syscall::posix: [vsnprintf-debug] #0 pid=8 ap=0x4550ffd00 gp_off=16 reg_save=0x4550ffd60 ovf=0x4550ffe20
[WARN] kernel::syscall::posix: [vsnprintf-debug] arg=0x0
[ERROR] kernel::syscall::posix: [snprintf-error] pid=8 #0: msg="Invoking the 'create_group' failed with: ''" fmt="Invoking the 'create_group' failed with: '%s'"
[WARN] kernel::syscall::dispatch: [pid89-sys] #48 pid=8 nr=0x3a0 a0=0x2c a1=0x0 a2=0x11ad1c7 a3=0x7fffea5a rip=0x7fffe00a
[WARN] kernel::syscall::dispatch: [pid89-sys] #49 pid=8 nr=0x435 a0=0x464000010 a1=0x2c a2=0x11ad1c7 a3=0x4550ffce0 rip=0x7fffea5a
[WARN] kernel::syscall::posix: [vsnprintf-debug] #1 pid=8 ap=0x4550ffce0 gp_off=16 reg_save=0x4550ffd60 ovf=0x4550ffe20
[WARN] kernel::syscall::posix: [vsnprintf-debug] arg=0x0
[ERROR] kernel::syscall::posix: [snprintf-error] pid=8 #1: msg="Invoking the 'create_group' failed with: ''" fmt="Invoking the 'create_group' failed with: '%s'"
[WARN] kernel::syscall::dispatch: [pid89-sys] #50 pid=8 nr=0x3a1 a0=0x0 a1=0x2c a2=0x11ad1c7 a3=0x7fffea5a rip=0x7fffe01a
[WARN] kernel::syscall::dispatch: [pid89-sys] #51 pid=8 nr=0x3d3 a0=0x237000010 a1=0x2c a2=0x11ad1c7 a3=0x7fffe01a rip=0x7fffe2fa
[WARN] kernel::syscall::dispatch: [pid89-sys] #52 pid=8 nr=0x3df a0=0x237000040 a1=0x2c a2=0x11ad1c7 a3=0x7fffe2fa rip=0x7fffe3ba
[WARN] kernel::syscall::dispatch: [pid89-sys] #53 pid=8 nr=0x3d4 a0=0x237000010 a1=0x2c a2=0x11ad1c7 a3=0x7fffe3ba rip=0x7fffe30a
[WARN] kernel::syscall::dispatch: [pid89-sys] #54 pid=8 nr=0x3a1 a0=0x452000010 a1=0x18 a2=0x11ad1c7 a3=0x7fffe30a rip=0x7fffe01a
[WARN] kernel::syscall::dispatch: [pid89-sys] #55 pid=8 nr=0x3d3 a0=0x39b000018 a1=0x18 a2=0x11ad1c7 a3=0x7fffe01a rip=0x7fffe2fa
[WARN] kernel::syscall::posix: [startup-mutex] acquire #4 pid=8 mutex=0x39b000018 rip=0x7fffe2fa
[WARN] kernel::syscall::dispatch: [pid89-sys] #56 pid=8 nr=0x405 a0=0x1 a1=0x4550ffe98 a2=0x453000010 a3=0x39b000068 rip=0x7fffe63a
[WARN] kernel::syscall::dispatch: [pid89-sys] #57 pid=8 nr=0x405 a0=0x1 a1=0x4550ffe98 a2=0x60a241880651c a3=0x20c49ba5e353f7cf rip=0x7fffe63a
[WARN] kernel::syscall::dispatch: [pid89-sys] #58 pid=8 nr=0x405 a0=0x1 a1=0x4550ffa80 a2=0x4c4add a3=0x20c49ba5e353f7cf rip=0x7fffe63a
[WARN] kernel::syscall::dispatch: [pid89-sys] #59 pid=8 nr=0x3e1 a0=0x453000040 a1=0x39b000018 a2=0x4550ffa80 a3=0x431bde82d7b634db rip=0x7fffe3da
[WARN] kernel::syscall::posix: [timedwait] #0 pid=8 cond=0x453000040 mutex=0x39b000018 timeout_ns=1700000011432134333 now=1700000006432480333
[WARN] kernel::syscall::posix: [startup-mutex] unlock #4 pid=8 mutex=0x39b000018 waiter=None rip=0x7fffe3da
[WARN] kernel::syscall::poll: [epoll-ready-tfd] #8 epfd=66 tfd=67 pending=2 deadline=0 period=0
[WARN] kernel::syscall::poll: [epoll_fire] #8 pid=2 epfd=66 ready=1
[WARN] kernel::syscall::poll: [yield-gate] #8 cur=2 focus=1 init_ready=false pend=1 coop_ready=true
[WARN] kernel::syscall::handlers::fd: [tfd-read] pid=2 tfd=67 count=2
[WARN] kernel::syscall::poll: [epoll-block] #11 pid=2 epfd=66 next=3 rip=0x7fffeefa
[WARN] kernel::syscall::poll: [epoll-ready-tfd] #9 epfd=68 tfd=69 pending=2 deadline=0 period=0
[WARN] kernel::syscall::poll: [epoll_fire] #9 pid=3 epfd=68 ready=1
[WARN] kernel::syscall::poll: [yield-gate] #9 cur=3 focus=1 init_ready=false pend=1 coop_ready=true
[WARN] kernel::syscall::handlers::fd: [tfd-read] pid=3 tfd=69 count=2
[WARN] kernel::syscall::poll: [epoll-block] #12 pid=3 epfd=68 next=4 rip=0x7fffeefa
[WARN] kernel::syscall::poll: [epoll70-enter] #5 pid=4 to=4294967295 rip=0x7fffeefa
[WARN] kernel::syscall::poll: [epoll70-scan] #46 now=1700000006440394333 deadline=0 pending=2 period=0
[WARN] kernel::syscall::poll: [epoll-ready-tfd] #10 epfd=70 tfd=71 pending=2 deadline=0 period=0
[WARN] kernel::syscall::poll: [epoll_fire] #10 pid=4 epfd=70 ready=1
[WARN] kernel::syscall::poll: [yield-gate] #10 cur=4 focus=1 init_ready=false pend=1 coop_ready=true
[WARN] kernel::syscall::handlers::fd: [tfd-read] pid=4 tfd=71 count=2
[WARN] kernel::syscall::poll: [epoll70-enter] #6 pid=4 to=4294967295 rip=0x7fffeefa
[WARN] kernel::syscall::poll: [epoll70-scan] #47 now=1700000006441680666 deadline=0 pending=0 period=0
[WARN] kernel::syscall::poll: [epoll70-empty] #3 pid=4 no-ready
[WARN] kernel::syscall::poll: [epoll70-scan] #48 now=1700000006441798333 deadline=0 pending=0 period=0
[WARN] kernel::syscall::poll: [epoll70-scan] #49 now=1700000006441984333 deadline=0 pending=0 period=0
[WARN] kernel::syscall::poll: [epoll70-scan] #50 now=1700000006442063000 deadline=0 pending=0 period=0
[WARN] kernel::syscall::poll: [epoll70-scan] #51 now=1700000006442149333 deadline=0 pending=0 period=0
[WARN] kernel::syscall::poll: [epoll70-scan] #52 now=1700000006442300666 deadline=0 pending=0 period=0
[WARN] kernel::syscall::poll: [epoll70-scan] #53 now=1700000006442376666 deadline=0 pending=0 period=0
[WARN] kernel::syscall::poll: [epoll70-scan] #54 now=1700000006442447000 deadline=0 pending=0 period=0
[WARN] kernel::syscall::poll: [epoll70-scan] #55 now=1700000006442515333 deadline=0 pending=0 period=0
[WARN] kernel::syscall::poll: [epoll70-scan] #56 now=1700000006442585333 deadline=0 pending=0 period=0
[WARN] kernel::syscall::poll: [epoll70-scan] #57 now=1700000006442654333 deadline=0 pending=0 period=0
[WARN] kernel::syscall::poll: [epoll70-scan] #58 now=1700000006442803666 deadline=0 pending=0 period=0
[WARN] kernel::syscall::poll: [epoll70-scan] #59 now=1700000006442877333 deadline=0 pending=0 period=0
[WARN] kernel::syscall::poll: [epoll70-scan] #60 now=1700000006442956333 deadline=0 pending=0 period=0
[WARN] kernel::syscall::poll: [epoll70-scan] #61 now=1700000006443031000 deadline=0 pending=0 period=0
[WARN] kernel::syscall::poll: [epoll70-scan] #62 now=1700000006443102000 deadline=0 pending=0 period=0
[WARN] kernel::syscall::poll: [epoll70-scan] #63 now=1700000006443171666 deadline=0 pending=0 period=0
[WARN] kernel::syscall::poll: [epoll70-scan] #64 now=1700000006443243333 deadline=0 pending=0 period=0
[WARN] kernel::syscall::poll: [epoll70-scan] #65 now=1700000006443311000 deadline=0 pending=0 period=0
[WARN] kernel::syscall::poll: [epoll70-scan] #66 now=1700000006443380000 deadline=0 pending=0 period=0
[WARN] kernel::syscall::poll: [epoll70-scan] #67 now=1700000006443446000 deadline=0 pending=0 period=0
[WARN] kernel::syscall::poll: [epoll70-scan] #68 now=1700000006443526666 deadline=0 pending=0 period=0
[WARN] kernel::syscall::poll: [epoll70-scan] #69 now=1700000006443599000 deadline=0 pending=0 period=0
[WARN] kernel::syscall::poll: [epoll70-scan] #70 now=1700000006443665666 deadline=0 pending=0 period=0
[WARN] kernel::syscall::poll: [epoll70-scan] #71 now=1700000006443732666 deadline=0 pending=0 period=0
[WARN] kernel::syscall::poll: [epoll70-scan] #72 now=1700000006443797666 deadline=0 pending=0 period=0
[WARN] kernel::syscall::poll: [epoll70-scan] #73 now=1700000006443862333 deadline=0 pending=0 period=0
[WARN] kernel::syscall::poll: [epoll70-scan] #74 now=1700000006443927333 deadline=0 pending=0 period=0
[WARN] kernel::syscall::poll: [epoll-block] #13 pid=4 epfd=70 next=7 rip=0x7fffeefa
[WARN] kernel::syscall::poll: [epoll72-enter] #4 pid=7 epfd=72 max=16 to=4294967295 watched=[(4, 1, 0), (73, 1, 73)]
[WARN] kernel::syscall::poll: [epoll-ready-tfd] #11 epfd=72 tfd=73 pending=2 deadline=0 period=0
[WARN] kernel::syscall::poll: [epoll72-ready-fast] #2 pid=7 epfd=72 ready=1 ev=0x1 data=0x49
[WARN] kernel::syscall::poll: [epoll_fire] #11 pid=7 epfd=72 ready=1
[WARN] kernel::syscall::poll: [yield-gate] #11 cur=7 focus=1 init_ready=false pend=1 coop_ready=true
[WARN] kernel::syscall::handlers::fd: [tfd-read] pid=7 tfd=73 count=2
[WARN] kernel::syscall::poll: [tfd-settime] #2 pid=7 fd=73 flags=1 deadline=0ns now=1700000006444774333ns delta=0ns period=0ns
[WARN] kernel::syscall::poll: [epoll72-enter] #5 pid=7 epfd=72 max=16 to=4294967295 watched=[(4, 1, 0), (73, 1, 73)]
[WARN] kernel::syscall::poll: [epoll-block] #14 pid=7 epfd=72 next=1 rip=0x7fffeefa
[WARN] kernel::syscall::poll: [tfd-settime] #3 pid=1 fd=69 flags=1 val=1700000006450239000ns period=1700000006450239000ns → forced-delay-1ms (now=1700000006450436333ns)
[WARN] kernel::syscall::poll: [tfd-settime] #4 pid=1 fd=69 flags=1 val=1700000006450239000ns period=1700000006450239000ns → forced-delay-1ms (now=1700000006451405333ns)
[WARN] kernel::syscall::poll: [tfd-settime] #5 pid=1 fd=69 flags=1 val=1700000006450239000ns period=1700000006450239000ns → forced-delay-1ms (now=1700000006451582666ns)
[WARN] kernel::syscall::poll: [tfd-settime] #6 pid=1 fd=71 flags=1 val=1700000006451805333ns period=1700000006451805333ns → forced-delay-1ms (now=1700000006451845000ns)
[WARN] kernel::syscall::poll: [tfd-settime] #7 pid=1 fd=67 flags=1 val=1700000006451997000ns period=1700000006451997000ns → forced-delay-1ms (now=1700000006452020333ns)
[WARN] kernel::syscall::poll: [tfd67-arm] #0 pid=1 delta=1000000ns period=1700000006451997000ns orig_exp=true
[WARN] kernel::syscall::poll: [epoll-ready-tfd] #12 epfd=66 tfd=67 pending=1 deadline=3400000012905017333 period=1700000006451997000
[WARN] kernel::syscall::poll: [epoll-spin-ready] #0 pid=2 epfd=66 ready=1 init_ready=false
[WARN] kernel::syscall::handlers::fd: [tfd-read] pid=2 tfd=67 count=1
[WARN] kernel::syscall::poll: [tfd-settime] #8 pid=2 fd=67 flags=1 val=1700000006451997000ns period=1700000006451997000ns → forced-delay-1ms (now=1700000006453277666ns)
[WARN] kernel::syscall::poll: [tfd67-arm] #1 pid=2 delta=1000000ns period=1700000006451997000ns orig_exp=true
[WARN] kernel::syscall::poll: [epoll-ready-tfd] #13 epfd=68 tfd=69 pending=1 deadline=3400000012902821666 period=1700000006450239000
[WARN] kernel::syscall::poll: [epoll_fire] #12 pid=3 epfd=68 ready=1
[WARN] kernel::syscall::poll: [yield-gate] #12 cur=3 focus=1 init_ready=false pend=1 coop_ready=false
[WARN] kernel::syscall::handlers::fd: [tfd-read] pid=3 tfd=69 count=1
[WARN] kernel::syscall::poll: [tfd-settime] #9 pid=3 fd=69 flags=1 val=1700000006450239000ns period=1700000006450239000ns → forced-delay-1ms (now=1700000006454014000ns)
[WARN] kernel::syscall::poll: [tfd-settime] #10 pid=3 fd=69 flags=1 val=1700000006451355000ns period=1700000006451355000ns → forced-delay-1ms (now=1700000006454736666ns)
[INFO] kernel::syscall::handlers::futex: [cond-bridge-sib] #0 cond=0x49a000050 -> futex=0x453000040 wake_count=1 bridged=1
[INFO] kernel::syscall::handlers::futex: [cond-bridge-sib] #1 cond=0x49a000050 -> futex=0x4a7000050 wake_count=1 bridged=1
[INFO] kernel::syscall::handlers::futex: [cond-bridge-sib] #2 cond=0x49a000050 -> futex=0x4ae000050 wake_count=1 bridged=1
[WARN] kernel::syscall::posix: [cond-broadcast-bridged] #0 pid=3 cond=0x49a000050 woke=0 bridged=3
[WARN] kernel::syscall::poll: [tfd-settime] #11 pid=3 fd=69 flags=1 val=1700000006451565000ns period=1700000006451565000ns → forced-delay-1ms (now=1700000006455798000ns)
[WARN] kernel::syscall::poll: [epoll-ready-tfd] #14 epfd=68 tfd=69 pending=2 deadline=1700000006456798000 period=1700000006451565000
[WARN] kernel::syscall::poll: [epoll_fire] #13 pid=3 epfd=68 ready=1
[WARN] kernel::syscall::poll: [yield-gate] #13 cur=3 focus=1 init_ready=false pend=1 coop_ready=true
[WARN] kernel::syscall::handlers::fd: [tfd-read] pid=3 tfd=69 count=2
[WARN] kernel::syscall::poll: [epoll-ready-tfd] #15 epfd=68 tfd=69 pending=1 deadline=3400000012908363000 period=1700000006451565000
[WARN] kernel::syscall::poll: [epoll-spin-ready] #1 pid=3 epfd=68 ready=1 init_ready=false
[WARN] kernel::syscall::handlers::fd: [tfd-read] pid=3 tfd=69 count=1
[WARN] kernel::syscall::poll: [epoll-block] #15 pid=3 epfd=68 next=2 rip=0x7fffeefa
[WARN] kernel::syscall::poll: [epoll70-enter] #7 pid=4 to=4294967295 rip=0x7fffeefa
[WARN] kernel::syscall::poll: [epoll70-scan] #75 now=1700000006459189666 deadline=3400000012904650333 pending=4 period=1700000006451805333
[WARN] kernel::syscall::poll: [epoll-ready-tfd] #16 epfd=70 tfd=71 pending=4 deadline=3400000012904650333 period=1700000006451805333
[WARN] kernel::syscall::poll: [epoll_fire] #14 pid=4 epfd=70 ready=1
[WARN] kernel::syscall::poll: [yield-gate] #14 cur=4 focus=1 init_ready=false pend=1 coop_ready=true
[WARN] kernel::syscall::handlers::fd: [tfd-read] pid=4 tfd=71 count=4
[WARN] kernel::syscall::poll: [tfd-settime] #12 pid=4 fd=71 flags=1 val=1700000006451805333ns period=1700000006451805333ns → forced-delay-1ms (now=1700000006459582666ns)
[WARN] kernel::syscall::poll: [epoll70-enter] #8 pid=4 to=4294967295 rip=0x7fffeefa
[WARN] kernel::syscall::poll: [epoll70-scan] #76 now=1700000006460518000 deadline=1700000006460582666 pending=2 period=1700000006451805333
[WARN] kernel::syscall::poll: [epoll-ready-tfd] #17 epfd=70 tfd=71 pending=2 deadline=1700000006460582666 period=1700000006451805333
[WARN] kernel::syscall::poll: [epoll_fire] #15 pid=4 epfd=70 ready=1
[WARN] kernel::syscall::poll: [yield-gate] #15 cur=4 focus=1 init_ready=false pend=1 coop_ready=true
[WARN] kernel::syscall::handlers::fd: [tfd-read] pid=4 tfd=71 count=3
[WARN] kernel::syscall::poll: [epoll70-enter] #9 pid=4 to=4294967295 rip=0x7fffeefa
[WARN] kernel::syscall::poll: [epoll70-scan] #77 now=1700000006461265000 deadline=3400000012912387999 pending=0 period=1700000006451805333
[WARN] kernel::syscall::poll: [epoll70-empty] #4 pid=4 no-ready
[WARN] kernel::syscall::poll: [epoll70-scan] #78 now=1700000006461468666 deadline=3400000012912387999 pending=0 period=1700000006451805333
[WARN] kernel::syscall::poll: [epoll70-scan] #79 now=1700000006461627000 deadline=3400000012912387999 pending=0 period=1700000006451805333
[WARN] kernel::syscall::poll: [epoll70-scan] #80 now=1700000006461723000 deadline=3400000012912387999 pending=0 period=1700000006451805333
[WARN] kernel::syscall::poll: [epoll70-scan] #81 now=1700000006461840333 deadline=3400000012912387999 pending=0 period=1700000006451805333
[WARN] kernel::syscall::poll: [epoll70-scan] #82 now=1700000006461943000 deadline=3400000012912387999 pending=0 period=1700000006451805333
[WARN] kernel::syscall::poll: [epoll70-scan] #83 now=1700000006462129000 deadline=3400000012912387999 pending=0 period=1700000006451805333
[WARN] kernel::syscall::poll: [epoll70-scan] #84 now=1700000006462245666 deadline=3400000012912387999 pending=0 period=1700000006451805333
[WARN] kernel::syscall::poll: [epoll70-scan] #85 now=1700000006462340000 deadline=3400000012912387999 pending=0 period=1700000006451805333
[WARN] kernel::syscall::poll: [epoll70-scan] #86 now=1700000006462430000 deadline=3400000012912387999 pending=0 period=1700000006451805333
[WARN] kernel::syscall::poll: [epoll70-scan] #87 now=1700000006462585666 deadline=3400000012912387999 pending=0 period=1700000006451805333
[WARN] kernel::syscall::poll: [epoll70-scan] #88 now=1700000006462720000 deadline=3400000012912387999 pending=0 period=1700000006451805333
[WARN] kernel::syscall::poll: [epoll70-scan] #89 now=1700000006463002000 deadline=3400000012912387999 pending=0 period=1700000006451805333
[WARN] kernel::syscall::poll: [epoll70-scan] #90 now=1700000006463106000 deadline=3400000012912387999 pending=0 period=1700000006451805333
[WARN] kernel::syscall::poll: [epoll70-scan] #91 now=1700000006463282000 deadline=3400000012912387999 pending=0 period=1700000006451805333
[WARN] kernel::syscall::poll: [epoll70-scan] #92 now=1700000006463383666 deadline=3400000012912387999 pending=0 period=1700000006451805333
[WARN] kernel::syscall::poll: [epoll70-scan] #93 now=1700000006463481333 deadline=3400000012912387999 pending=0 period=1700000006451805333
[WARN] kernel::syscall::poll: [epoll70-scan] #94 now=1700000006463576666 deadline=3400000012912387999 pending=0 period=1700000006451805333
[WARN] kernel::syscall::poll: [epoll-block] #16 pid=4 epfd=70 next=2 rip=0x7fffeefa
[WARN] kernel::syscall::poll: [epoll-ready-tfd] #18 epfd=66 tfd=67 pending=9 deadline=3400000012906274666 period=1700000006451997000
[WARN] kernel::syscall::poll: [epoll_fire] #16 pid=2 epfd=66 ready=1
[WARN] kernel::syscall::poll: [yield-gate] #16 cur=2 focus=1 init_ready=false pend=1 coop_ready=true
[WARN] kernel::syscall::handlers::fd: [tfd-read] pid=2 tfd=67 count=9
[WARN] kernel::syscall::poll: [epoll-block] #17 pid=2 epfd=66 next=3 rip=0x7fffeefa
[WARN] kernel::syscall::poll: [epoll-ready-tfd] #19 epfd=68 tfd=69 pending=5 deadline=3400000012908363000 period=1700000006451565000
[WARN] kernel::syscall::poll: [epoll_fire] #17 pid=3 epfd=68 ready=1
[WARN] kernel::syscall::poll: [yield-gate] #17 cur=3 focus=1 init_ready=false pend=1 coop_ready=true
[WARN] kernel::syscall::handlers::fd: [tfd-read] pid=3 tfd=69 count=5
[WARN] kernel::syscall::poll: [epoll-block] #18 pid=3 epfd=68 next=4 rip=0x7fffeefa
[WARN] kernel::syscall::poll: [epoll70-enter] #10 pid=4 to=4294967295 rip=0x7fffeefa
[WARN] kernel::syscall::poll: [epoll70-scan] #95 now=1700000006469678333 deadline=3400000012912387999 pending=3 period=1700000006451805333
[WARN] kernel::syscall::poll: [epoll-ready-tfd] #20 epfd=70 tfd=71 pending=3 deadline=3400000012912387999 period=1700000006451805333
[WARN] kernel::syscall::poll: [epoll_fire] #18 pid=4 epfd=70 ready=1
[WARN] kernel::syscall::poll: [yield-gate] #18 cur=4 focus=1 init_ready=false pend=1 coop_ready=true
[WARN] kernel::syscall::handlers::fd: [tfd-read] pid=4 tfd=71 count=3
[WARN] kernel::syscall::poll: [epoll70-enter] #11 pid=4 to=4294967295 rip=0x7fffeefa
[WARN] kernel::syscall::poll: [epoll70-scan] #96 now=1700000006470097000 deadline=3400000012912387999 pending=0 period=1700000006451805333
[WARN] kernel::syscall::poll: [epoll70-empty] #5 pid=4 no-ready
[WARN] kernel::syscall::poll: [epoll70-scan] #97 now=1700000006470228333 deadline=3400000012912387999 pending=0 period=1700000006451805333
[WARN] kernel::syscall::poll: [epoll70-scan] #98 now=1700000006470319000 deadline=3400000012912387999 pending=0 period=1700000006451805333
[WARN] kernel::syscall::poll: [epoll70-scan] #99 now=1700000006470408666 deadline=3400000012912387999 pending=0 period=1700000006451805333
[WARN] kernel::syscall::poll: [epoll70-scan] #100 now=1700000006470499333 deadline=3400000012912387999 pending=0 period=1700000006451805333
[WARN] kernel::syscall::poll: [epoll70-scan] #101 now=1700000006470671666 deadline=3400000012912387999 pending=0 period=1700000006451805333
[WARN] kernel::syscall::poll: [epoll70-scan] #102 now=1700000006470923666 deadline=3400000012912387999 pending=0 period=1700000006451805333
[WARN] kernel::syscall::poll: [epoll70-scan] #103 now=1700000006471016666 deadline=3400000012912387999 pending=0 period=1700000006451805333
[WARN] kernel::syscall::poll: [epoll70-scan] #104 now=1700000006471109333 deadline=3400000012912387999 pending=0 period=1700000006451805333
[WARN] kernel::syscall::poll: [epoll70-scan] #105 now=1700000006471587666 deadline=3400000012912387999 pending=0 period=1700000006451805333
[WARN] kernel::syscall::poll: [epoll70-scan] #106 now=1700000006471956333 deadline=3400000012912387999 pending=0 period=1700000006451805333
[WARN] kernel::syscall::poll: [epoll70-scan] #107 now=1700000006472122666 deadline=3400000012912387999 pending=0 period=1700000006451805333
[WARN] kernel::syscall::poll: [epoll70-scan] #108 now=1700000006472241666 deadline=3400000012912387999 pending=0 period=1700000006451805333
[WARN] kernel::syscall::poll: [epoll-block] #19 pid=4 epfd=70 next=7 rip=0x7fffeefa
[WARN] kernel::syscall::poll: [epoll72-enter] #6 pid=7 epfd=72 max=16 to=4294967295 watched=[(4, 1, 0), (73, 1, 73)]
[WARN] kernel::syscall::poll: [epoll-ready-tfd] #21 epfd=72 tfd=73 pending=8 deadline=0 period=0
[WARN] kernel::syscall::poll: [epoll72-ready-fast] #3 pid=7 epfd=72 ready=1 ev=0x1 data=0x49
[WARN] kernel::syscall::poll: [epoll_fire] #19 pid=7 epfd=72 ready=1
[WARN] kernel::syscall::poll: [yield-gate] #19 cur=7 focus=1 init_ready=false pend=1 coop_ready=true
[WARN] kernel::syscall::handlers::fd: [tfd-read] pid=7 tfd=73 count=8
[WARN] kernel::syscall::poll: [tfd-settime] #13 pid=7 fd=73 flags=1 deadline=0ns now=1700000006472827000ns delta=0ns period=0ns
[WARN] kernel::syscall::poll: [epoll72-enter] #7 pid=7 epfd=72 max=16 to=4294967295 watched=[(4, 1, 0), (73, 1, 73)]
[WARN] kernel::syscall::poll: [epoll-block] #20 pid=7 epfd=72 next=1 rip=0x7fffeefa
[embedder] post_task runner=0 task=1 now=17979cffb820e7b5 target=17979cffb81e3835
[WARN] kernel::syscall::poll: [tfd-settime] #14 pid=1 fd=67 flags=1 val=1700000006475817333ns period=1700000006475817333ns → forced-delay-1ms (now=1700000006475844666ns)
[WARN] kernel::syscall::poll: [tfd67-arm] #2 pid=1 delta=1000000ns period=1700000006475817333ns orig_exp=true
[WARN] kernel::syscall::posix: [cond-signal] #3 pid=1 cond=0x7ffffffed000 woke=0
[WARN] kernel::syscall::poll: [tfd-settime] #15 pid=1 fd=69 flags=1 val=1700000006476614000ns period=1700000006476614000ns → forced-delay-1ms (now=1700000006476627000ns)
[WARN] kernel::syscall::poll: [epoll-ready-tfd] #22 epfd=66 tfd=67 pending=1 deadline=3400000012952661999 period=1700000006475817333
[WARN] kernel::syscall::poll: [epoll_fire] #20 pid=2 epfd=66 ready=1
[WARN] kernel::syscall::poll: [yield-gate] #20 cur=2 focus=1 init_ready=false pend=1 coop_ready=false
[WARN] kernel::syscall::handlers::fd: [tfd-read] pid=2 tfd=67 count=1
[WARN] kernel::syscall::poll: [tfd-settime] #16 pid=2 fd=67 flags=1 val=1700000006475817333ns period=1700000006475817333ns → forced-delay-1ms (now=1700000006477618333ns)
[WARN] kernel::syscall::poll: [tfd67-arm] #3 pid=2 delta=1000000ns period=1700000006475817333ns orig_exp=true
[WARN] kernel::syscall::poll: [epoll-ready-tfd] #23 epfd=66 tfd=67 pending=1 deadline=3400000012954435666 period=1700000006475817333
[WARN] kernel::syscall::poll: [epoll_fire] #21 pid=2 epfd=66 ready=1
[WARN] kernel::syscall::poll: [yield-gate] #21 cur=2 focus=1 init_ready=false pend=1 coop_ready=false
[WARN] kernel::syscall::handlers::fd: [tfd-read] pid=2 tfd=67 count=1
[WARN] kernel::syscall::poll: [epoll-block] #21 pid=2 epfd=66 next=3 rip=0x7fffeefa
[WARN] kernel::syscall::poll: [epoll-ready-tfd] #24 epfd=68 tfd=69 pending=1 deadline=3400000012954241000 period=1700000006476614000
[WARN] kernel::syscall::poll: [epoll_fire] #22 pid=3 epfd=68 ready=1
[WARN] kernel::syscall::poll: [yield-gate] #22 cur=3 focus=1 init_ready=false pend=1 coop_ready=false
[WARN] kernel::syscall::handlers::fd: [tfd-read] pid=3 tfd=69 count=1
[WARN] kernel::syscall::poll: [tfd-settime] #17 pid=3 fd=69 flags=1 val=1700000006476614000ns period=1700000006476614000ns → forced-delay-1ms (now=1700000006481806000ns)
[WARN] kernel::syscall::poll: [epoll-ready-tfd] #25 epfd=68 tfd=69 pending=1 deadline=3400000012959420000 period=1700000006476614000
[WARN] kernel::syscall::poll: [epoll-spin-ready] #2 pid=3 epfd=68 ready=1 init_ready=false
[WARN] kernel::syscall::handlers::fd: [tfd-read] pid=3 tfd=69 count=1
[WARN] kernel::syscall::poll: [epoll-block] #22 pid=3 epfd=68 next=1 rip=0x7fffeefa
[WARN] kernel::syscall::poll: [tfd-settime] #18 pid=1 fd=71 flags=1 val=1700000006485326666ns period=1700000006485326666ns → forced-delay-1ms (now=1700000006485380000ns)
[WARN] kernel::syscall::poll: [epoll70-enter] #12 pid=4 to=4294967295 rip=0x7fffeefa
[WARN] kernel::syscall::poll: [epoll70-scan] #109 now=1700000006485584000 deadline=1700000006486380000 pending=0 period=1700000006485326666
[WARN] kernel::syscall::poll: [epoll70-empty] #6 pid=4 no-ready
[WARN] kernel::syscall::poll: [epoll70-scan] #110 now=1700000006485714333 deadline=1700000006486380000 pending=0 period=1700000006485326666
[WARN] kernel::syscall::poll: [epoll70-scan] #111 now=1700000006485804333 deadline=1700000006486380000 pending=0 period=1700000006485326666
[WARN] kernel::syscall::poll: [epoll70-scan] #112 now=1700000006485893000 deadline=1700000006486380000 pending=0 period=1700000006485326666
[WARN] kernel::syscall::poll: [epoll70-scan] #113 now=1700000006486045333 deadline=1700000006486380000 pending=0 period=1700000006485326666
[WARN] kernel::syscall::poll: [epoll70-scan] #114 now=1700000006486139333 deadline=1700000006486380000 pending=0 period=1700000006485326666
[WARN] kernel::syscall::poll: [epoll70-scan] #115 now=1700000006486228000 deadline=1700000006486380000 pending=0 period=1700000006485326666
[WARN] kernel::syscall::poll: [epoll70-scan] #116 now=1700000006486318000 deadline=1700000006486380000 pending=0 period=1700000006485326666
[WARN] kernel::syscall::poll: [epoll70-scan] #117 now=1700000006486414000 deadline=3400000012971706666 pending=1 period=1700000006485326666
[WARN] kernel::syscall::poll: [epoll-ready-tfd] #26 epfd=70 tfd=71 pending=1 deadline=3400000012971706666 period=1700000006485326666
[WARN] kernel::syscall::poll: [epoll-spin-ready] #3 pid=4 epfd=70 ready=1 init_ready=false
[WARN] kernel::syscall::handlers::fd: [tfd-read] pid=4 tfd=71 count=1
[WARN] kernel::syscall::poll: [tfd-settime] #19 pid=4 fd=71 flags=1 val=1700000006485326666ns period=1700000006485326666ns → forced-delay-1ms (now=1700000006487115666ns)
[WARN] kernel::syscall::poll: [tfd-settime] #20 pid=4 fd=67 flags=1 val=1700000006487514666ns period=1700000006487514666ns → forced-delay-1ms (now=1700000006487670666ns)
[WARN] kernel::syscall::poll: [tfd67-arm] #4 pid=4 delta=1000000ns period=1700000006487514666ns orig_exp=true
[WARN] kernel::syscall::poll: [tfd-settime] #21 pid=4 fd=69 flags=1 val=1700000006488348000ns period=1700000006488348000ns → forced-delay-1ms (now=1700000006488369000ns)
[WARN] kernel::syscall::posix: [cond-signal] #4 pid=4 cond=0x7ffffffef500 woke=1
[DEBUG] kernel::syscall::dispatch: [pthread_getattr_np] tid=5 base=0x33d000000 size=0x10000
[DEBUG] kernel::syscall::posix: [pthread_attr_getstack] tid=5 base=0x33d000000 size=0x10000
[WARN] kernel::syscall::poll: [epoll-ready-tfd] #27 epfd=66 tfd=67 pending=1 deadline=3400000012976185332 period=1700000006487514666
[WARN] kernel::syscall::poll: [epoll_fire] #23 pid=2 epfd=66 ready=1
[WARN] kernel::syscall::poll: [yield-gate] #23 cur=2 focus=1 init_ready=false pend=1 coop_ready=true
[WARN] kernel::syscall::handlers::fd: [tfd-read] pid=2 tfd=67 count=1
[WARN] kernel::syscall::poll: [tfd-settime] #22 pid=2 fd=67 flags=1 val=1700000006487514666ns period=1700000006487514666ns → forced-delay-1ms (now=1700000006489922666ns)
[WARN] kernel::syscall::poll: [tfd67-arm] #5 pid=2 delta=1000000ns period=1700000006487514666ns orig_exp=true
[WARN] kernel::syscall::poll: [tfd-settime] #23 pid=2 fd=67 flags=1 val=1700000006490278666ns period=1700000006490278666ns → forced-delay-1ms (now=1700000006490314666ns)
[WARN] kernel::syscall::poll: [tfd67-arm] #6 pid=2 delta=1000000ns period=1700000006490278666ns orig_exp=true
[WARN] kernel::syscall::poll: [tfd-settime] #24 pid=2 fd=67 flags=1 val=1700000006490278666ns period=1700000006490278666ns → forced-delay-1ms (now=1700000006490533666ns)
[WARN] kernel::syscall::poll: [tfd67-arm] #7 pid=2 delta=1000000ns period=1700000006490278666ns orig_exp=true
[WARN] kernel::syscall::poll: [epoll-ready-tfd] #28 epfd=66 tfd=67 pending=1 deadline=3400000012981812332 period=1700000006490278666
[WARN] kernel::syscall::poll: [epoll-spin-ready] #4 pid=2 epfd=66 ready=1 init_ready=false
[WARN] kernel::syscall::handlers::fd: [tfd-read] pid=2 tfd=67 count=1
[WARN] kernel::syscall::poll: [tfd-settime] #25 pid=2 fd=67 flags=1 val=1700000006490278666ns period=1700000006490278666ns → forced-delay-1ms (now=1700000006491734666ns)
[WARN] kernel::syscall::poll: [tfd67-arm] #8 pid=2 delta=1000000ns period=1700000006490278666ns orig_exp=true
[WARN] kernel::syscall::handlers::engine: [vsync-baton-post] #0 pid=2 baton=0x543000010
[INFO] kernel::wm: [deliver-baton] #0 baton=0x543000010
[WARN] kernel::syscall::poll: [epoll-ready-tfd] #29 epfd=66 tfd=67 pending=1 deadline=3400000012983013332 period=1700000006490278666
[WARN] kernel::syscall::poll: [epoll-spin-ready] #5 pid=2 epfd=66 ready=1 init_ready=false
[WARN] kernel::syscall::handlers::fd: [tfd-read] pid=2 tfd=67 count=1
[WARN] kernel::syscall::poll: [epoll-block] #23 pid=2 epfd=66 next=3 rip=0x7fffeefa
[WARN] kernel::syscall::poll: [epoll-ready-tfd] #30 epfd=68 tfd=69 pending=1 deadline=3400000012977717000 period=1700000006488348000
[WARN] kernel::syscall::poll: [epoll_fire] #24 pid=3 epfd=68 ready=1
[WARN] kernel::syscall::poll: [yield-gate] #24 cur=3 focus=1 init_ready=false pend=1 coop_ready=true
[WARN] kernel::syscall::handlers::fd: [tfd-read] pid=3 tfd=69 count=1
[WARN] kernel::syscall::poll: [tfd-settime] #26 pid=3 fd=69 flags=1 val=1700000006488348000ns period=1700000006488348000ns → forced-delay-1ms (now=1700000006495376000ns)
[WARN] kernel::syscall::poll: [epoll-ready-tfd] #31 epfd=68 tfd=69 pending=1 deadline=3400000012984724000 period=1700000006488348000
[WARN] kernel::syscall::poll: [epoll-spin-ready] #6 pid=3 epfd=68 ready=1 init_ready=false
[WARN] kernel::syscall::handlers::fd: [tfd-read] pid=3 tfd=69 count=1
[WARN] kernel::syscall::poll: [epoll-block] #24 pid=3 epfd=68 next=4 rip=0x7fffeefa
[WARN] kernel::syscall::poll: [epoll70-enter] #13 pid=4 to=4294967295 rip=0x7fffeefa
[WARN] kernel::syscall::poll: [epoll70-scan] #118 now=1700000006499209666 deadline=3400000012973442332 pending=1 period=1700000006485326666
[WARN] kernel::syscall::poll: [epoll_fire] #25 pid=4 epfd=70 ready=1
[WARN] kernel::syscall::poll: [yield-gate] #25 cur=4 focus=1 init_ready=false pend=1 coop_ready=true
[WARN] kernel::syscall::handlers::fd: [tfd-read] pid=4 tfd=71 count=1
[WARN] kernel::syscall::poll: [epoll70-enter] #14 pid=4 to=4294967295 rip=0x7fffeefa
[WARN] kernel::syscall::poll: [epoll70-scan] #119 now=1700000006499634666 deadline=3400000012973442332 pending=0 period=1700000006485326666
[WARN] kernel::syscall::poll: [epoll70-empty] #7 pid=4 no-ready
[WARN] kernel::syscall::poll: [epoll70-scan] #120 now=1700000006499782000 deadline=3400000012973442332 pending=0 period=1700000006485326666
[WARN] kernel::syscall::poll: [epoll70-scan] #121 now=1700000006499889333 deadline=3400000012973442332 pending=0 period=1700000006485326666
[WARN] kernel::syscall::poll: [epoll70-scan] #122 now=1700000006499995666 deadline=3400000012973442332 pending=0 period=1700000006485326666
[WARN] kernel::syscall::poll: [epoll70-scan] #123 now=1700000006500113666 deadline=3400000012973442332 pending=0 period=1700000006485326666
[WARN] kernel::syscall::poll: [epoll70-scan] #124 now=1700000006500246666 deadline=3400000012973442332 pending=0 period=1700000006485326666
[WARN] kernel::syscall::poll: [epoll70-scan] #125 now=1700000006500363333 deadline=3400000012973442332 pending=0 period=1700000006485326666
[WARN] kernel::syscall::poll: [epoll70-scan] #126 now=1700000006500480666 deadline=3400000012973442332 pending=0 period=1700000006485326666
[WARN] kernel::syscall::poll: [epoll70-scan] #127 now=1700000006500578666 deadline=3400000012973442332 pending=0 period=1700000006485326666
[WARN] kernel::syscall::poll: [epoll-block] #25 pid=4 epfd=70 next=1 rip=0x7fffeefa
[WARN] kernel::syscall::poll: [tfd-settime] #27 pid=1 fd=67 flags=1 val=1700000006502334000ns period=1700000006502334000ns → forced-delay-1ms (now=1700000006502376333ns)
[WARN] kernel::syscall::poll: [tfd67-arm] #9 pid=1 delta=1000000ns period=1700000006502334000ns orig_exp=true
[embedder] FlutterEngineRunInitialized OK
[WARN] kernel::syscall::poll: [tfd-settime] #28 pid=1 fd=67 flags=1 val=1700000006502334000ns period=1700000006502334000ns → forced-delay-1ms (now=1700000006502925000ns)
[WARN] kernel::syscall::poll: [tfd67-arm] #10 pid=1 delta=1000000ns period=1700000006502334000ns orig_exp=true
[WARN] kernel::syscall::poll: [tfd-settime] #29 pid=1 fd=69 flags=1 val=1700000006503330000ns period=1700000006503330000ns → forced-delay-1ms (now=1700000006503353000ns)
[WARN] kernel::syscall::poll: [tfd-settime] #30 pid=1 fd=67 flags=1 val=1700000006502334000ns period=1700000006502334000ns → forced-delay-1ms (now=1700000006503672666ns)
[WARN] kernel::syscall::poll: [tfd67-arm] #11 pid=1 delta=1000000ns period=1700000006502334000ns orig_exp=true
[WARN] kernel::syscall::poll: [tfd-settime] #31 pid=1 fd=67 flags=1 val=1700000006502334000ns period=1700000006502334000ns → forced-delay-1ms (now=1700000006504302333ns)
[WARN] kernel::syscall::poll: [tfd67-arm] #12 pid=1 delta=1000000ns period=1700000006502334000ns orig_exp=true
[WARN] kernel::syscall::poll: [tfd67-arm] #13 pid=1 delta=1000000ns period=1700000006502334000ns orig_exp=true
[embedder] entering event loop
[embedder] run_task runner=0 task=1 now=17979cffb9ff6532
[WARN] kernel::wm: [pop] #0 consumer_pid=1 returned_kind=1 b=22598909968 qlen=3 ptr_in_q=0
[WARN] kernel::syscall::handlers::ipc_display: [wm-event-wait-ret] #0 pid=1 event=32
[INFO] kernel::syscall::handlers::engine: [platform-recv] #0 pid=1 req_buf_len=512 wrote=0
[WARN] kernel::syscall::poll: [tfd67-arm] #14 pid=1 delta=1000000ns period=1700000006502334000ns orig_exp=true
[WARN] kernel::wm: [pop] #1 consumer_pid=1 returned_kind=3 b=0 qlen=2 ptr_in_q=0
[WARN] kernel::syscall::handlers::ipc_display: [wm-event-wait-ret] #1 pid=1 event=32
[INFO] kernel::syscall::handlers::engine: [platform-recv] #1 pid=1 req_buf_len=512 wrote=0
[WARN] kernel::syscall::poll: [tfd67-arm] #15 pid=1 delta=1000000ns period=1700000006502334000ns orig_exp=true
[WARN] kernel::wm: [pop] #2 consumer_pid=1 returned_kind=5 b=0 qlen=1 ptr_in_q=0
[WARN] kernel::syscall::handlers::ipc_display: [wm-event-wait-ret] #2 pid=1 event=32
[INFO] kernel::syscall::handlers::engine: [platform-recv] #2 pid=1 req_buf_len=512 wrote=0
[WARN] kernel::wm: [pop] #3 consumer_pid=1 returned_kind=1 b=0 qlen=0 ptr_in_q=0
[WARN] kernel::syscall::handlers::ipc_display: [wm-event-wait-ret] #3 pid=1 eagain-platform=-11
[INFO] kernel::syscall::handlers::engine: [platform-recv] #3 pid=1 req_buf_len=512 wrote=0
[WARN] kernel::syscall::poll: [tfd67-arm] #16 pid=1 delta=1000000ns period=1700000006502334000ns orig_exp=true
[WARN] kernel::wm: [pop] #4 consumer_pid=1 returned_kind=1 b=0 qlen=0 ptr_in_q=0
[WARN] kernel::syscall::handlers::ipc_display: [wm-event-wait-ret] #4 pid=1 event=32
[INFO] kernel::syscall::handlers::engine: [platform-recv] #4 pid=1 req_buf_len=512 wrote=0
