vbe: Initialising...
vbe: Version: 3.0
vbe: OEM: SeaBIOS VBE(C) 2011
vbe: Graphics vendor: SeaBIOS Developers
vbe: Product name: SeaBIOS VBE Adapter
vbe: Product revision: Rev. 1
edid: Success.
vbe: EDID detected screen resolution of 1280x800
vbe: Found matching mode 0x17a, attempting to set...
vbe: Framebuffer address: 0xfd000000
edid: Success.
limine: Loading executable `boot():/boot/kernel`...
limine: Physical base:   0x70466000
limine: Virtual base:    0xffffffff80000000
limine: Slide:           0x0
limine: ELF entry point: 0xffffffff800b5660
limine: Base revision:   6
limine: Requests count:  7
limine: Top of HHDM:     0x80000000
acpi: Found RSDP at 0xf52e0
limine: Loading module `boot():/boot/libflutter_engine.so`...
vbe: Initialising...
vbe: Version: 3.0
vbe: OEM: SeaBIOS VBE(C) 2011
vbe: Graphics vendor: SeaBIOS Developers
vbe: Product name: SeaBIOS VBE Adapter
vbe: Product revision: Rev. 1
edid: Success.
vbe: EDID detected screen resolution of 1280x800
vbe: Found matching mode 0x17a, attempting to set...
vbe: Mode was already set, perfect!
vbe: Framebuffer address: 0xfd000000
edid: Success.
acpi: Found RSDP at 0xf52e0
acpi: Found RSDP at 0xf52e0
acpi: Found "FACP" at 0x7ffe222f
acpi: Found SMBIOS 32-bit entry point at 0xf5300
paging: 1GiB pages are not supported!
acpi: Found RSDP at 0xf52e0
acpi: Found "APIC" at 0x7ffe22a3
acpi: Found RSDP at 0xf52e0
acpi: "DMAR" not found
smp: [xAPIC] Found candidate AP for bring-up. LAPIC ID: 1
smp: Successfully brought up AP
acpi: Found RSDP at 0xf52e0
acpi: "DMAR" not found
acpi: Found RSDP at 0xf52e0
acpi: "DMAR" not found
acpi: Found RSDP at 0xf52e0
acpi: "IVRS" not found
acpi: Found RSDP at 0xf52e0
acpi: Found "APIC" at 0x7ffe22a3

[OSCORTEX] kernel_main reached
[OSCORTEX] HHDM offset: 0xffff800000000000
[ARCH] assert_required_features
[ARCH] gdt::init
[ARCH] idt::init
[ARCH] disable_pic
[ARCH] apic::init_bsp
[APIC] x2APIC online — timer armed (vec 0x30)
[ARCH] cpu::enable_fpu_simd
[ARCH] syscall::init
[ARCH] early_init complete
[OSCORTEX] arch::early_init done
[MM::Paging] Virtual memory manager online (CR3=0x000000007ff85000)
[MM::Heap] init base=0xffff800000100000 phys=0x0000000000100000
[INFO] kernel: Framebuffer: 1280x800 bpp=32 pitch=5120 addr=0xffff8000fd000000
[INFO] kernel: OSCortex kernel 0.1.0 booting...
[INFO] kernel: AI Cortex: ENABLED
[INFO] kernel: [BOOT] Limine module: libflutter_engine.so (95866952 bytes)
[INFO] kernel::drivers::registry: [Drivers] Driver registry initialised
[INFO] kernel::drivers::ps2: [PS/2] controller ready — devices: kbd=true mouse=true
[INFO] kernel: [Input] PS/2 enabled (QEMU/KVM path)
[INFO] kernel::drivers::usb: [USB] No XHCI controllers found — PS/2 input only
[INFO] kernel::compositor: [Compositor] M13 scaffold online (max_surfaces=32)
[INFO] kernel::sched: [Sched] Scheduler initialised (max_tasks=64, stack=32KiB, slice=5 ticks)
[INFO] kernel::security: [Security] Capability-based security model active
[INFO] kernel::ipc: [IPC] Message-passing subsystem online (cap=16 msgs/proc)
[INFO] kernel::wm: [WM] Event queue online (cap=256)
[INFO] kernel::fs: [VFS] Mounted 'initramfs' at '/'
[INFO] kernel::fs: [VFS] Virtual filesystem initialised
[INFO] kernel::drivers::uart: [UART] COM1 initialised at 115200 8-N-1
[INFO] kernel::drivers::virtio_net: [virtio-net] no device found on PCI bus 0
[INFO] kernel::drivers::nvme: [NVMe] no controller found
[INFO] kernel::net: [net] UDP stack online (virtio-net backend)
[INFO] kernel::net::tcp: [smoltcp] virtio-net not ready — TCP stack not started
[INFO] kernel::cortex: [Cortex] Initialising AI runtime...
[INFO] kernel::cortex: [Cortex] Starting inference engine...
[INFO] kernel::cortex::inference: [Cortex::Inference] Model capsule loaded (version=1 kind=0x01 inputs=4 hidden=8 outputs=1)
[INFO] kernel::cortex::inference: [Cortex::Inference] Built-in model capsule loaded — NN inference ACTIVE (4→8→1 i8-quantised)
[INFO] kernel::cortex: [Cortex] Inference OK
[INFO] kernel::cortex: [Cortex] Starting context graph...
[INFO] kernel::cortex::context: [Cortex::Context] Graph initialised (capacity: 4096 nodes, 16384 edges)
[INFO] kernel::cortex: [Cortex] Context OK
[INFO] kernel::cortex: [Cortex] Starting healing...
[INFO] kernel::cortex::healing: [Cortex::Healing] Self-healing watchdog armed
[INFO] kernel::cortex: [Cortex] Healing OK
[INFO] kernel::cortex: [Cortex] Starting driver generation...
[INFO] kernel::cortex::driver_gen: [Cortex::DriverGen] CDP driver registry ready (capacity: 256)
[INFO] kernel::cortex::driver_gen: [Cortex::DriverGen] Driver 'null-driver' loaded via WASM sandbox (id=0)
[INFO] kernel::cortex::driver_gen: [Cortex::DriverGen] Built-in null driver loaded (id=0) — WASM sandbox OK
[INFO] kernel::cortex: [Cortex] Driver gen OK
[INFO] kernel::cortex: [Cortex] Starting PID-0 channel...
[INFO] kernel::cortex::pid0: [Cortex::PID0] PID-0 Cortex API registered on syscall 0x1000-0x100F
[INFO] kernel::cortex: [Cortex] PID-0 OK
[INFO] kernel::cortex: [Cortex] AI runtime online — self-healing ACTIVE, driver-gen ACTIVE
[INFO] kernel::arch::x86_64::smp: [SMP] 2 total CPU(s) — waking 1 AP(s)
[INFO] kernel::arch::x86_64::syscall: [Syscall] SYSCALL/SYSRET initialised (STAR base=0x18)
[INFO] kernel::arch::x86_64::smp: [SMP] AP cpu=1 lapic_id=1 online
[INFO] kernel::sched: [Sched] AP cpu=1 ready, parked (BSP-only scheduler)
[INFO] kernel::arch::x86_64::smp: [SMP] 2/2 CPU(s) online
[DEBUG] kernel::process::elf: [ELF] PT_LOAD vaddr=0x400000 memsz=95676 filesz=95676 ro exec
[DEBUG] kernel::process::elf: [ELF] PT_LOAD vaddr=0x4175c0 memsz=23063 filesz=23063 ro 
[DEBUG] kernel::process::elf: [ELF] PT_LOAD vaddr=0x41d000 memsz=32 filesz=0 rw 
[INFO] kernel::process::elf: [ELF] Loaded: entry=0x400000
[INFO] kernel::process: [Process] Spawned 'init' pid=1 entry=0x400000
[INFO] kernel::sched: [Sched] spawned 'user-init' pid=0 stack=0xffff800000121df0
[INFO] kernel::process: [Process] user-init kernel task registered for pid=1
[INFO] kernel: [INIT] Spawned /init as PID 1
[INFO] kernel: OSCortex kernel init complete — entering Cortex-managed loop
[INFO] kernel::sched: [Sched] registered 'cortex-idle' as task-1 (pid=1)
[INFO] kernel::sched: [Sched] spawned 'cortex-bg' pid=2 stack=0xffff800000129df0
[INFO] kernel::cortex: [Cortex::BG] background worker started — scheduler ALIVE
[INFO] kernel::process: [Process] launching userspace pid=1 via SYSRET
[WARN] kernel::syscall: [syscall] bootstrapped FS base pid=1 fs=0x7ffffffefdf0 rsp=0x7ffffffefff0
![embedder] starting
[embedder] host_register ok
[embedder] ENGINE_CANARY_MODE=2 (full engine)
[embedder] calling dlopen...
[INFO] kernel::syscall: [dlopen] Serving libflutter_engine.so from Limine module (95866952 bytes)
[INFO] kernel::process::dl: [dl] rela table sz=1288344 count=53681 applied: REL=53608 _64=1 GLOB=71 JMP=0 other=1 oob=0
[INFO] kernel::process::dl: [dl] rela table sz=7944 count=331 applied: REL=0 _64=0 GLOB=0 JMP=331 other=0 oob=0
[INFO] kernel::process::dl: [DL] Patch1 RunsTasksOnCurrentThread @ 0x297b8a0 → mov al,1; ret
[INFO] kernel::process::dl: [DL] Patch2 ~promise<RTB>        @ 0x31a81b0 → ret
[INFO] kernel::process::dl: [DL] Patch3 RunNowOrPostTask `test al,al` @ 0x29bfd00+19 → mov al,1
[INFO] kernel::process::dl: [DL] pid=1 dlopen base=0x1000000 handle=1 exports=98
[embedder] dlopen OK
[embedder] running C++ ctors
[embedder] calling DT_INIT
[embedder] calling DT_INIT_ARRAY
[WARN] kernel::syscall::posix: [cond-broadcast] pid=1 cond=0x36f8050 seq 0→1 woke=0
[WARN] kernel::syscall::posix: [cond-broadcast] pid=1 cond=0x36f8050 seq 1→2 woke=0
[WARN] kernel::syscall::posix: [cond-broadcast] pid=1 cond=0x36f8050 seq 2→3 woke=0
[WARN] kernel::syscall::posix: [cond-broadcast] pid=1 cond=0x36f8050 seq 3→4 woke=0
[WARN] kernel::syscall::posix: [cond-broadcast] pid=1 cond=0x36f8050 seq 4→5 woke=0
[WARN] kernel::syscall::posix: [cond-broadcast] pid=1 cond=0x36f8050 seq 5→6 woke=0
[WARN] kernel::syscall::posix: [cond-broadcast] pid=1 cond=0x36f8050 seq 6→7 woke=0
[WARN] kernel::syscall::posix: [cond-broadcast] pid=1 cond=0x36f8050 seq 7→8 woke=0
[WARN] kernel::syscall::posix: [cond-broadcast] pid=1 cond=0x36f8050 seq 8→9 woke=0
[WARN] kernel::syscall::posix: [cond-broadcast] pid=1 cond=0x36f8050 seq 9→10 woke=0
[WARN] kernel::syscall::posix: [cond-broadcast] pid=1 cond=0x36f8050 seq 10→11 woke=0
[WARN] kernel::syscall::posix: [cond-broadcast] pid=1 cond=0x36f8050 seq 11→12 woke=0
[WARN] kernel::syscall::posix: [cond-broadcast] pid=1 cond=0x36f8050 seq 12→13 woke=0
[WARN] kernel::syscall::posix: [cond-broadcast] pid=1 cond=0x36f8050 seq 13→14 woke=0
[WARN] kernel::syscall::posix: [cond-broadcast] pid=1 cond=0x36f8050 seq 14→15 woke=0
[WARN] kernel::syscall::posix: [cond-broadcast] pid=1 cond=0x36f8050 seq 15→16 woke=0
[WARN] kernel::syscall::posix: [cond-broadcast] pid=1 cond=0x36f8050 seq 16→17 woke=0
[WARN] kernel::syscall::posix: [cond-broadcast] pid=1 cond=0x36f8050 seq 17→18 woke=0
[WARN] kernel::syscall::posix: [cond-broadcast] pid=1 cond=0x36f8050 seq 18→19 woke=0
[WARN] kernel::syscall::posix: [cond-broadcast] pid=1 cond=0x36f8050 seq 19→20 woke=0
[WARN] kernel::syscall::posix: [cond-broadcast] pid=1 cond=0x36f8050 seq 20→21 woke=0
[WARN] kernel::syscall::posix: [cond-broadcast] pid=1 cond=0x36f8050 seq 21→22 woke=0
[WARN] kernel::syscall::posix: [cond-broadcast] pid=1 cond=0x36f8050 seq 22→23 woke=0
[WARN] kernel::syscall::posix: [cond-broadcast] pid=1 cond=0x36f8050 seq 23→24 woke=0
[WARN] kernel::syscall::posix: [cond-broadcast] pid=1 cond=0x36f8050 seq 24→25 woke=0
[WARN] kernel::syscall::posix: [cond-broadcast] pid=1 cond=0x36f8050 seq 25→26 woke=0
[WARN] kernel::syscall::posix: [cond-broadcast] pid=1 cond=0x36f8050 seq 26→27 woke=0
[WARN] kernel::syscall::posix: [cond-broadcast] pid=1 cond=0x36f8050 seq 27→28 woke=0
[WARN] kernel::syscall::posix: [cond-broadcast] pid=1 cond=0x36f8050 seq 28→29 woke=0
[WARN] kernel::syscall::posix: [cond-broadcast] pid=1 cond=0x36f8050 seq 29→30 woke=0
[embedder] ctors done
[embedder] resolving symbols...
[embedder] dlsym done
[embedder] using GetProcAddresses path
[embedder] proctable ready
[embedder] proctable registered
[embedder] creating surface...
[embedder] surface capped to 640x360 for bootstrap
[embedder/aot] syscall rc=0x0000000000000000
[embedder/aot] syscall va=0x000000029b000000
[embedder/aot] syscall sz=0x00000000003443b0
[embedder] JIT mode: passing snapshot PATHS to engine (it will open+mmap)
[embedder] JIT snapshot paths installed; engine will open them via file mmap
[embedder] calling FlutterEngineRun...
[WARN] kernel::syscall: [stat-trace] nr=0x45d path='/system/flutter/flutter_assets/kernel_blob.bin'
[DEBUG] kernel::syscall: [sys_open] '/system/flutter/flutter_assets/kernel_blob.bin' → fd=3 (41584416 bytes)
[ERROR] kernel::syscall::posix: [trace] sys_pthread_attr_init attr=0x7ffffffee110
[ERROR] kernel::syscall::posix: [trace] sys_pthread_attr_setstacksize attr=0x7ffffffee110 size=0x200000
[WARN] kernel::process: [spawn_thread] alloc stack_va=0x2ca000000 pages=512
[WARN] kernel::process: [spawn_thread] tid=2 tls_va=0x2cb000000 arg=0x2c9000010
[INFO] kernel::process: [Process] Thread tid=2 spawned in pid=1 entry=0x29c23e0 tls=0x2cb000000
[ERROR] kernel::syscall: [trace] sys_thread_create POSIX out=0x2c7000010 attr=0x7ffffffee110 entry=0x29c23e0 arg=0x2c9000010 stk=0x200000 -> 0
[WARN] kernel::syscall: [thread-create] spawned child=2 entry=0x29c23e0
[ERROR] kernel::syscall::posix: [trace] sys_pthread_setname_np thread=0x2cc000010 name="io.flutter.ui"
[ERROR] kernel::syscall::posix: [trace] sys_pthread_attr_destroy attr=0x7ffffffee110
[WARN] kernel::syscall: [futex-wait] pid=1 uaddr=0x7ffffffee180 val=0x0 rip=0x7fffe39a
[WARN] kernel::syscall: [epoll_create] pid=2 → fd=64
[WARN] kernel::syscall: [timerfd_create] pid=2 → fd=65
[WARN] kernel::syscall: [epoll_ctl] pid=2 epfd=64 op=1 fd=65 events=0x1
[WARN] kernel::syscall: [futex-wake] caller=2 addr=0x7ffffffee180 woke=1
[WARN] kernel::syscall::posix: [cond-signal] pid=2 cond=0x7ffffffee180 seq 0→1 woke=1
[ERROR] kernel::syscall::posix: [trace] sys_pthread_attr_init attr=0x7ffffffee110
[WARN] kernel::syscall: [epoll_wait] #0 pid=2 epfd=64 max=1 to=4294967295
[WARN] kernel::syscall: [epoll_wait] #1 pid=2 epfd=64 max=1 to=4294967295
[WARN] kernel::syscall: [epoll_wait] #2 pid=2 epfd=64 max=1 to=4294967295
[WARN] kernel::syscall: [epoll_wait] #3 pid=2 epfd=64 max=1 to=4294967295
[ERROR] kernel::syscall::posix: [trace] sys_pthread_attr_setstacksize attr=0x7ffffffee110 size=0x200000
[WARN] kernel::syscall: [epoll_wait] #4 pid=2 epfd=64 max=1 to=4294967295
[WARN] kernel::syscall: [epoll_wait] #5 pid=2 epfd=64 max=1 to=4294967295
[WARN] kernel::process: [spawn_thread] alloc stack_va=0x2dc000000 pages=512
[WARN] kernel::process: [spawn_thread] tid=3 tls_va=0x2dd000000 arg=0x2db000010
[INFO] kernel::process: [Process] Thread tid=3 spawned in pid=1 entry=0x29c23e0 tls=0x2dd000000
[ERROR] kernel::syscall: [trace] sys_thread_create POSIX out=0x2d9000010 attr=0x7ffffffee110 entry=0x29c23e0 arg=0x2db000010 stk=0x200000 -> 0
[WARN] kernel::syscall: [thread-create] spawned child=3 entry=0x29c23e0
[WARN] kernel::syscall: [epoll_wait] #6 pid=2 epfd=64 max=1 to=4294967295
[ERROR] kernel::syscall::posix: [trace] sys_pthread_attr_destroy attr=0x7ffffffee110
[WARN] kernel::syscall: [epoll_wait] #7 pid=2 epfd=64 max=1 to=4294967295
[WARN] kernel::syscall: [futex-wait] pid=1 uaddr=0x7ffffffee180 val=0x0 rip=0x7fffe39a
[ERROR] kernel::syscall::posix: [trace] sys_pthread_setname_np thread=0x2de000010 name="io.flutter.rast"
[WARN] kernel::syscall: [epoll_create] pid=3 → fd=66
[WARN] kernel::syscall: [timerfd_create] pid=3 → fd=67
[WARN] kernel::syscall: [epoll_ctl] pid=3 epfd=66 op=1 fd=67 events=0x1
[WARN] kernel::syscall: [futex-wake] caller=3 addr=0x7ffffffee180 woke=1
[WARN] kernel::syscall::posix: [cond-signal] pid=3 cond=0x7ffffffee180 seq 0→1 woke=1
[ERROR] kernel::syscall::posix: [trace] sys_pthread_attr_init attr=0x7ffffffee110
[ERROR] kernel::syscall::posix: [trace] sys_pthread_attr_setstacksize attr=0x7ffffffee110 size=0x200000
[WARN] kernel::process: [spawn_thread] alloc stack_va=0x2eb000000 pages=512
[WARN] kernel::process: [spawn_thread] tid=4 tls_va=0x2ec000000 arg=0x2ea000010
[INFO] kernel::process: [Process] Thread tid=4 spawned in pid=1 entry=0x29c23e0 tls=0x2ec000000
[ERROR] kernel::syscall: [trace] sys_thread_create POSIX out=0x2e8000010 attr=0x7ffffffee110 entry=0x29c23e0 arg=0x2ea000010 stk=0x200000 -> 0
[WARN] kernel::syscall: [thread-create] spawned child=4 entry=0x29c23e0
[ERROR] kernel::syscall::posix: [trace] sys_pthread_setname_np thread=0x2ed000010 name="io.flutter.io"
[ERROR] kernel::syscall::posix: [trace] sys_pthread_attr_destroy attr=0x7ffffffee110
[WARN] kernel::syscall: [futex-wait] pid=1 uaddr=0x7ffffffee180 val=0x0 rip=0x7fffe39a
[WARN] kernel::syscall: [epoll_create] pid=4 → fd=68
[WARN] kernel::syscall: [timerfd_create] pid=4 → fd=69
[WARN] kernel::syscall: [epoll_ctl] pid=4 epfd=68 op=1 fd=69 events=0x1
[WARN] kernel::syscall: [futex-wake] caller=4 addr=0x7ffffffee180 woke=1
[WARN] kernel::syscall::posix: [cond-signal] pid=4 cond=0x7ffffffee180 seq 0→1 woke=1
[WARN] kernel::syscall: [epoll_create] pid=1 → fd=70
[WARN] kernel::syscall: [timerfd_create] pid=1 → fd=71
[WARN] kernel::syscall: [epoll_ctl] pid=1 epfd=70 op=1 fd=71 events=0x1
[WARN] kernel::syscall: [stat-trace] nr=0x101 path='/system/flutter/flutter_assets'
[DEBUG] kernel::syscall: [sys_open] '/system/flutter/flutter_assets' → fd=3 (dir)
[WARN] kernel::syscall: [stat-trace] nr=0x101 path='kernel_blob.bin'
[DEBUG] kernel::syscall: [openat] dirfd=3 rel='kernel_blob.bin' → '/system/flutter/flutter_assets/kernel_blob.bin'
[DEBUG] kernel::syscall: [sys_open] '/system/flutter/flutter_assets/kernel_blob.bin' → fd=4 (41584416 bytes)
[DEBUG] kernel::syscall: [mmap] file-backed fd=4 off=0x0 len=0x27a8720 → va=0x304000000 (41584416 copied)
[WARN] kernel::syscall: [stat-trace] nr=0x101 path='/system/flutter/icudtl.dat'
[DEBUG] kernel::syscall: [sys_open] '/system/flutter/icudtl.dat' → fd=4 (862304 bytes)
[DEBUG] kernel::syscall: [mmap] file-backed fd=4 off=0x0 len=0xd2860 → va=0x31a000000 (862304 copied)
[WARN] kernel::syscall::posix: [cond-broadcast] pid=1 cond=0x36f8050 seq 30→31 woke=0
[WARN] kernel::syscall::posix: [cond-broadcast] pid=1 cond=0x36f8050 seq 31→32 woke=0
[WARN] kernel::syscall::posix: [cond-broadcast] pid=1 cond=0x36f8050 seq 32→33 woke=0
[WARN] kernel::syscall: [stat-trace] nr=0x101 path='/system/flutter/flutter_assets/vm_snapshot_data'
[DEBUG] kernel::syscall: [sys_open] '/system/flutter/flutter_assets/vm_snapshot_data' → fd=4 (15011 bytes)
[DEBUG] kernel::syscall: [mmap] file-backed fd=4 off=0x0 len=0x3aa3 → va=0x31e000000 (15011 copied)
[WARN] kernel::syscall: [stat-trace] nr=0x101 path='/system/flutter/flutter_assets/isolate_snapshot_data'
[DEBUG] kernel::syscall: [sys_open] '/system/flutter/flutter_assets/isolate_snapshot_data' → fd=4 (11028680 bytes)
[DEBUG] kernel::syscall: [mmap] file-backed fd=4 off=0x0 len=0xa848c8 → va=0x327000000 (11028680 copied)
[WARN] kernel::process: [spawn_thread] alloc stack_va=0x33d000000 pages=16
[WARN] kernel::process: [spawn_thread] tid=5 tls_va=0x33e000000 arg=0x33c000010
[INFO] kernel::process: [Process] Thread tid=5 spawned in pid=1 entry=0x29b9080 tls=0x33e000000
[ERROR] kernel::syscall: [trace] sys_thread_create POSIX out=0x339000010 attr=0x0 entry=0x29b9080 arg=0x33c000010 stk=0x0 -> 0
[WARN] kernel::syscall: [thread-create] spawned child=5 entry=0x29b9080
[ERROR] kernel::syscall::posix: [trace] sys_pthread_setname_np thread=0x33f000010 name="io.worker.1"
[WARN] kernel::process: [spawn_thread] alloc stack_va=0x344000000 pages=16
[WARN] kernel::process: [spawn_thread] tid=6 tls_va=0x345000000 arg=0x343000010
[INFO] kernel::process: [Process] Thread tid=6 spawned in pid=1 entry=0x29b9080 tls=0x345000000
[ERROR] kernel::syscall: [trace] sys_thread_create POSIX out=0x340000018 attr=0x0 entry=0x29b9080 arg=0x343000010 stk=0x0 -> 0
[WARN] kernel::syscall: [thread-create] spawned child=6 entry=0x29b9080
[WARN] kernel::syscall: [futex-target] #0 wait-enter caller=5 addr=0x338000070 val=0x0 waiters(pid1=0;worker=0;handoff=0)
[WARN] kernel::syscall: [futex-wait] pid=5 uaddr=0x338000070 val=0x0 rip=0x7fffe39a
[WARN] kernel::syscall: [futex-target] #1 wait-queued caller=5 addr=0x338000070 val=0x0 waiters(pid1=0;worker=0;handoff=1)
[DEBUG] kernel::syscall: [pipe2] read_fd=4 write_fd=5 pipe_id=0 flags=0x80000
[ERROR] kernel::syscall::posix: [trace] sys_pthread_setname_np thread=0x363000010 name="io.worker.2"
[WARN] kernel::syscall: [epoll_create] pid=1 → fd=72
[WARN] kernel::syscall: [futex-target] #2 wait-enter caller=6 addr=0x338000070 val=0x0 waiters(pid1=0;worker=0;handoff=1)
[WARN] kernel::syscall: [futex-wait] pid=6 uaddr=0x338000070 val=0x0 rip=0x7fffe39a
[WARN] kernel::syscall: [futex-target] #3 wait-queued caller=6 addr=0x338000070 val=0x0 waiters(pid1=0;worker=0;handoff=2)
[WARN] kernel::syscall: [epoll_ctl] pid=1 epfd=72 op=1 fd=4 events=0x1
[WARN] kernel::syscall: [timerfd_create] pid=1 → fd=73
[WARN] kernel::syscall: [epoll_ctl] pid=1 epfd=72 op=1 fd=73 events=0x1
[ERROR] kernel::syscall::posix: [trace] sys_pthread_attr_init attr=0x7ffffffed8f0
[ERROR] kernel::syscall::posix: [trace] sys_pthread_attr_setdetachstate attr=0x7ffffffed8f0 state=1
[ERROR] kernel::syscall::posix: [trace] sys_pthread_attr_setstacksize attr=0x7ffffffed8f0 size=0x100000
[WARN] kernel::process: [spawn_thread] alloc stack_va=0x365000000 pages=256
[WARN] kernel::process: [spawn_thread] tid=7 tls_va=0x366000000 arg=0x364000010
[INFO] kernel::process: [Process] Thread tid=7 spawned in pid=1 entry=0x323bb20 tls=0x366000000
[ERROR] kernel::syscall: [trace] sys_thread_create POSIX out=0x7ffffffed8e8 attr=0x7ffffffed8f0 entry=0x323bb20 arg=0x364000010 stk=0x100000 -> 0
[WARN] kernel::syscall: [thread-create] spawned child=7 entry=0x323bb20
[ERROR] kernel::syscall::posix: [trace] sys_pthread_setname_np thread=0x367000010 name="dart:io EventHa"
[ERROR] kernel::syscall::posix: [trace] sys_pthread_attr_destroy attr=0x7ffffffed8f0
[ERROR] kernel::syscall::posix: [trace] pthread_attr/sched noop nr=0x3f5 a0=0x379000010 a1=0x37a000010 a2=0x10
[ERROR] kernel::syscall::posix: [trace] pthread_attr/sched noop nr=0x3f6 a0=0x379000010 a1=0x7ffffffed548 a2=0x10
[ERROR] kernel::syscall::posix: [trace] sys_pthread_attr_getstack attr=0x7ffffffed548
[ERROR] kernel::syscall::posix: [trace] sys_pthread_attr_destroy attr=0x7ffffffed548
[WARN] kernel::syscall::posix: [cond-broadcast] pid=1 cond=0x388000040 seq 1→2 woke=0
[WARN] kernel::syscall::posix: [cond-broadcast] pid=1 cond=0x3a6000048 seq 0→1 woke=0
[WARN] kernel::syscall::posix: [cond-broadcast] pid=1 cond=0x3bd000048 seq 0→1 woke=0
[WARN] kernel::syscall::posix: [cond-broadcast] pid=1 cond=0x3bd000048 seq 1→2 woke=0
[WARN] kernel::syscall::posix: [cond-broadcast] pid=1 cond=0x3bd000048 seq 2→3 woke=0
[WARN] kernel::syscall::posix: [cond-broadcast] pid=1 cond=0x3bd000048 seq 3→4 woke=0
[WARN] kernel::syscall::posix: [cond-broadcast] pid=1 cond=0x3bd000048 seq 4→5 woke=0
[WARN] kernel::syscall::posix: [cond-broadcast] pid=1 cond=0x3bd000048 seq 5→6 woke=0
[WARN] kernel::syscall::posix: [cond-broadcast] pid=1 cond=0x3bd000048 seq 6→7 woke=0
[WARN] kernel::syscall::posix: [cond-broadcast] pid=1 cond=0x3bd000048 seq 7→8 woke=0
[WARN] kernel::syscall::posix: [cond-broadcast] pid=1 cond=0x3bd000048 seq 9→10 woke=0
[WARN] kernel::syscall::posix: [cond-broadcast] pid=1 cond=0x3bd000048 seq 10→11 woke=0
[WARN] kernel::syscall::posix: [cond-broadcast] pid=1 cond=0x3bd000048 seq 11→12 woke=0
[WARN] kernel::syscall::posix: [cond-broadcast] pid=1 cond=0x3bd000048 seq 12→13 woke=0
[WARN] kernel::syscall::posix: [cond-broadcast] pid=1 cond=0x3bd000048 seq 13→14 woke=0
[WARN] kernel::syscall::posix: [cond-broadcast] pid=1 cond=0x3bd000048 seq 14→15 woke=0
[WARN] kernel::syscall::posix: [cond-broadcast] pid=1 cond=0x3bd000048 seq 15→16 woke=0
[WARN] kernel::syscall::posix: [cond-broadcast] pid=1 cond=0x3bd000048 seq 16→17 woke=0
[WARN] kernel::syscall::posix: [cond-broadcast] pid=1 cond=0x3bd000048 seq 17→18 woke=0
[WARN] kernel::syscall::posix: [cond-broadcast] pid=1 cond=0x3bd000048 seq 18→19 woke=0
[WARN] kernel::syscall::posix: [cond-broadcast] pid=1 cond=0x3bd000048 seq 19→20 woke=0
[WARN] kernel::syscall::posix: [cond-broadcast] pid=1 cond=0x3bd000048 seq 20→21 woke=0
[WARN] kernel::syscall::posix: [cond-broadcast] pid=1 cond=0x3bd000048 seq 21→22 woke=0
[WARN] kernel::syscall::posix: [cond-broadcast] pid=1 cond=0x3bd000048 seq 22→23 woke=0
[WARN] kernel::syscall::posix: [cond-broadcast] pid=1 cond=0x3bd000048 seq 23→24 woke=0
[WARN] kernel::syscall::posix: [cond-broadcast] pid=1 cond=0x3bd000048 seq 24→25 woke=0
[WARN] kernel::syscall::posix: [cond-broadcast] pid=1 cond=0x3bd000048 seq 25→26 woke=0
[WARN] kernel::syscall::posix: [cond-broadcast] pid=1 cond=0x3bd000048 seq 26→27 woke=0
[WARN] kernel::syscall::posix: [cond-broadcast] pid=1 cond=0x3bd000048 seq 28→29 woke=0
[WARN] kernel::syscall::posix: [cond-broadcast] pid=1 cond=0x3bd000048 seq 29→30 woke=0
[WARN] kernel::syscall::posix: [cond-broadcast] pid=1 cond=0x3bd000048 seq 31→32 woke=0
[WARN] kernel::syscall::posix: [cond-broadcast] pid=1 cond=0x3bd000048 seq 32→33 woke=0
[WARN] kernel::syscall::posix: [cond-broadcast] pid=1 cond=0x3bd000048 seq 33→34 woke=0
[WARN] kernel::syscall::posix: [cond-broadcast] pid=1 cond=0x3bd000048 seq 34→35 woke=0
[WARN] kernel::syscall::posix: [cond-broadcast] pid=1 cond=0x3bd000048 seq 35→36 woke=0
[WARN] kernel::syscall::posix: [cond-broadcast] pid=1 cond=0x3bd000048 seq 36→37 woke=0
[WARN] kernel::syscall::posix: [cond-broadcast] pid=1 cond=0x3bd000048 seq 37→38 woke=0
[WARN] kernel::syscall::posix: [cond-broadcast] pid=1 cond=0x3bd000048 seq 38→39 woke=0
[WARN] kernel::syscall::posix: [cond-broadcast] pid=1 cond=0x3bd000048 seq 39→40 woke=0
[WARN] kernel::syscall::posix: [cond-broadcast] pid=1 cond=0x3bd000048 seq 40→41 woke=0
[WARN] kernel::syscall::posix: [cond-broadcast] pid=1 cond=0x3bd000048 seq 41→42 woke=0
[WARN] kernel::syscall::posix: [cond-broadcast] pid=1 cond=0x3bd000048 seq 42→43 woke=0
[WARN] kernel::syscall::posix: [cond-broadcast] pid=1 cond=0x3bd000048 seq 43→44 woke=0
[WARN] kernel::syscall::posix: [cond-broadcast] pid=1 cond=0x3bd000048 seq 44→45 woke=0
[WARN] kernel::syscall::posix: [cond-broadcast] pid=1 cond=0x3bd000048 seq 45→46 woke=0
[WARN] kernel::syscall::posix: [cond-broadcast] pid=1 cond=0x3bd000048 seq 46→47 woke=0
[WARN] kernel::syscall::posix: [cond-broadcast] pid=1 cond=0x3bd000048 seq 47→48 woke=0
[WARN] kernel::syscall::posix: [cond-broadcast] pid=1 cond=0x3bd000048 seq 48→49 woke=0
[WARN] kernel::syscall::posix: [cond-broadcast] pid=1 cond=0x3bd000048 seq 50→51 woke=0
[WARN] kernel::syscall::posix: [cond-broadcast] pid=1 cond=0x3bd000048 seq 51→52 woke=0
[WARN] kernel::syscall::posix: [cond-broadcast] pid=1 cond=0x3bd000048 seq 52→53 woke=0
[WARN] kernel::syscall::posix: [cond-broadcast] pid=1 cond=0x3bd000048 seq 53→54 woke=0
[WARN] kernel::syscall::posix: [cond-broadcast] pid=1 cond=0x3bd000048 seq 54→55 woke=0
[WARN] kernel::syscall::posix: [cond-broadcast] pid=1 cond=0x3bd000048 seq 55→56 woke=0
[WARN] kernel::syscall::posix: [cond-broadcast] pid=1 cond=0x3bd000048 seq 56→57 woke=0
[WARN] kernel::syscall::posix: [cond-broadcast] pid=1 cond=0x3bd000048 seq 57→58 woke=0
[WARN] kernel::syscall::posix: [cond-broadcast] pid=1 cond=0x3bd000048 seq 58→59 woke=0
[WARN] kernel::syscall::posix: [cond-broadcast] pid=1 cond=0x3bd000048 seq 59→60 woke=0
[WARN] kernel::syscall::posix: [cond-broadcast] pid=1 cond=0x3bd000048 seq 60→61 woke=0
[WARN] kernel::syscall::posix: [cond-broadcast] pid=1 cond=0x3bd000048 seq 61→62 woke=0
[WARN] kernel::syscall::posix: [cond-broadcast] pid=1 cond=0x3bd000048 seq 62→63 woke=0
[WARN] kernel::syscall::posix: [cond-broadcast] pid=1 cond=0x3bd000048 seq 63→64 woke=0
[WARN] kernel::syscall::posix: [cond-broadcast] pid=1 cond=0x3bd000048 seq 64→65 woke=0
[WARN] kernel::syscall::posix: [cond-broadcast] pid=1 cond=0x3bd000048 seq 65→66 woke=0
[WARN] kernel::syscall::posix: [cond-broadcast] pid=1 cond=0x3bd000048 seq 66→67 woke=0
[WARN] kernel::syscall::posix: [cond-broadcast] pid=1 cond=0x3bd000048 seq 67→68 woke=0
[WARN] kernel::syscall::posix: [cond-broadcast] pid=1 cond=0x3bd000048 seq 69→70 woke=0
[WARN] kernel::syscall::posix: [cond-broadcast] pid=1 cond=0x3bd000048 seq 70→71 woke=0
[WARN] kernel::syscall::posix: [cond-broadcast] pid=1 cond=0x3bd000048 seq 72→73 woke=0
[WARN] kernel::syscall::posix: [cond-broadcast] pid=1 cond=0x3bd000048 seq 73→74 woke=0
[WARN] kernel::syscall::posix: [cond-broadcast] pid=1 cond=0x3bd000048 seq 74→75 woke=0
[WARN] kernel::syscall::posix: [cond-broadcast] pid=1 cond=0x3bd000048 seq 75→76 woke=0
[WARN] kernel::syscall::posix: [cond-broadcast] pid=1 cond=0x3bd000048 seq 76→77 woke=0
[WARN] kernel::syscall::posix: [cond-broadcast] pid=1 cond=0x3bd000048 seq 77→78 woke=0
[WARN] kernel::syscall::posix: [cond-broadcast] pid=1 cond=0x3bd000048 seq 78→79 woke=0
[WARN] kernel::syscall::posix: [cond-broadcast] pid=1 cond=0x3bd000048 seq 79→80 woke=0
[WARN] kernel::syscall::posix: [cond-broadcast] pid=1 cond=0x3bd000048 seq 80→81 woke=0
[WARN] kernel::syscall::posix: [cond-broadcast] pid=1 cond=0x3bd000048 seq 81→82 woke=0
[WARN] kernel::syscall::posix: [cond-broadcast] pid=1 cond=0x3bd000048 seq 82→83 woke=0
[WARN] kernel::syscall::posix: [cond-broadcast] pid=1 cond=0x3bd000048 seq 83→84 woke=0
[WARN] kernel::syscall::posix: [cond-broadcast] pid=1 cond=0x3bd000048 seq 84→85 woke=0
[WARN] kernel::syscall::posix: [cond-broadcast] pid=1 cond=0x3bd000048 seq 85→86 woke=0
[WARN] kernel::syscall::posix: [cond-broadcast] pid=1 cond=0x3bd000048 seq 86→87 woke=0
[WARN] kernel::syscall::posix: [cond-broadcast] pid=1 cond=0x3bd000048 seq 87→88 woke=0
[WARN] kernel::syscall::posix: [cond-broadcast] pid=1 cond=0x3bd000048 seq 88→89 woke=0
[WARN] kernel::syscall::posix: [cond-broadcast] pid=1 cond=0x3bd000048 seq 89→90 woke=0
[WARN] kernel::syscall::posix: [cond-broadcast] pid=1 cond=0x3bd000048 seq 91→92 woke=0
[WARN] kernel::syscall::posix: [cond-broadcast] pid=1 cond=0x3bd000048 seq 92→93 woke=0
[WARN] kernel::syscall::posix: [cond-broadcast] pid=1 cond=0x3bd000048 seq 93→94 woke=0
[WARN] kernel::syscall::posix: [cond-broadcast] pid=1 cond=0x3bd000048 seq 94→95 woke=0
[WARN] kernel::syscall::posix: [cond-broadcast] pid=1 cond=0x3bd000048 seq 95→96 woke=0
[WARN] kernel::syscall::posix: [cond-broadcast] pid=1 cond=0x3bd000048 seq 96→97 woke=0
[WARN] kernel::syscall::posix: [cond-broadcast] pid=1 cond=0x3bd000048 seq 97→98 woke=0
[WARN] kernel::syscall::posix: [cond-broadcast] pid=1 cond=0x3bd000048 seq 98→99 woke=0
[WARN] kernel::syscall::posix: [cond-broadcast] pid=1 cond=0x3bd000048 seq 99→100 woke=0
[WARN] kernel::syscall::posix: [cond-broadcast] pid=1 cond=0x3bd000048 seq 100→101 woke=0
[WARN] kernel::syscall::posix: [cond-broadcast] pid=1 cond=0x3bd000048 seq 101→102 woke=0
[WARN] kernel::syscall::posix: [cond-broadcast] pid=1 cond=0x3bd000048 seq 102→103 woke=0
[WARN] kernel::syscall::posix: [cond-broadcast] pid=1 cond=0x3bd000048 seq 103→104 woke=0
[WARN] kernel::syscall::posix: [cond-broadcast] pid=1 cond=0x3bd000048 seq 104→105 woke=0
[WARN] kernel::syscall::posix: [cond-broadcast] pid=1 cond=0x3bd000048 seq 105→106 woke=0
[WARN] kernel::syscall::posix: [cond-broadcast] pid=1 cond=0x3bd000048 seq 106→107 woke=0
[WARN] kernel::syscall::posix: [cond-broadcast] pid=1 cond=0x3bd000048 seq 107→108 woke=0
[WARN] kernel::syscall::posix: [cond-broadcast] pid=1 cond=0x3bd000048 seq 108→109 woke=0
[WARN] kernel::syscall::posix: [cond-broadcast] pid=1 cond=0x3bd000048 seq 110→111 woke=0
[WARN] kernel::syscall::posix: [cond-broadcast] pid=1 cond=0x3bd000048 seq 111→112 woke=0
[WARN] kernel::syscall::posix: [cond-broadcast] pid=1 cond=0x3bd000048 seq 113→114 woke=0
[WARN] kernel::syscall::posix: [cond-broadcast] pid=1 cond=0x3bd000048 seq 114→115 woke=0
[WARN] kernel::syscall::posix: [cond-broadcast] pid=1 cond=0x3bd000048 seq 115→116 woke=0
[WARN] kernel::syscall::posix: [cond-broadcast] pid=1 cond=0x3bd000048 seq 116→117 woke=0
[WARN] kernel::syscall::posix: [cond-broadcast] pid=1 cond=0x3bd000048 seq 117→118 woke=0
[WARN] kernel::syscall::posix: [cond-broadcast] pid=1 cond=0x3bd000048 seq 118→119 woke=0
[WARN] kernel::syscall::posix: [cond-broadcast] pid=1 cond=0x3bd000048 seq 119→120 woke=0
[WARN] kernel::syscall::posix: [cond-broadcast] pid=1 cond=0x3bd000048 seq 120→121 woke=0
[WARN] kernel::syscall::posix: [cond-broadcast] pid=1 cond=0x3bd000048 seq 121→122 woke=0
[WARN] kernel::syscall::posix: [cond-broadcast] pid=1 cond=0x3bd000048 seq 122→123 woke=0
[WARN] kernel::syscall::posix: [cond-broadcast] pid=1 cond=0x3bd000048 seq 123→124 woke=0
[WARN] kernel::syscall::posix: [cond-broadcast] pid=1 cond=0x3bd000048 seq 124→125 woke=0
[WARN] kernel::syscall::posix: [cond-broadcast] pid=1 cond=0x3bd000048 seq 125→126 woke=0
[WARN] kernel::syscall::posix: [cond-broadcast] pid=1 cond=0x3bd000048 seq 126→127 woke=0
[WARN] kernel::syscall::posix: [cond-broadcast] pid=1 cond=0x3bd000048 seq 127→128 woke=0
[WARN] kernel::syscall::posix: [cond-broadcast] pid=1 cond=0x3bd000048 seq 128→129 woke=0
[WARN] kernel::syscall::posix: [cond-broadcast] pid=1 cond=0x3bd000048 seq 129→130 woke=0
[WARN] kernel::syscall::posix: [cond-broadcast] pid=1 cond=0x3bd000048 seq 130→131 woke=0
[WARN] kernel::syscall::posix: [cond-broadcast] pid=1 cond=0x3bd000048 seq 132→133 woke=0
[WARN] kernel::syscall::posix: [cond-broadcast] pid=1 cond=0x3bd000048 seq 133→134 woke=0
[WARN] kernel::syscall::posix: [cond-broadcast] pid=1 cond=0x3bd000048 seq 134→135 woke=0
[WARN] kernel::syscall::posix: [cond-broadcast] pid=1 cond=0x3bd000048 seq 135→136 woke=0
[WARN] kernel::syscall::posix: [cond-broadcast] pid=1 cond=0x3bd000048 seq 136→137 woke=0
[WARN] kernel::syscall::posix: [cond-broadcast] pid=1 cond=0x3bd000048 seq 137→138 woke=0
[WARN] kernel::syscall::posix: [cond-broadcast] pid=1 cond=0x3bd000048 seq 138→139 woke=0
[WARN] kernel::syscall::posix: [cond-broadcast] pid=1 cond=0x3bd000048 seq 139→140 woke=0
[WARN] kernel::syscall::posix: [cond-broadcast] pid=1 cond=0x3bd000048 seq 140→141 woke=0
[WARN] kernel::syscall::posix: [cond-broadcast] pid=1 cond=0x3bd000048 seq 141→142 woke=0
[WARN] kernel::syscall::posix: [cond-broadcast] pid=1 cond=0x3bd000048 seq 142→143 woke=0
[WARN] kernel::syscall::posix: [cond-broadcast] pid=1 cond=0x3bd000048 seq 143→144 woke=0
[WARN] kernel::syscall::posix: [cond-broadcast] pid=1 cond=0x3bd000048 seq 144→145 woke=0
[WARN] kernel::syscall::posix: [cond-broadcast] pid=1 cond=0x3bd000048 seq 145→146 woke=0
[WARN] kernel::syscall::posix: [cond-broadcast] pid=1 cond=0x3bd000048 seq 146→147 woke=0
[WARN] kernel::syscall::posix: [cond-broadcast] pid=1 cond=0x3bd000048 seq 147→148 woke=0
[WARN] kernel::syscall::posix: [cond-broadcast] pid=1 cond=0x3bd000048 seq 148→149 woke=0
[WARN] kernel::syscall::posix: [cond-broadcast] pid=1 cond=0x3bd000048 seq 149→150 woke=0
[WARN] kernel::syscall::posix: [cond-broadcast] pid=1 cond=0x3bd000048 seq 151→152 woke=0
[WARN] kernel::syscall::posix: [cond-broadcast] pid=1 cond=0x3bd000048 seq 152→153 woke=0
[WARN] kernel::syscall::posix: [cond-broadcast] pid=1 cond=0x3bd000048 seq 154→155 woke=0
[WARN] kernel::syscall::posix: [cond-broadcast] pid=1 cond=0x3bd000048 seq 155→156 woke=0
[WARN] kernel::syscall::posix: [cond-broadcast] pid=1 cond=0x3bd000048 seq 156→157 woke=0
[WARN] kernel::syscall::posix: [cond-broadcast] pid=1 cond=0x3bd000048 seq 157→158 woke=0
[WARN] kernel::syscall::posix: [cond-broadcast] pid=1 cond=0x3bd000048 seq 158→159 woke=0
[WARN] kernel::syscall::posix: [cond-broadcast] pid=1 cond=0x3bd000048 seq 159→160 woke=0
[WARN] kernel::syscall::posix: [cond-broadcast] pid=1 cond=0x3bd000048 seq 160→161 woke=0
[WARN] kernel::syscall::posix: [cond-broadcast] pid=1 cond=0x3bd000048 seq 161→162 woke=0
[WARN] kernel::syscall::posix: [cond-broadcast] pid=1 cond=0x3bd000048 seq 162→163 woke=0
[WARN] kernel::syscall::posix: [cond-broadcast] pid=1 cond=0x3bd000048 seq 163→164 woke=0
[WARN] kernel::syscall::posix: [cond-broadcast] pid=1 cond=0x3bd000048 seq 164→165 woke=0
[WARN] kernel::syscall::posix: [cond-broadcast] pid=1 cond=0x3bd000048 seq 165→166 woke=0
[WARN] kernel::syscall::posix: [cond-broadcast] pid=1 cond=0x3bd000048 seq 166→167 woke=0
[WARN] kernel::syscall::posix: [cond-broadcast] pid=1 cond=0x3bd000048 seq 167→168 woke=0
[WARN] kernel::syscall::posix: [cond-broadcast] pid=1 cond=0x3bd000048 seq 168→169 woke=0
[WARN] kernel::syscall::posix: [cond-broadcast] pid=1 cond=0x3bd000048 seq 169→170 woke=0
[WARN] kernel::syscall::posix: [cond-broadcast] pid=1 cond=0x3bd000048 seq 170→171 woke=0
[WARN] kernel::syscall::posix: [cond-broadcast] pid=1 cond=0x3bd000048 seq 171→172 woke=0
[WARN] kernel::syscall::posix: [cond-broadcast] pid=1 cond=0x3bd000048 seq 172→173 woke=0
[WARN] kernel::syscall::posix: [cond-broadcast] pid=1 cond=0x3bd000048 seq 173→174 woke=0
[WARN] kernel::syscall::posix: [cond-broadcast] pid=1 cond=0x3cb0003b8 seq 0→1 woke=0
[WARN] kernel::syscall::posix: [cond-broadcast] pid=1 cond=0x3a9000040 seq 0→1 woke=0
[WARN] kernel::syscall::posix: [cond-broadcast] pid=1 cond=0x3cb0003b8 seq 1→2 woke=0
[WARN] kernel::syscall::posix: [cond-broadcast] pid=1 cond=0x3a9000040 seq 1→2 woke=0
[ERROR] kernel::syscall::posix: [trace] sys_pthread_attr_init attr=0x7ffffffed760
[ERROR] kernel::syscall::posix: [trace] sys_pthread_attr_setstacksize attr=0x7ffffffed760 size=0x100000
[WARN] kernel::process: [spawn_thread] alloc stack_va=0x459000000 pages=256
[WARN] kernel::process: [spawn_thread] tid=8 tls_va=0x45a000000 arg=0x458000010
[INFO] kernel::process: [Process] Thread tid=8 spawned in pid=1 entry=0x338ed10 tls=0x45a000000
[ERROR] kernel::syscall: [trace] sys_thread_create POSIX out=0x7ffffffed758 attr=0x7ffffffed760 entry=0x338ed10 arg=0x458000010 stk=0x100000 -> 0
[WARN] kernel::syscall: [thread-create] spawned child=8 entry=0x338ed10
[ERROR] kernel::syscall::posix: [trace] sys_pthread_setname_np thread=0x45b000010 name="DartWorker"
[ERROR] kernel::syscall::posix: [trace] pthread_attr/sched noop nr=0x3f5 a0=0x45b000010 a1=0x45d000010 a2=0x10
[ERROR] kernel::syscall::posix: [trace] sys_pthread_attr_destroy attr=0x7ffffffed760
[ERROR] kernel::syscall::posix: [trace] pthread_attr/sched noop nr=0x3f6 a0=0x45b000010 a1=0x4590ffe88 a2=0x10
[WARN] kernel::syscall: [futex-target] #4 wake-enter caller=1 addr=0x338000070 val=0x7fffffff waiters(pid1=0;worker=0;handoff=2)
[WARN] kernel::syscall: [futex-wake] caller=1 addr=0x338000070 woke=2
[WARN] kernel::syscall: [futex-target-wake] #0 caller=1 addr=0x338000070 waking_pid=5
[WARN] kernel::syscall: [futex-target-wake] #0 caller=1 addr=0x338000070 waking_pid=6
[WARN] kernel::syscall: [futex-target] #5 wake-exit caller=1 addr=0x338000070 val=0x7fffffff waiters(pid1=0;worker=0;handoff=0)
[WARN] kernel::syscall::posix: [cond-broadcast] pid=1 cond=0x338000070 seq 0→1 woke=2
[WARN] kernel::syscall: [futex-target] #6 wait-enter caller=5 addr=0x338000070 val=0x1 waiters(pid1=0;worker=0;handoff=0)
[WARN] kernel::syscall: [futex-wait] pid=5 uaddr=0x338000070 val=0x1 rip=0x7fffe39a
[WARN] kernel::syscall: [futex-target] #7 wait-queued caller=5 addr=0x338000070 val=0x1 waiters(pid1=0;worker=0;handoff=1)
[ERROR] kernel::syscall::posix: [trace] sys_pthread_attr_getstack attr=0x4590ffe88
[WARN] kernel::syscall: [tfd-settime] #0 pid=1 fd=71 flags=1 val=1700000010930042000ns period=1700000010930042000ns → fired-immediately (now=1700000010930624000ns)
[WARN] kernel::syscall: [futex-target] #8 wait-enter caller=6 addr=0x338000070 val=0x1 waiters(pid1=0;worker=0;handoff=1)
[WARN] kernel::syscall: [futex-wait] pid=6 uaddr=0x338000070 val=0x1 rip=0x7fffe39a
[WARN] kernel::syscall: [futex-target] #9 wait-queued caller=6 addr=0x338000070 val=0x1 waiters(pid1=0;worker=0;handoff=2)
[ERROR] kernel::syscall::posix: [trace] sys_pthread_attr_destroy attr=0x4590ffe88
[WARN] kernel::syscall: [futex-target] #10 wait-enter caller=1 addr=0x7ffffffec8f0 val=0x0 waiters(pid1=0;worker=0;handoff=2)
[WARN] kernel::syscall: [futex-wait] pid=1 uaddr=0x7ffffffec8f0 val=0x0 rip=0x7fffe39a
[WARN] kernel::syscall: [futex-target] #11 wait-queued caller=1 addr=0x7ffffffec8f0 val=0x0 waiters(pid1=1;worker=0;handoff=2)
[WARN] kernel::syscall: [pid1-wait] queued on 0x7ffffffec8f0; taking scheduler/syscall snapshot
[WARN] kernel::process: [sched-snapshot] pid=1 state=Running rip=0x7fffe39a rsp=0x7ffffffec888 rax=0x0 cpu_ticks=0 slice_left=10
[WARN] kernel::process: [sched-snapshot] pid=5 state=Blocked rip=0x7fffe39a rsp=0x33d00feb8 rax=0x0 cpu_ticks=0 slice_left=10
[WARN] kernel::process: [sched-snapshot] pid=6 state=Blocked rip=0x7fffe39a rsp=0x34400feb8 rax=0x0 cpu_ticks=0 slice_left=10
[WARN] kernel::process: [sched-snapshot] pid=8 state=Running rip=0x7fffe44a rsp=0x4590ffe68 rax=0x0 cpu_ticks=0 slice_left=10
[ERROR] kernel::syscall: [syscall-trace] last 12 syscall(s):
[ERROR] kernel::syscall: [syscall-trace] #00 nr=0x39d a0=0x7ffffffec920 a1=0x81 a2=0x1 rip=0x7fffe39a
[ERROR] kernel::syscall: [syscall-trace] #01 nr=0x3dd a0=0x7ffffffec8f0 a1=0x7ffffffec920 a2=0x7ffffffec810 rip=0x7fffe39a
[ERROR] kernel::syscall: [syscall-trace] #02 nr=0x3d3 a0=0x7ffffffec920 a1=0x0 a2=0x7ffffffec810 rip=0x7fffe2fa
[ERROR] kernel::syscall: [syscall-trace] #03 nr=0x3a1 a0=0x469000010 a1=0x18 a2=0x7ffffffec810 rip=0x7fffe01a
[ERROR] kernel::syscall: [syscall-trace] #04 nr=0x3a1 a0=0x46a000010 a1=0x20 a2=0x7ffffffec810 rip=0x7fffe01a
[ERROR] kernel::syscall: [syscall-trace] #05 nr=0x3a1 a0=0x46b000010 a1=0x20 a2=0x7ffffffec810 rip=0x7fffe01a
[ERROR] kernel::syscall: [syscall-trace] #06 nr=0x3a1 a0=0x477000010 a1=0x10 a2=0x7ffffffec810 rip=0x7fffe01a
[ERROR] kernel::syscall: [syscall-trace] #07 nr=0x39d a0=0x2d1000010 a1=0x81 a2=0x1 rip=0x7fffe30a
[ERROR] kernel::syscall: [syscall-trace] #08 nr=0x3d4 a0=0x2d1000010 a1=0x1 a2=0x7ffffffec810 rip=0x7fffe30a
[ERROR] kernel::syscall: [syscall-trace] #09 nr=0x3e8 a0=0x4590ffe88 a1=0x4590ffe80 a2=0x4590ffe78 rip=0x7fffe44a
[ERROR] kernel::syscall: [syscall-trace] #10 nr=0x39d a0=0x338000048 a1=0x81 a2=0x1 rip=0x7fffe39a
[ERROR] kernel::syscall: [syscall-trace] #11 nr=0x3dd a0=0x338000070 a1=0x338000048 a2=0xb rip=0x7fffe39a
[WARN] kernel::syscall: [futex-target] #12 wake-enter caller=8 addr=0x7ffffffec8f0 val=0x7fffffff waiters(pid1=1;worker=0;handoff=2)
[WARN] kernel::syscall: [futex-wake] caller=8 addr=0x7ffffffec8f0 woke=1
[WARN] kernel::syscall: [futex-target-wake] #1 caller=8 addr=0x7ffffffec8f0 waking_pid=1
[WARN] kernel::syscall: [futex-target] #13 wake-exit caller=8 addr=0x7ffffffec8f0 val=0x7fffffff waiters(pid1=0;worker=0;handoff=2)
[WARN] kernel::syscall: [cond-bridge] cond=0x237000040 -> futex=0x7ffffffec8f0 wake_count=2147483647 bridged=1
[WARN] kernel::syscall::posix: [cond-broadcast-bridged] pid=8 cond=0x237000040 woke=0 bridged=1
[WARN] kernel::syscall::posix: [cond-broadcast] pid=8 cond=0x237000040 seq 1→2 woke=0
[WARN] kernel::syscall: [futex-target] #14 wait-enter caller=1 addr=0x7ffffffec8f0 val=0x0 waiters(pid1=0;worker=0;handoff=2)
[WARN] kernel::syscall: [futex-wait] pid=1 uaddr=0x7ffffffec8f0 val=0x0 rip=0x7fffe39a
[WARN] kernel::syscall: [futex-target] #15 wait-queued caller=1 addr=0x7ffffffec8f0 val=0x0 waiters(pid1=1;worker=0;handoff=2)
[WARN] kernel::syscall: [pid1-wait] queued on 0x7ffffffec8f0; taking scheduler/syscall snapshot
[WARN] kernel::process: [sched-snapshot] pid=1 state=Running rip=0x7fffe39a rsp=0x7ffffffec888 rax=0x0 cpu_ticks=0 slice_left=10
[WARN] kernel::process: [sched-snapshot] pid=5 state=Blocked rip=0x7fffe39a rsp=0x33d00feb8 rax=0x0 cpu_ticks=0 slice_left=10
[WARN] kernel::process: [sched-snapshot] pid=6 state=Blocked rip=0x7fffe39a rsp=0x34400feb8 rax=0x0 cpu_ticks=0 slice_left=10
[WARN] kernel::process: [sched-snapshot] pid=8 state=Running rip=0x7fffe3ba rsp=0x4590ff9e8 rax=0x0 cpu_ticks=0 slice_left=10
[ERROR] kernel::syscall: [syscall-trace] last 12 syscall(s):
[ERROR] kernel::syscall: [syscall-trace] #00 nr=0x39d a0=0x7ffffffec920 a1=0x81 a2=0x1 rip=0x7fffe39a
[ERROR] kernel::syscall: [syscall-trace] #01 nr=0x3dd a0=0x7ffffffec8f0 a1=0x7ffffffec920 a2=0x7ffffffec810 rip=0x7fffe39a
[ERROR] kernel::syscall: [syscall-trace] #02 nr=0x39d a0=0x237000040 a1=0x81 a2=0x7fffffff rip=0x7fffe3ba
[ERROR] kernel::syscall: [syscall-trace] #03 nr=0x3df a0=0x237000040 a1=0x1 a2=0x11ad1c7 rip=0x7fffe3ba
[ERROR] kernel::syscall: [syscall-trace] #04 nr=0x3d3 a0=0x237000010 a1=0x1 a2=0x11ad1c7 rip=0x7fffe2fa
[ERROR] kernel::syscall: [syscall-trace] #05 nr=0x3a1 a0=0x0 a1=0x1 a2=0x11ad1c7 rip=0x7fffe01a
[ERROR] kernel::syscall: [syscall-trace] #06 nr=0x435 a0=0x480000010 a1=0x1 a2=0x11ad1c7 rip=0x7fffea5a
[ERROR] kernel::syscall: [syscall-trace] #07 nr=0x3a0 a0=0x1 a1=0x0 a2=0x11ad1c7 rip=0x7fffe00a
[ERROR] kernel::syscall: [syscall-trace] #08 nr=0x435 a0=0x0 a1=0x0 a2=0x11ad1c7 rip=0x7fffea5a
[ERROR] kernel::syscall: [syscall-trace] #09 nr=0x405 a0=0x1 a1=0x4590ffa78 a2=0x4590ffe38 rip=0x7fffe63a
[ERROR] kernel::syscall: [syscall-trace] #10 nr=0x47b a0=0x48 a1=0x3650ffee0 a2=0x10 rip=0x7fffeefa
[ERROR] kernel::syscall: [syscall-trace] #11 nr=0x47b a0=0x44 a1=0x2eb1fff98 a2=0x1 rip=0x7fffeefa
[WARN] kernel::syscall: [futex-deadlock-break] pid=8 skipping wait on 0x457000040 because pid1_waiters=1
[WARN] kernel::syscall: [futex-deadlock-break] pid=8 skipping wait on 0x457000040 because pid1_waiters=1
[WARN] kernel::syscall: [futex-deadlock-break] pid=8 skipping wait on 0x457000040 because pid1_waiters=1
[WARN] kernel::syscall: [futex-deadlock-break] pid=8 skipping wait on 0x457000040 because pid1_waiters=1
[WARN] kernel::syscall: [futex-deadlock-break] pid=8 skipping wait on 0x457000040 because pid1_waiters=1
[WARN] kernel::syscall: [futex-deadlock-break] pid=8 skipping wait on 0x457000040 because pid1_waiters=1
[WARN] kernel::syscall: [futex-deadlock-break] pid=8 skipping wait on 0x457000040 because pid1_waiters=1
[WARN] kernel::syscall: [futex-deadlock-break] pid=8 skipping wait on 0x457000040 because pid1_waiters=1
[WARN] kernel::syscall: [futex-deadlock-break] pid=8 skipping wait on 0x457000040 because pid1_waiters=1
[WARN] kernel::syscall: [futex-deadlock-break] pid=8 skipping wait on 0x457000040 because pid1_waiters=1
[WARN] kernel::syscall: [futex-deadlock-break] pid=8 skipping wait on 0x457000040 because pid1_waiters=1
[WARN] kernel::syscall: [futex-deadlock-break] pid=8 skipping wait on 0x457000040 because pid1_waiters=1
[WARN] kernel::syscall: [futex-deadlock-break] pid=8 skipping wait on 0x457000040 because pid1_waiters=1
[WARN] kernel::syscall: [futex-deadlock-break] pid=8 skipping wait on 0x457000040 because pid1_waiters=1
[WARN] kernel::syscall: [futex-deadlock-break] pid=8 skipping wait on 0x457000040 because pid1_waiters=1
[WARN] kernel::syscall: [futex-deadlock-break] pid=8 skipping wait on 0x457000040 because pid1_waiters=1
[WARN] kernel::syscall: [futex-deadlock-break] pid=8 skipping wait on 0x457000040 because pid1_waiters=1
[WARN] kernel::syscall: [futex-deadlock-break] pid=8 skipping wait on 0x457000040 because pid1_waiters=1
[WARN] kernel::syscall: [futex-deadlock-break] pid=8 skipping wait on 0x457000040 because pid1_waiters=1
[WARN] kernel::syscall: [futex-deadlock-break] pid=8 skipping wait on 0x457000040 because pid1_waiters=1
[WARN] kernel::syscall: [futex-deadlock-break] pid=8 skipping wait on 0x457000040 because pid1_waiters=1
[WARN] kernel::syscall: [futex-deadlock-break] pid=8 skipping wait on 0x457000040 because pid1_waiters=1
[WARN] kernel::syscall: [futex-deadlock-break] pid=8 skipping wait on 0x457000040 because pid1_waiters=1
[WARN] kernel::syscall: [futex-deadlock-break] pid=8 skipping wait on 0x457000040 because pid1_waiters=1
[WARN] kernel::syscall: [futex-deadlock-break] pid=8 skipping wait on 0x457000040 because pid1_waiters=1
[WARN] kernel::syscall: [futex-deadlock-break] pid=8 skipping wait on 0x457000040 because pid1_waiters=1
[WARN] kernel::syscall: [futex-deadlock-break] pid=8 skipping wait on 0x457000040 because pid1_waiters=1
[WARN] kernel::syscall: [futex-deadlock-break] pid=8 skipping wait on 0x457000040 because pid1_waiters=1
[WARN] kernel::syscall: [futex-deadlock-break] pid=8 skipping wait on 0x457000040 because pid1_waiters=1
[WARN] kernel::syscall: [futex-deadlock-break] pid=8 skipping wait on 0x457000040 because pid1_waiters=1
[WARN] kernel::syscall: [futex-deadlock-break] pid=8 skipping wait on 0x457000040 because pid1_waiters=1
[WARN] kernel::syscall: [futex-deadlock-break] pid=8 skipping wait on 0x457000040 because pid1_waiters=1
