File 0x22911f5 / VA 0x22921f5: mov      rdi, qword ptr [r14 + 0x58]              (bytes: 498b7e58)
File 0x22911f9 / VA 0x22921f9: call     0x22cee60                                (bytes: e862dc0300)
File 0x22911fe / VA 0x22921fe: mov      rsi, qword ptr [r14 + 0x48]              (bytes: 498b7648)
File 0x2291202 / VA 0x2292202: lea      rcx, [rsi + 1]                           (bytes: 488d4e01)
File 0x2291206 / VA 0x2292206: mov      qword ptr [r14 + 0x48], rcx              (bytes: 49894e48)
File 0x229120a / VA 0x229220a: movzx    edx, byte ptr [rsi]                      (bytes: 0fb616)
File 0x229120d / VA 0x229220d: test     dl, dl                                   (bytes: 84d2)
File 0x229120f / VA 0x229220f: js       0x2291247                                (bytes: 7836)
File 0x2291211 / VA 0x2292211: add      rsi, 2                                   (bytes: 4883c602)
File 0x2291215 / VA 0x2292215: xor      edi, edi                                 (bytes: 31ff)
File 0x2291217 / VA 0x2292217: xor      ecx, ecx                                 (bytes: 31c9)
File 0x2291219 / VA 0x2292219: nop      dword ptr [rax]                          (bytes: 0f1f8000000000)
File 0x2291220 / VA 0x2292220: movzx    ecx, cl                                  (bytes: 0fb6c9)
File 0x2291223 / VA 0x2292223: shl      rdx, cl                                  (bytes: 48d3e2)
File 0x2291226 / VA 0x2292226: or       rdi, rdx                                 (bytes: 4809d7)
File 0x2291229 / VA 0x2292229: add      ecx, 7                                   (bytes: 83c107)
File 0x229122c / VA 0x229222c: mov      qword ptr [r14 + 0x48], rsi              (bytes: 49897648)
File 0x2291230 / VA 0x2292230: movzx    edx, byte ptr [rsi - 1]                  (bytes: 0fb656ff)
File 0x2291234 / VA 0x2292234: inc      rsi                                      (bytes: 48ffc6)
File 0x2291237 / VA 0x2292237: test     dl, dl                                   (bytes: 84d2)
File 0x2291239 / VA 0x2292239: jns      0x2291220                                (bytes: 79e5)
File 0x229123b / VA 0x229223b: add      rdx, -0x80                               (bytes: 4883c280)
File 0x229123f / VA 0x229223f: shl      rdx, cl                                  (bytes: 48d3e2)
File 0x2291242 / VA 0x2292242: or       rdx, rdi                                 (bytes: 4809fa)
File 0x2291245 / VA 0x2292245: jmp      0x229124b                                (bytes: eb04)
File 0x2291247 / VA 0x2292247: add      rdx, -0x80                               (bytes: 4883c280)
File 0x229124b / VA 0x229224b: mov      qword ptr [rbx + 0x6f], rax              (bytes: 4889436f)
File 0x229124f / VA 0x229224f: mov      rdi, rbx                                 (bytes: 4889df)
File 0x2291252 / VA 0x2292252: mov      rsi, rax                                 (bytes: 4889c6)
File 0x2291255 / VA 0x2292255: add      rsp, 8                                   (bytes: 4883c408)
File 0x2291259 / VA 0x2292259: pop      rbx                                      (bytes: 5b)
File 0x229125a / VA 0x229225a: pop      r14                                      (bytes: 415e)
File 0x229125c / VA 0x229225c: jmp      0x2345f60                                (bytes: e9ff4c0b00)
File 0x2291261 / VA 0x2292261: int3                                              (bytes: cc)
File 0x2291262 / VA 0x2292262: int3                                              (bytes: cc)
File 0x2291263 / VA 0x2292263: int3                                              (bytes: cc)
File 0x2291264 / VA 0x2292264: int3                                              (bytes: cc)
File 0x2291265 / VA 0x2292265: int3                                              (bytes: cc)
File 0x2291266 / VA 0x2292266: int3                                              (bytes: cc)
File 0x2291267 / VA 0x2292267: int3                                              (bytes: cc)
File 0x2291268 / VA 0x2292268: int3                                              (bytes: cc)
File 0x2291269 / VA 0x2292269: int3                                              (bytes: cc)
File 0x229126a / VA 0x229226a: int3                                              (bytes: cc)
File 0x229126b / VA 0x229226b: int3                                              (bytes: cc)
File 0x229126c / VA 0x229226c: int3                                              (bytes: cc)
File 0x229126d / VA 0x229226d: int3                                              (bytes: cc)
File 0x229126e / VA 0x229226e: int3                                              (bytes: cc)
File 0x229126f / VA 0x229226f: int3                                              (bytes: cc)
File 0x2291270 / VA 0x2292270: push     rbp                                      (bytes: 55)
File 0x2291271 / VA 0x2292271: push     r15                                      (bytes: 4157)
File 0x2291273 / VA 0x2292273: push     r14                                      (bytes: 4156)
File 0x2291275 / VA 0x2292275: push     r13                                      (bytes: 4155)
File 0x2291277 / VA 0x2292277: push     r12                                      (bytes: 4154)
File 0x2291279 / VA 0x2292279: push     rbx                                      (bytes: 53)
File 0x229127a / VA 0x229227a: sub      rsp, 0xa8                                (bytes: 4881eca8000000)
File 0x2291281 / VA 0x2292281: mov      r12, rsi                                 (bytes: 4989f4)
File 0x2291284 / VA 0x2292284: mov      r14, rdi                                 (bytes: 4989fe)
File 0x2291287 / VA 0x2292287: mov      rdi, qword ptr [rdi + 0x30]              (bytes: 488b7f30)
