File 0x2291070 / VA 0x2292070: push     r14                                      (bytes: 4156)
File 0x2291072 / VA 0x2292072: push     rbx                                      (bytes: 53)
File 0x2291073 / VA 0x2292073: push     rax                                      (bytes: 50)
File 0x2291074 / VA 0x2292074: mov      rbx, rsi                                 (bytes: 4889f3)
File 0x2291077 / VA 0x2292077: mov      r14, rdi                                 (bytes: 4989fe)
File 0x229107a / VA 0x229207a: mov      rax, qword ptr [rdi + 0x48]              (bytes: 488b4748)
File 0x229107e / VA 0x229207e: mov      rdi, qword ptr [rdi + 0x58]              (bytes: 488b7f58)
File 0x2291082 / VA 0x2292082: lea      rcx, [rax + 1]                           (bytes: 488d4801)
File 0x2291086 / VA 0x2292086: mov      qword ptr [r14 + 0x48], rcx              (bytes: 49894e48)
File 0x229108a / VA 0x229208a: movzx    esi, byte ptr [rax]                      (bytes: 0fb630)
File 0x229108d / VA 0x229208d: test     sil, sil                                 (bytes: 4084f6)
File 0x2291090 / VA 0x2292090: js       0x22910ea                                (bytes: 7858)
File 0x2291092 / VA 0x2292092: lea      rcx, [rax + 2]                           (bytes: 488d4802)
File 0x2291096 / VA 0x2292096: mov      qword ptr [r14 + 0x48], rcx              (bytes: 49894e48)
File 0x229109a / VA 0x229209a: movzx    edx, byte ptr [rax + 1]                  (bytes: 0fb65001)
File 0x229109e / VA 0x229209e: mov      ecx, edx                                 (bytes: 89d1)
File 0x22910a0 / VA 0x22920a0: shl      ecx, 7                                   (bytes: c1e107)
File 0x22910a3 / VA 0x22920a3: test     dl, dl                                   (bytes: 84d2)
File 0x22910a5 / VA 0x22920a5: js       0x22910f2                                (bytes: 784b)
File 0x22910a7 / VA 0x22920a7: or       ecx, esi                                 (bytes: 09f1)
File 0x22910a9 / VA 0x22920a9: lea      rdx, [rax + 3]                           (bytes: 488d5003)
File 0x22910ad / VA 0x22920ad: mov      qword ptr [r14 + 0x48], rdx              (bytes: 49895648)
File 0x22910b1 / VA 0x22920b1: movzx    edx, byte ptr [rax + 2]                  (bytes: 0fb65002)
File 0x22910b5 / VA 0x22920b5: mov      esi, edx                                 (bytes: 89d6)
File 0x22910b7 / VA 0x22920b7: shl      esi, 0xe                                 (bytes: c1e60e)
File 0x22910ba / VA 0x22920ba: test     dl, dl                                   (bytes: 84d2)
File 0x22910bc / VA 0x22920bc: js       0x22910fc                                (bytes: 783e)
File 0x22910be / VA 0x22920be: or       esi, ecx                                 (bytes: 09ce)
File 0x22910c0 / VA 0x22920c0: lea      rcx, [rax + 4]                           (bytes: 488d4804)
File 0x22910c4 / VA 0x22920c4: mov      qword ptr [r14 + 0x48], rcx              (bytes: 49894e48)
File 0x22910c8 / VA 0x22920c8: movzx    edx, byte ptr [rax + 3]                  (bytes: 0fb65003)
File 0x22910cc / VA 0x22920cc: mov      ecx, edx                                 (bytes: 89d1)
File 0x22910ce / VA 0x22920ce: shl      ecx, 0x15                                (bytes: c1e115)
File 0x22910d1 / VA 0x22920d1: test     dl, dl                                   (bytes: 84d2)
File 0x22910d3 / VA 0x22920d3: js       0x2291106                                (bytes: 7831)
File 0x22910d5 / VA 0x22920d5: lea      rdx, [rax + 5]                           (bytes: 488d5005)
File 0x22910d9 / VA 0x22920d9: mov      qword ptr [r14 + 0x48], rdx              (bytes: 49895648)
File 0x22910dd / VA 0x22920dd: movzx    eax, byte ptr [rax + 4]                  (bytes: 0fb64004)
File 0x22910e1 / VA 0x22920e1: shl      eax, 0x1c                                (bytes: c1e01c)
File 0x22910e4 / VA 0x22920e4: or       esi, eax                                 (bytes: 09c6)
File 0x22910e6 / VA 0x22920e6: or       esi, ecx                                 (bytes: 09ce)
File 0x22910e8 / VA 0x22920e8: jmp      0x229110e                                (bytes: eb24)
File 0x22910ea / VA 0x22920ea: add      esi, 0xffffff40                          (bytes: 81c640ffffff)
File 0x22910f0 / VA 0x22920f0: jmp      0x229110e                                (bytes: eb1c)
File 0x22910f2 / VA 0x22920f2: add      esi, ecx                                 (bytes: 01ce)
File 0x22910f4 / VA 0x22920f4: add      esi, 0xffffa000                          (bytes: 81c600a0ffff)
File 0x22910fa / VA 0x22920fa: jmp      0x229110e                                (bytes: eb12)
File 0x22910fc / VA 0x22920fc: add      esi, ecx                                 (bytes: 01ce)
File 0x22910fe / VA 0x22920fe: add      esi, 0xffd00000                          (bytes: 81c60000d0ff)
File 0x2291104 / VA 0x2292104: jmp      0x229110e                                (bytes: eb08)
File 0x2291106 / VA 0x2292106: add      esi, ecx                                 (bytes: 01ce)
File 0x2291108 / VA 0x2292108: add      esi, 0xe8000000                          (bytes: 81c6000000e8)
File 0x229110e / VA 0x229210e: call     0x22cee60                                (bytes: e84ddd0300)
File 0x2291113 / VA 0x2292113: mov      rsi, qword ptr [r14 + 0x48]              (bytes: 498b7648)
File 0x2291117 / VA 0x2292117: lea      rcx, [rsi + 1]                           (bytes: 488d4e01)
File 0x229111b / VA 0x229211b: mov      qword ptr [r14 + 0x48], rcx              (bytes: 49894e48)
File 0x229111f / VA 0x229211f: movzx    edx, byte ptr [rsi]                      (bytes: 0fb616)
File 0x2291122 / VA 0x2292122: test     dl, dl                                   (bytes: 84d2)
File 0x2291124 / VA 0x2292124: js       0x2291157                                (bytes: 7831)
File 0x2291126 / VA 0x2292126: add      rsi, 2                                   (bytes: 4883c602)
File 0x229112a / VA 0x229212a: xor      edi, edi                                 (bytes: 31ff)
File 0x229112c / VA 0x229212c: xor      ecx, ecx                                 (bytes: 31c9)
File 0x229112e / VA 0x229212e: nop                                               (bytes: 6690)
File 0x2291130 / VA 0x2292130: movzx    ecx, cl                                  (bytes: 0fb6c9)
File 0x2291133 / VA 0x2292133: shl      rdx, cl                                  (bytes: 48d3e2)
File 0x2291136 / VA 0x2292136: or       rdi, rdx                                 (bytes: 4809d7)
File 0x2291139 / VA 0x2292139: add      ecx, 7                                   (bytes: 83c107)
File 0x229113c / VA 0x229213c: mov      qword ptr [r14 + 0x48], rsi              (bytes: 49897648)
File 0x2291140 / VA 0x2292140: movzx    edx, byte ptr [rsi - 1]                  (bytes: 0fb656ff)
File 0x2291144 / VA 0x2292144: inc      rsi                                      (bytes: 48ffc6)
File 0x2291147 / VA 0x2292147: test     dl, dl                                   (bytes: 84d2)
File 0x2291149 / VA 0x2292149: jns      0x2291130                                (bytes: 79e5)
File 0x229114b / VA 0x229214b: add      rdx, -0x80                               (bytes: 4883c280)
File 0x229114f / VA 0x229214f: shl      rdx, cl                                  (bytes: 48d3e2)
File 0x2291152 / VA 0x2292152: or       rdx, rdi                                 (bytes: 4809fa)
File 0x2291155 / VA 0x2292155: jmp      0x229115b                                (bytes: eb04)
File 0x2291157 / VA 0x2292157: add      rdx, -0x80                               (bytes: 4883c280)
File 0x229115b / VA 0x229215b: mov      qword ptr [rbx + 0x2f], rax              (bytes: 4889432f)
File 0x229115f / VA 0x229215f: mov      dword ptr [rbx + 0xab], edx              (bytes: 8993ab000000)
File 0x2291165 / VA 0x2292165: mov      rax, qword ptr [r14 + 0x48]              (bytes: 498b4648)
File 0x2291169 / VA 0x2292169: lea      rcx, [rax + 1]                           (bytes: 488d4801)
File 0x229116d / VA 0x229216d: mov      qword ptr [r14 + 0x48], rcx              (bytes: 49894e48)
File 0x2291171 / VA 0x2292171: movzx    esi, byte ptr [rax]                      (bytes: 0fb630)
File 0x2291174 / VA 0x2292174: test     sil, sil                                 (bytes: 4084f6)
File 0x2291177 / VA 0x2292177: js       0x22911d1                                (bytes: 7858)
File 0x2291179 / VA 0x2292179: lea      rcx, [rax + 2]                           (bytes: 488d4802)
File 0x229117d / VA 0x229217d: mov      qword ptr [r14 + 0x48], rcx              (bytes: 49894e48)
File 0x2291181 / VA 0x2292181: movzx    edx, byte ptr [rax + 1]                  (bytes: 0fb65001)
File 0x2291185 / VA 0x2292185: mov      ecx, edx                                 (bytes: 89d1)
File 0x2291187 / VA 0x2292187: shl      ecx, 7                                   (bytes: c1e107)
File 0x229118a / VA 0x229218a: test     dl, dl                                   (bytes: 84d2)
File 0x229118c / VA 0x229218c: js       0x22911d9                                (bytes: 784b)
File 0x229118e / VA 0x229218e: or       ecx, esi                                 (bytes: 09f1)
File 0x2291190 / VA 0x2292190: lea      rdx, [rax + 3]                           (bytes: 488d5003)
File 0x2291194 / VA 0x2292194: mov      qword ptr [r14 + 0x48], rdx              (bytes: 49895648)
File 0x2291198 / VA 0x2292198: movzx    edx, byte ptr [rax + 2]                  (bytes: 0fb65002)
File 0x229119c / VA 0x229219c: mov      esi, edx                                 (bytes: 89d6)
File 0x229119e / VA 0x229219e: shl      esi, 0xe                                 (bytes: c1e60e)
File 0x22911a1 / VA 0x22921a1: test     dl, dl                                   (bytes: 84d2)
File 0x22911a3 / VA 0x22921a3: js       0x22911e3                                (bytes: 783e)
File 0x22911a5 / VA 0x22921a5: or       esi, ecx                                 (bytes: 09ce)
File 0x22911a7 / VA 0x22921a7: lea      rcx, [rax + 4]                           (bytes: 488d4804)
File 0x22911ab / VA 0x22921ab: mov      qword ptr [r14 + 0x48], rcx              (bytes: 49894e48)
File 0x22911af / VA 0x22921af: movzx    edx, byte ptr [rax + 3]                  (bytes: 0fb65003)
File 0x22911b3 / VA 0x22921b3: mov      ecx, edx                                 (bytes: 89d1)
File 0x22911b5 / VA 0x22921b5: shl      ecx, 0x15                                (bytes: c1e115)
File 0x22911b8 / VA 0x22921b8: test     dl, dl                                   (bytes: 84d2)
File 0x22911ba / VA 0x22921ba: js       0x22911ed                                (bytes: 7831)
File 0x22911bc / VA 0x22921bc: lea      rdx, [rax + 5]                           (bytes: 488d5005)
File 0x22911c0 / VA 0x22921c0: mov      qword ptr [r14 + 0x48], rdx              (bytes: 49895648)
File 0x22911c4 / VA 0x22921c4: movzx    eax, byte ptr [rax + 4]                  (bytes: 0fb64004)
File 0x22911c8 / VA 0x22921c8: shl      eax, 0x1c                                (bytes: c1e01c)
File 0x22911cb / VA 0x22921cb: or       esi, eax                                 (bytes: 09c6)
